###############################################################################
#
# IAR ELF Linker V8.22.1.15669/W32 for ARM                09/Mar/2019  13:29:23
# Copyright 2007-2018 IAR Systems AB.
#
#    Output file  =  
#        E:\folder\机器人队\Cube\Driver\EWARM\Driver\Exe\Driver.out
#    Map file     =  
#        E:\folder\机器人队\Cube\Driver\EWARM\Driver\List\Driver.map
#    Command line =  
#        -f C:\Users\MyPC\AppData\Local\Temp\EW93F4.tmp
#        (E:\folder\机器人队\Cube\Driver\EWARM\Driver\Obj\adc.o
#        E:\folder\机器人队\Cube\Driver\EWARM\Driver\Obj\as5047p.o
#        E:\folder\机器人队\Cube\Driver\EWARM\Driver\Obj\board.o
#        E:\folder\机器人队\Cube\Driver\EWARM\Driver\Obj\can.o
#        E:\folder\机器人队\Cube\Driver\EWARM\Driver\Obj\can_func.o
#        E:\folder\机器人队\Cube\Driver\EWARM\Driver\Obj\cmd.o
#        E:\folder\机器人队\Cube\Driver\EWARM\Driver\Obj\cmd_func.o
#        E:\folder\机器人队\Cube\Driver\EWARM\Driver\Obj\encoder.o
#        E:\folder\机器人队\Cube\Driver\EWARM\Driver\Obj\flash.o
#        E:\folder\机器人队\Cube\Driver\EWARM\Driver\Obj\gpio.o
#        E:\folder\机器人队\Cube\Driver\EWARM\Driver\Obj\main.o
#        E:\folder\机器人队\Cube\Driver\EWARM\Driver\Obj\motor.o
#        E:\folder\机器人队\Cube\Driver\EWARM\Driver\Obj\spi.o
#        E:\folder\机器人队\Cube\Driver\EWARM\Driver\Obj\startup_stm32f103xe.o
#        E:\folder\机器人队\Cube\Driver\EWARM\Driver\Obj\stm32f1xx_hal.o
#        E:\folder\机器人队\Cube\Driver\EWARM\Driver\Obj\stm32f1xx_hal_adc.o
#        E:\folder\机器人队\Cube\Driver\EWARM\Driver\Obj\stm32f1xx_hal_adc_ex.o
#        E:\folder\机器人队\Cube\Driver\EWARM\Driver\Obj\stm32f1xx_hal_can.o
#        E:\folder\机器人队\Cube\Driver\EWARM\Driver\Obj\stm32f1xx_hal_cortex.o
#        E:\folder\机器人队\Cube\Driver\EWARM\Driver\Obj\stm32f1xx_hal_dma.o
#        E:\folder\机器人队\Cube\Driver\EWARM\Driver\Obj\stm32f1xx_hal_flash.o
#        E:\folder\机器人队\Cube\Driver\EWARM\Driver\Obj\stm32f1xx_hal_flash_ex.o
#        E:\folder\机器人队\Cube\Driver\EWARM\Driver\Obj\stm32f1xx_hal_gpio.o
#        E:\folder\机器人队\Cube\Driver\EWARM\Driver\Obj\stm32f1xx_hal_gpio_ex.o
#        E:\folder\机器人队\Cube\Driver\EWARM\Driver\Obj\stm32f1xx_hal_msp.o
#        E:\folder\机器人队\Cube\Driver\EWARM\Driver\Obj\stm32f1xx_hal_pwr.o
#        E:\folder\机器人队\Cube\Driver\EWARM\Driver\Obj\stm32f1xx_hal_rcc.o
#        E:\folder\机器人队\Cube\Driver\EWARM\Driver\Obj\stm32f1xx_hal_rcc_ex.o
#        E:\folder\机器人队\Cube\Driver\EWARM\Driver\Obj\stm32f1xx_hal_spi.o
#        E:\folder\机器人队\Cube\Driver\EWARM\Driver\Obj\stm32f1xx_hal_spi_ex.o
#        E:\folder\机器人队\Cube\Driver\EWARM\Driver\Obj\stm32f1xx_hal_tim.o
#        E:\folder\机器人队\Cube\Driver\EWARM\Driver\Obj\stm32f1xx_hal_tim_ex.o
#        E:\folder\机器人队\Cube\Driver\EWARM\Driver\Obj\stm32f1xx_hal_uart.o
#        E:\folder\机器人队\Cube\Driver\EWARM\Driver\Obj\stm32f1xx_it.o
#        E:\folder\机器人队\Cube\Driver\EWARM\Driver\Obj\system_stm32f1xx.o
#        E:\folder\机器人队\Cube\Driver\EWARM\Driver\Obj\tim.o
#        E:\folder\机器人队\Cube\Driver\EWARM\Driver\Obj\usart.o
#        E:\folder\机器人队\Cube\Driver\EWARM\Driver\Obj\utils.o --redirect
#        _Printf=_PrintfFull --redirect _Scanf=_ScanfFull -o
#        E:\folder\机器人队\Cube\Driver\EWARM\Driver\Exe\Driver.out --map
#        E:\folder\机器人队\Cube\Driver\EWARM\Driver\List\Driver.map
#        --config
#        E:\folder\机器人队\Cube\Driver\EWARM/stm32f103xe_flash.icf
#        --semihosting --entry __iar_program_start --vfe --text_out locale)
#
###############################################################################

*******************************************************************************
*** RUNTIME MODEL ATTRIBUTES
***

CppFlavor       = *
__Heap_Handler  = NoFree
__SystemLibrary = DLib
__dlib_version  = 6


*******************************************************************************
*** HEAP SELECTION
***

The no free heap was selected because no calls to memory
deallocation functions were found in the application.


*******************************************************************************
*** PLACEMENT SUMMARY
***

"A0":  place at 0x08000000 { ro section .intvec };
"P1":  place in [from 0x08000000 to 0x0807ffff] { ro };
define block CSTACK with size = 1K, alignment = 8 { };
define block HEAP with size = 512, alignment = 8 { };
"P2":  place in [from 0x20000000 to 0x2000ffff] {
          rw, block CSTACK, block HEAP };
initialize by copy { rw };

  Section            Kind        Address    Size  Object
  -------            ----        -------    ----  ------
"A0":                                      0x130
  .intvec            ro code  0x08000000   0x130  startup_stm32f103xe.o [1]
                            - 0x08000130   0x130

"P1":                                     0xa2ca
  .text              ro code  0x08000130   0xf96  xprintffull.o [3]
  .text              ro code  0x080010c6    0x7a  lz77_init_single.o [5]
  .text              ro code  0x08001140    0xb0  xlocale_c.o [3]
  .text              ro code  0x080011f0    0x16  strchr.o [5]
  .text              ro code  0x08001206    0x1e  xencoding_8859_1.o [3]
  .text              ro code  0x08001224    0x40  xfail_s.o [3]
  .text              ro code  0x08001264    0x36  strlen.o [5]
  .text              ro code  0x0800129a    0x1a  xsnprout.o [3]
  .text              ro code  0x080012b4    0x58  memchr.o [5]
  .text              ro code  0x0800130c     0xa  xmbcurmax.o [3]
  .rodata            const    0x08001316     0x2  cmd_func.o [1]
  .text              ro code  0x08001318    0xa6  ABImemcpy.o [5]
  .rodata            const    0x080013be     0x2  cmd_func.o [1]
  .text              ro code  0x080013c0   0x22e  I64DivMod.o [5]
  .rodata            const    0x080015ee     0x2  cmd_func.o [1]
  .text              ro code  0x080015f0   0x1a2  DblMul.o [4]
  .rodata            const    0x08001792     0x2  stm32f1xx_hal_rcc.o [1]
  .text              ro code  0x08001794    0x70  frexp.o [4]
  .text              ro code  0x08001804    0x2e  DblCmpLe.o [4]
  .rodata            const    0x08001832     0x2  stm32f1xx_hal_rcc_ex.o [1]
  .text              ro code  0x08001834    0x2e  DblCmpGe.o [4]
  .text              ro code  0x08001864   0x13a  ldexp.o [4]
  .text              ro code  0x080019a0    0x3a  DblToS32.o [4]
  .text              ro code  0x080019dc    0x22  S32ToDbl.o [4]
  .text              ro code  0x08001a00    0xe2  DblSub.o [4]
  .text              ro code  0x08001ae4   0x246  DblDiv.o [4]
  .text              ro code  0x08001d2c    0x28  DblToU32.o [4]
  .text              ro code  0x08001d54    0x1a  U32ToDbl.o [4]
  .text              ro code  0x08001d6e     0x6  abort.o [3]
  .text              ro code  0x08001d74     0x2  I64DivZer.o [5]
  .text              ro code  0x08001d78   0x178  DblAdd.o [4]
  .text              ro code  0x08001ef0    0x14  exit.o [6]
  .text              ro code  0x08001f04   0xde0  cmd_func.o [1]
  .text              ro code  0x08002ce4   0x274  usart.o [1]
  .text              ro code  0x08002f58   0x174  iar_Stoulx.o [3]
  .text              ro code  0x080030cc    0x24  S32ToFlt.o [4]
  .text              ro code  0x080030f0   0x130  flash.o [1]
  .text              ro code  0x08003220    0x1c  U32ToFlt.o [4]
  .rodata            const    0x0800323c    0x54  cmd.o [1]
  .text              ro code  0x08003290   0x468  strto64.o [4]
  .text              ro code  0x080036f8    0x68  DblToFlt.o [4]
  .text              ro code  0x08003760   0x178  motor.o [1]
  .text              ro code  0x080038d8    0x48  FltToDbl.o [4]
  .text              ro code  0x08003920   0x1a8  cmd.o [1]
  .text              ro code  0x08003ac8   0x2ec  stm32f1xx_hal_gpio.o [1]
  .text              ro code  0x08003db4   0x44c  board.o [1]
  .text              ro code  0x08004200    0x28  stm32f1xx_hal.o [1]
  .text              ro code  0x08004228   0x1fc  as5047p.o [1]
  .text              ro code  0x08004424   0x6e8  stm32f1xx_hal_uart.o [1]
  .text              ro code  0x08004b0c   0x37a  main.o [1]
  .text              ro code  0x08004e88    0x3c  vsnprint.o [3]
  .text              ro code  0x08004ec4    0x14  isspace.o [3]
  .text              ro code  0x08004ed8    0x14  tolower.o [3]
  .text              ro code  0x08004eec   0x1f0  stm32f1xx_hal_flash.o [1]
  .text              ro code  0x080050dc   0x118  stm32f1xx_hal_flash_ex.o [1]
  .text              ro code  0x080051f4    0x2a  FltToS32.o [4]
  .text              ro code  0x0800521e   0x122  iar_Stopfx.o [3]
  .text              ro code  0x08005340   0x1c8  iar_Stoflt.o [3]
  .text              ro code  0x08005508   0x21c  iar_Stoxflt.o [3]
  .text              ro code  0x08005724    0x24  FltCmpGe.o [4]
  .text              ro code  0x08005748   0x178  utils.o [1]
  .text              ro code  0x080058c0    0x44  no_free_heap0.o [3]
  .text              ro code  0x08005904    0x4a  strcmp.o [5]
  .text              ro code  0x08005950    0x66  ABImemset.o [5]
  .text              ro code  0x080059b8   0x1f0  gpio.o [1]
  .text              ro code  0x08005ba8    0x24  FltCmpLe.o [4]
  .text              ro code  0x08005bcc    0xd8  FltMul.o [4]
  .text              ro code  0x08005ca4    0xfc  FltDiv.o [4]
  .text              ro code  0x08005da0     0xc  stm32f1xx_hal.o [1]
  .text              ro code  0x08005dac   0x61c  stm32f1xx_hal_spi.o [1]
  .text              ro code  0x080063c8   0x1f8  stm32f1xx_hal_dma.o [1]
  .text              ro code  0x080065c0     0x2  stm32f1xx_hal_uart.o [1]
  .text              ro code  0x080065c4   0x6f0  stm32f1xx_hal_rcc.o [1]
  .text              ro code  0x08006cb4    0x28  stm32f1xx_hal.o [1]
  .text              ro code  0x08006cdc   0x254  can.o [1]
  .text              ro code  0x08006f30    0xd0  spi.o [1]
  .text              ro code  0x08007000   0x310  tim.o [1]
  .text              ro code  0x08007310   0x24c  adc.o [1]
  .text              ro code  0x0800755c    0xf0  stm32f1xx_hal_adc_ex.o [1]
  .text              ro code  0x0800764c   0x260  stm32f1xx_hal_rcc_ex.o [1]
  .text              ro code  0x080078ac   0x174  stm32f1xx_hal_cortex.o [1]
  .text              ro code  0x08007a20    0xf0  encoder.o [1]
  .text              ro code  0x08007b10    0x1c  FltCmpEq.o [4]
  .text              ro code  0x08007b2c    0x1e  U64Shr.o [5]
  .text              ro code  0x08007b4a    0x14  isalpha.o [3]
  .text              ro code  0x08007b60    0x80  FltSub.o [4]
  .text              ro code  0x08007be0    0xe2  FltAdd.o [4]
  .text              ro code  0x08007cc4    0x2c  xgetmemchunk.o [3]
  .text              ro code  0x08007cf0    0x4c  stm32f1xx_hal.o [1]
  .text              ro code  0x08007d3c    0xac  stm32f1xx_hal_msp.o [1]
  .text              ro code  0x08007de8   0x91a  stm32f1xx_hal_can.o [1]
  .text              ro code  0x08008704    0x24  ABIassert.o [6]
  .text              ro code  0x08008728    0x8a  stm32f1xx_hal_spi_ex.o [1]
  .text              ro code  0x080087b4   0x560  stm32f1xx_hal_tim.o [1]
  .text              ro code  0x08008d14    0x5c  stm32f1xx_hal_tim_ex.o [1]
  .text              ro code  0x08008d70   0x644  stm32f1xx_hal_adc.o [1]
  .text              ro code  0x080093b4     0x2  stm32f1xx_hal_can.o [1]
  .text              ro code  0x080093b8    0x68  system_stm32f1xx.o [1]
  .text              ro code  0x08009420    0x58  stm32f1xx_it.o [1]
  .text              ro code  0x08009478    0x18  stm32f1xx_hal.o [1]
  .rodata            const    0x08009490    0x44  cmd_func.o [1]
  .text              ro code  0x080094d4    0x40  zero_init3.o [5]
  .text              ro code  0x08009514    0x3c  can_func.o [1]
  .rodata            const    0x08009550    0x34  board.o [1]
  .rodata            const    0x08009584    0x30  adc.o [1]
  .rodata            const    0x080095b4    0x30  can.o [1]
  .rodata            const    0x080095e4    0x30  cmd_func.o [1]
  .rodata            const    0x08009614    0x30  main.o [1]
  .rodata            const    0x08009644    0x30  spi.o [1]
  .rodata            const    0x08009674    0x30  tim.o [1]
  .rodata            const    0x080096a4    0x30  usart.o [1]
  .rodata            const    0x080096d4    0x28  cmd_func.o [1]
  .rodata            const    0x080096fc    0x28  cmd_func.o [1]
  .rodata            const    0x08009724    0x28  cmd_func.o [1]
  .rodata            const    0x0800974c    0x28  cmd_func.o [1]
  .text              ro code  0x08009774    0x28  data_init.o [5]
  .rodata            const    0x0800979c    0x24  cmd_func.o [1]
  .rodata            const    0x080097c0    0x24  cmd_func.o [1]
  .rodata            const    0x080097e4    0x24  cmd_func.o [1]
  .rodata            const    0x08009808    0x24  main.o [1]
  .iar.init_table    const    0x0800982c    0x20  - Linker created -
  .rodata            const    0x0800984c    0x20  cmd_func.o [1]
  .rodata            const    0x0800986c    0x20  cmd_func.o [1]
  .rodata            const    0x0800988c    0x20  cmd_func.o [1]
  .rodata            const    0x080098ac    0x20  cmd_func.o [1]
  .rodata            const    0x080098cc    0x20  cmd_func.o [1]
  .rodata            const    0x080098ec    0x20  cmd_func.o [1]
  .rodata            const    0x0800990c    0x20  cmd_func.o [1]
  .rodata            const    0x0800992c    0x20  cmd_func.o [1]
  .rodata            const    0x0800994c    0x20  cmd_func.o [1]
  .rodata            const    0x0800996c    0x20  cmd_func.o [1]
  .text              ro code  0x0800998c    0x1e  cmain.o [5]
  .text              ro code  0x080099aa     0x4  low_level_init.o [3]
  .text              ro code  0x080099ae     0x4  exit.o [3]
  .text              ro code  0x080099b4     0xa  cexit.o [5]
  .rodata            const    0x080099c0    0x1c  cmd.o [1]
  .rodata            const    0x080099dc    0x1c  cmd_func.o [1]
  .rodata            const    0x080099f8    0x1c  cmd_func.o [1]
  .rodata            const    0x08009a14    0x1c  cmd_func.o [1]
  .rodata            const    0x08009a30    0x1c  cmd_func.o [1]
  .rodata            const    0x08009a4c    0x1c  cmd_func.o [1]
  .rodata            const    0x08009a68    0x1c  cmd_func.o [1]
  .rodata            const    0x08009a84    0x1c  cmd_func.o [1]
  .rodata            const    0x08009aa0    0x18  board.o [1]
  .rodata            const    0x08009ab8    0x18  cmd_func.o [1]
  .rodata            const    0x08009ad0    0x18  cmd_func.o [1]
  .rodata            const    0x08009ae8    0x18  cmd_func.o [1]
  .rodata            const    0x08009b00    0x18  cmd_func.o [1]
  .rodata            const    0x08009b18    0x18  cmd_func.o [1]
  .rodata            const    0x08009b30    0x18  cmd_func.o [1]
  .rodata            const    0x08009b48    0x18  cmd_func.o [1]
  .rodata            const    0x08009b60    0x18  cmd_func.o [1]
  .rodata            const    0x08009b78    0x18  cmd_func.o [1]
  .rodata            const    0x08009b90    0x18  cmd_func.o [1]
  .rodata            const    0x08009ba8    0x18  cmd_func.o [1]
  .rodata            const    0x08009bc0    0x18  flash.o [1]
  .rodata            const    0x08009bd8    0x18  main.o [1]
  .rodata            const    0x08009bf0    0x14  adc.o [1]
  .rodata            const    0x08009c04    0x14  board.o [1]
  .rodata            const    0x08009c18    0x14  can.o [1]
  .rodata            const    0x08009c2c    0x14  cmd_func.o [1]
  .rodata            const    0x08009c40    0x14  cmd_func.o [1]
  .rodata            const    0x08009c54    0x14  cmd_func.o [1]
  .rodata            const    0x08009c68    0x14  cmd_func.o [1]
  .rodata            const    0x08009c7c    0x14  cmd_func.o [1]
  .rodata            const    0x08009c90    0x14  cmd_func.o [1]
  .rodata            const    0x08009ca4    0x14  cmd_func.o [1]
  .rodata            const    0x08009cb8    0x14  cmd_func.o [1]
  .rodata            const    0x08009ccc    0x14  cmd_func.o [1]
  .rodata            const    0x08009ce0    0x14  cmd_func.o [1]
  .rodata            const    0x08009cf4    0x14  cmd_func.o [1]
  .rodata            const    0x08009d08    0x14  cmd_func.o [1]
  .rodata            const    0x08009d1c    0x14  cmd_func.o [1]
  .rodata            const    0x08009d30    0x14  cmd_func.o [1]
  .rodata            const    0x08009d44    0x14  cmd_func.o [1]
  .rodata            const    0x08009d58    0x14  cmd_func.o [1]
  .rodata            const    0x08009d6c    0x14  cmd_func.o [1]
  .rodata            const    0x08009d80    0x14  flash.o [1]
  .rodata            const    0x08009d94    0x14  flash.o [1]
  .rodata            const    0x08009da8    0x14  gpio.o [1]
  .rodata            const    0x08009dbc    0x14  gpio.o [1]
  .rodata            const    0x08009dd0    0x14  usart.o [1]
  .rodata            const    0x08009de4    0x10  board.o [1]
  .rodata            const    0x08009df4    0x10  can_func.o [1]
  .rodata            const    0x08009e04    0x10  cmd.o [1]
  .rodata            const    0x08009e14    0x10  cmd_func.o [1]
  .rodata            const    0x08009e24    0x10  cmd_func.o [1]
  .rodata            const    0x08009e34    0x10  cmd_func.o [1]
  .rodata            const    0x08009e44    0x10  cmd_func.o [1]
  .rodata            const    0x08009e54    0x10  cmd_func.o [1]
  .rodata            const    0x08009e64    0x10  cmd_func.o [1]
  .rodata            const    0x08009e74    0x10  cmd_func.o [1]
  .rodata            const    0x08009e84    0x10  cmd_func.o [1]
  .rodata            const    0x08009e94    0x10  cmd_func.o [1]
  .rodata            const    0x08009ea4    0x10  cmd_func.o [1]
  .rodata            const    0x08009eb4    0x10  cmd_func.o [1]
  .rodata            const    0x08009ec4    0x10  cmd_func.o [1]
  .rodata            const    0x08009ed4    0x10  cmd_func.o [1]
  .rodata            const    0x08009ee4    0x10  cmd_func.o [1]
  .rodata            const    0x08009ef4    0x10  cmd_func.o [1]
  .rodata            const    0x08009f04    0x10  cmd_func.o [1]
  .rodata            const    0x08009f14    0x10  stm32f1xx_hal_rcc.o [1]
  .rodata            const    0x08009f24    0x10  stm32f1xx_hal_rcc_ex.o [1]
  .rodata            const    0x08009f34    0x10  system_stm32f1xx.o [1]
  .rodata            const    0x08009f44    0x10  usart.o [1]
  .rodata            const    0x08009f54    0x10  usart.o [1]
  .text              ro code  0x08009f64    0x10  startup_stm32f103xe.o [1]
  .rodata            const    0x08009f74     0xc  can_func.o [1]
  .rodata            const    0x08009f80     0xc  cmd.o [1]
  .rodata            const    0x08009f8c     0xc  flash.o [1]
  .rodata            const    0x08009f98     0xc  main.o [1]
  .text              ro code  0x08009fa4     0xc  cstartup_M.o [5]
  .rodata            const    0x08009fb0     0x8  can.o [1]
  .rodata            const    0x08009fb8     0x8  cmd_func.o [1]
  .rodata            const    0x08009fc0     0x8  cmd_func.o [1]
  .rodata            const    0x08009fc8     0x8  cmd_func.o [1]
  .rodata            const    0x08009fd0     0x8  cmd_func.o [1]
  .rodata            const    0x08009fd8     0x8  system_stm32f1xx.o [1]
  .rodata            const    0x08009fe0     0x6  xlocale_c.o [3]
  .text              ro code  0x08009fe6     0x4  startup_stm32f103xe.o [1]
  .text              ro code  0x08009fea     0x4  startup_stm32f103xe.o [1]
  .text              ro code  0x08009fee     0x4  startup_stm32f103xe.o [1]
  .text              ro code  0x08009ff2     0x4  startup_stm32f103xe.o [1]
  .text              ro code  0x08009ff6     0x4  startup_stm32f103xe.o [1]
  .text              ro code  0x08009ffa     0x4  startup_stm32f103xe.o [1]
  .text              ro code  0x08009ffe     0x4  startup_stm32f103xe.o [1]
  .text              ro code  0x0800a002     0x4  startup_stm32f103xe.o [1]
  .text              ro code  0x0800a006     0x4  startup_stm32f103xe.o [1]
  .text              ro code  0x0800a00a     0x4  startup_stm32f103xe.o [1]
  .text              ro code  0x0800a00e     0x4  startup_stm32f103xe.o [1]
  .text              ro code  0x0800a012     0x4  startup_stm32f103xe.o [1]
  .text              ro code  0x0800a016     0x4  startup_stm32f103xe.o [1]
  .text              ro code  0x0800a01a     0x4  startup_stm32f103xe.o [1]
  .text              ro code  0x0800a01e     0x4  startup_stm32f103xe.o [1]
  .text              ro code  0x0800a022     0x4  startup_stm32f103xe.o [1]
  .text              ro code  0x0800a026     0x4  startup_stm32f103xe.o [1]
  .text              ro code  0x0800a02a     0x4  startup_stm32f103xe.o [1]
  .text              ro code  0x0800a02e     0x4  startup_stm32f103xe.o [1]
  .text              ro code  0x0800a032     0x4  startup_stm32f103xe.o [1]
  .text              ro code  0x0800a036     0x4  startup_stm32f103xe.o [1]
  .text              ro code  0x0800a03a     0x4  startup_stm32f103xe.o [1]
  .text              ro code  0x0800a03e     0x4  startup_stm32f103xe.o [1]
  .text              ro code  0x0800a042     0x4  startup_stm32f103xe.o [1]
  .text              ro code  0x0800a046     0x4  startup_stm32f103xe.o [1]
  .text              ro code  0x0800a04a     0x4  startup_stm32f103xe.o [1]
  .text              ro code  0x0800a04e     0x4  startup_stm32f103xe.o [1]
  .text              ro code  0x0800a052     0x4  startup_stm32f103xe.o [1]
  .text              ro code  0x0800a056     0x4  startup_stm32f103xe.o [1]
  .text              ro code  0x0800a05a     0x4  startup_stm32f103xe.o [1]
  .text              ro code  0x0800a05e     0x4  startup_stm32f103xe.o [1]
  .text              ro code  0x0800a062     0x4  startup_stm32f103xe.o [1]
  .text              ro code  0x0800a066     0x4  startup_stm32f103xe.o [1]
  .text              ro code  0x0800a06a     0x4  startup_stm32f103xe.o [1]
  .text              ro code  0x0800a06e     0x4  startup_stm32f103xe.o [1]
  .text              ro code  0x0800a072     0x4  startup_stm32f103xe.o [1]
  .text              ro code  0x0800a076     0x4  startup_stm32f103xe.o [1]
  .text              ro code  0x0800a07a     0x4  startup_stm32f103xe.o [1]
  .text              ro code  0x0800a07e     0x4  startup_stm32f103xe.o [1]
  .text              ro code  0x0800a082     0x4  startup_stm32f103xe.o [1]
  .text              ro code  0x0800a086     0x4  startup_stm32f103xe.o [1]
  .text              ro code  0x0800a08a     0x4  startup_stm32f103xe.o [1]
  .text              ro code  0x0800a08e     0x4  startup_stm32f103xe.o [1]
  .text              ro code  0x0800a092     0x4  startup_stm32f103xe.o [1]
  .text              ro code  0x0800a096     0x4  startup_stm32f103xe.o [1]
  .text              ro code  0x0800a09a     0x4  startup_stm32f103xe.o [1]
  .text              ro code  0x0800a09e     0x4  startup_stm32f103xe.o [1]
  .text              ro code  0x0800a0a2     0x4  startup_stm32f103xe.o [1]
  .text              ro code  0x0800a0a6     0x4  startup_stm32f103xe.o [1]
  .text              ro code  0x0800a0aa     0x4  startup_stm32f103xe.o [1]
  .text              ro code  0x0800a0ae     0x4  startup_stm32f103xe.o [1]
  .text              ro code  0x0800a0b2     0x4  startup_stm32f103xe.o [1]
  .text              ro code  0x0800a0b6     0x4  startup_stm32f103xe.o [1]
  .text              ro code  0x0800a0ba     0x4  startup_stm32f103xe.o [1]
  .text              ro code  0x0800a0be     0x4  startup_stm32f103xe.o [1]
  .rodata            const    0x0800a0c2     0x0  zero_init3.o [5]
  .rodata            const    0x0800a0c2     0x0  lz77_init_single.o [5]
  Initializer bytes  const    0x0800a0c2   0x338  <for P2-1>
                            - 0x0800a3fa  0xa2ca

"P2", part 1 of 3:                         0xb72
  P2-1                        0x20000000   0xb72  <Init block>
    .data            inited   0x20000000     0x8  board.o [1]
    .data            inited   0x20000008     0x8  board.o [1]
    .data            inited   0x20000010     0x8  board.o [1]
    .data            inited   0x20000018     0x8  board.o [1]
    .data            inited   0x20000020     0x8  board.o [1]
    .data            inited   0x20000028     0x8  board.o [1]
    .data            inited   0x20000030    0x18  board.o [1]
    .data            inited   0x20000048    0x18  board.o [1]
    .data            inited   0x20000060     0x4  board.o [1]
    .data            inited   0x20000064     0x8  board.o [1]
    .data            inited   0x2000006c   0x9a0  cmd.o [1]
    .data            inited   0x20000a0c    0x50  cmd_func.o [1]
    .data            inited   0x20000a5c    0x10  motor.o [1]
    .data            inited   0x20000a6c     0x4  stm32f1xx_hal.o [1]
    .data            inited   0x20000a70     0x4  system_stm32f1xx.o [1]
    .data            inited   0x20000a74    0x20  utils.o [1]
    .data            inited   0x20000a94    0x20  utils.o [1]
    .data            inited   0x20000ab4    0x20  utils.o [1]
    .data            inited   0x20000ad4    0x18  utils.o [1]
    .data            inited   0x20000aec    0x38  xlocale_c.o [3]
    .data            inited   0x20000b24    0x48  xlocale_c.o [3]
    .data            inited   0x20000b6c     0x2  board.o [1]
    .data            inited   0x20000b6e     0x1  board.o [1]
    .data            inited   0x20000b6f     0x1  board.o [1]
    .data            inited   0x20000b70     0x1  stm32f1xx_hal.o [1]
    .data            inited   0x20000b71     0x1  utils.o [1]
                            - 0x20000b72   0xb72

"P2", part 2 of 3:                         0x668
  .bss               zero     0x20000b74   0x190  can.o [1]
  .bss               zero     0x20000d04    0xc8  usart.o [1]
  .bss               zero     0x20000dcc    0x68  usart.o [1]
  .bss               zero     0x20000e34    0x58  spi.o [1]
  .bss               zero     0x20000e8c    0x44  can.o [1]
  .bss               zero     0x20000ed0    0x40  tim.o [1]
  .bss               zero     0x20000f10    0x40  tim.o [1]
  .bss               zero     0x20000f50    0x40  tim.o [1]
  .bss               zero     0x20000f90    0x40  tim.o [1]
  .bss               zero     0x20000fd0    0x40  usart.o [1]
  .bss               zero     0x20001010    0x34  flash.o [1]
  .bss               zero     0x20001044    0x30  adc.o [1]
  .bss               zero     0x20001074    0x30  cmd.o [1]
  .bss               zero     0x200010a4    0x28  can.o [1]
  .bss               zero     0x200010cc    0x24  can.o [1]
  .bss               zero     0x200010f0    0x1c  board.o [1]
  .bss               zero     0x20001110    0x20  stm32f1xx_hal_flash.o [1]
  .bss               zero     0x20001130    0x1c  board.o [1]
  .bss               zero     0x2000114c    0x1c  can.o [1]
  .bss               zero     0x20001168     0x8  can_func.o [1]
  .bss               zero     0x20001170     0x4  adc.o [1]
  .bss               zero     0x20001174     0x4  board.o [1]
  .bss               zero     0x20001178     0x4  board.o [1]
  .bss               zero     0x2000117c     0x4  board.o [1]
  .bss               zero     0x20001180     0x4  board.o [1]
  .bss               zero     0x20001184     0x4  board.o [1]
  .bss               zero     0x20001188     0x4  board.o [1]
  .bss               zero     0x2000118c     0x4  can.o [1]
  .bss               zero     0x20001190     0x4  main.o [1]
  .bss               zero     0x20001194     0x4  main.o [1]
  .bss               zero     0x20001198     0x4  stm32f1xx_hal.o [1]
  .bss               zero     0x2000119c     0x4  utils.o [1]
  .bss               zero     0x200011a0     0x4  utils.o [1]
  .bss               zero     0x200011a4     0x4  utils.o [1]
  .bss               zero     0x200011a8     0x4  utils.o [1]
  .bss               zero     0x200011ac     0x4  utils.o [1]
  .bss               zero     0x200011b0     0x4  utils.o [1]
  .bss               zero     0x200011b4     0x4  utils.o [1]
  .bss               zero     0x200011b8     0x4  utils.o [1]
  .bss               zero     0x200011bc     0x4  utils.o [1]
  .bss               zero     0x200011c0     0x4  utils.o [1]
  .bss               zero     0x200011c4     0x4  xfail_s.o [3]
  .bss               zero     0x200011c8     0x4  no_free_heap0.o [3]
  .bss               zero     0x200011cc     0x4  xgetmemchunk.o [3]
  .bss               zero     0x200011d0     0x2  board.o [1]
  .bss               zero     0x200011d2     0x2  usart.o [1]
  .bss               zero     0x200011d4     0x1  board.o [1]
  .bss               zero     0x200011d5     0x1  board.o [1]
  .bss               zero     0x200011d6     0x1  encoder.o [1]
  .bss               zero     0x200011d7     0x1  usart.o [1]
  .bss               zero     0x200011d8     0x1  utils.o [1]
                            - 0x200011d9   0x665

"P2", part 3 of 3:                         0x600
  CSTACK                      0x200011e0   0x400  <Block>
    CSTACK           uninit   0x200011e0   0x400  <Block tail>
  HEAP                        0x200015e0   0x200  <Block>
    HEAP             uninit   0x200015e0   0x200  <Block tail>
                            - 0x200017e0   0x600


*******************************************************************************
*** INIT TABLE
***

          Address     Size
          -------     ----
Zero (__iar_zero_init3)
    1 destination range, total size 0x665:
          0x20000b74  0x665

Copy/lz77 (__iar_lz77_init_single3)
    1 source range, total size 0x338 (28% of destination):
          0x0800a0c2  0x338
    1 destination range, total size 0xb72:
          0x20000000  0xb72



*******************************************************************************
*** MODULE SUMMARY
***

    Module                    ro code  ro data  rw data
    ------                    -------  -------  -------
E:\folder\机器人队\Cube\Driver\EWARM\Driver\Obj: [1]
    adc.o                         588       68       52
    as5047p.o                     508
    board.o                     1 100      143      196
    can.o                         596       76      576
    can_func.o                     60       28        8
    cmd.o                         424      833    2 512
    cmd_func.o                  3 552    1 820       80
    encoder.o                     240                 1
    flash.o                       304       76       52
    gpio.o                        496       40
    main.o                        890      120        8
    motor.o                       376        5       16
    spi.o                         208       48       88
    startup_stm32f103xe.o         540
    stm32f1xx_hal.o               192        1        9
    stm32f1xx_hal_adc.o         1 604
    stm32f1xx_hal_adc_ex.o        240
    stm32f1xx_hal_can.o         2 332
    stm32f1xx_hal_cortex.o        372
    stm32f1xx_hal_dma.o           504
    stm32f1xx_hal_flash.o         496                32
    stm32f1xx_hal_flash_ex.o      280
    stm32f1xx_hal_gpio.o          748
    stm32f1xx_hal_msp.o           172
    stm32f1xx_hal_rcc.o         1 776       18
    stm32f1xx_hal_rcc_ex.o        608       18
    stm32f1xx_hal_spi.o         1 564
    stm32f1xx_hal_spi_ex.o        138
    stm32f1xx_hal_tim.o         1 376
    stm32f1xx_hal_tim_ex.o         92
    stm32f1xx_hal_uart.o        1 770
    stm32f1xx_it.o                 88
    system_stm32f1xx.o            104       25        4
    tim.o                         784       48      256
    usart.o                       628      100      371
    utils.o                       376       35      162
    ---------------------------------------------------
    Total:                     26 126    3 502    4 423

command line: [2]
    ---------------------------------------------------
    Total:

dl7M_tlf.a: [3]
    abort.o                         6
    exit.o                          4
    iar_Stoflt.o                  456
    iar_Stopfx.o                  290
    iar_Stoulx.o                  372
    iar_Stoxflt.o                 540
    isalpha.o                      20
    isspace.o                      20
    low_level_init.o                4
    no_free_heap0.o                68                 4
    tolower.o                      20
    vsnprint.o                     60
    xencoding_8859_1.o             30
    xfail_s.o                      64                 4
    xgetmemchunk.o                 44                 4
    xlocale_c.o                   176       42      128
    xmbcurmax.o                    10
    xprintffull.o               3 990
    xsnprout.o                     26
    ---------------------------------------------------
    Total:                      6 200       42      140

m7M_tl.a: [4]
    DblAdd.o                      376
    DblCmpGe.o                     46
    DblCmpLe.o                     46
    DblDiv.o                      582
    DblMul.o                      418
    DblSub.o                      226
    DblToFlt.o                    104
    DblToS32.o                     58
    DblToU32.o                     40
    FltAdd.o                      226
    FltCmpEq.o                     28
    FltCmpGe.o                     36
    FltCmpLe.o                     36
    FltDiv.o                      252
    FltMul.o                      216
    FltSub.o                      128
    FltToDbl.o                     72
    FltToS32.o                     42
    S32ToDbl.o                     34
    S32ToFlt.o                     36
    U32ToDbl.o                     26
    U32ToFlt.o                     28
    frexp.o                       112
    ldexp.o                       314
    strto64.o                   1 128
    ---------------------------------------------------
    Total:                      4 610

rt7M_tl.a: [5]
    ABImemcpy.o                   166
    ABImemset.o                   102
    I64DivMod.o                   558
    I64DivZer.o                     2
    U64Shr.o                       30
    cexit.o                        10
    cmain.o                        30
    cstartup_M.o                   12
    data_init.o                    40
    lz77_init_single.o            122
    memchr.o                       88
    strchr.o                       22
    strcmp.o                       74
    strlen.o                       54
    zero_init3.o                   64
    ---------------------------------------------------
    Total:                      1 374

shb_l.a: [6]
    ABIassert.o                    36
    exit.o                         20
    ---------------------------------------------------
    Total:                         56

    Gaps                           34        2        4
    Linker created                          32    1 536
-------------------------------------------------------
    Grand Total:               38 400    3 578    6 103


*******************************************************************************
*** ENTRY LIST
***

Entry                      Address   Size  Type      Object
-----                      -------   ----  ----      ------
.iar.init_table$$Base   0x0800982c          --   Gb  - Linker created -
.iar.init_table$$Limit  0x0800984c          --   Gb  - Linker created -
?main                   0x0800998d         Code  Gb  cmain.o [5]
AB                      0x20000000    0x8  Data  Gb  board.o [1]
AC                      0x20000008    0x8  Data  Gb  board.o [1]
ADC_ConversionStop_Disable
                        0x08009369   0x4a  Code  Gb  stm32f1xx_hal_adc.o [1]
ADC_Enable              0x080092c1   0x6e  Code  Gb  stm32f1xx_hal_adc.o [1]
AHBPrescTable           0x08009f34   0x10  Data  Gb  system_stm32f1xx.o [1]
APBPrescTable           0x08009fd8    0x8  Data  Gb  system_stm32f1xx.o [1]
AS5047p_Get             0x08007a5f   0x68  Code  Gb  encoder.o [1]
BA                      0x20000018    0x8  Data  Gb  board.o [1]
BC                      0x20000010    0x8  Data  Gb  board.o [1]
Board_Mode              0x20000b6f    0x1  Data  Gb  board.o [1]
Brush_PWM_Control       0x08003761   0x2a  Code  Gb  motor.o [1]
Brush_chl               0x20000a5c   0x10  Data  Gb  motor.o [1]
BusFault_Handler        0x08009427    0x2  Code  Gb  stm32f1xx_it.o [1]
CA                      0x20000020    0x8  Data  Gb  board.o [1]
CAN_LIST_MATCH          0x08006e6f   0x32  Code  Gb  can.o [1]
CAN_Receive_IT          0x08008523  0x1e0  Code  Lc  stm32f1xx_hal_can.o [1]
CAN_Transmit_IT         0x080084c5   0x5e  Code  Lc  stm32f1xx_hal_can.o [1]
CB                      0x20000028    0x8  Data  Gb  board.o [1]
CSTACK$$Base            0x200011e0          --   Gb  - Linker created -
CSTACK$$Limit           0x200015e0          --   Gb  - Linker created -
CacheMore               0x08001181   0x24  Code  Lc  xlocale_c.o [3]
Close_Phases            0x08003f7b   0x34  Code  Gb  board.o [1]
Command                 0x080043ef   0x20  Code  Lc  as5047p.o [1]
Configure_Filter        0x08006dcf   0x4a  Code  Gb  can.o [1]
Control                 0x080037a7   0xf8  Code  Gb  motor.o [1]
Control_Mode            0x200011d8    0x1  Data  Gb  utils.o [1]
Count_PARC              0x080043b1   0x3e  Code  Lc  as5047p.o [1]
Current_PID             0x20000a74   0x20  Data  Gb  utils.o [1]
Current_init            0x0800749b   0x82  Code  Gb  adc.o [1]
DebugMon_Handler        0x0800942d    0x2  Code  Gb  stm32f1xx_it.o [1]
Direction               0x20000b6e    0x1  Data  Gb  board.o [1]
Dtentox                 0x0800339d  0x18c  Code  Lc  strto64.o [4]
Duty                    0x2000119c    0x4  Data  Gb  utils.o [1]
EXTI3_IRQHandler        0x0800943d    0xa  Code  Gb  stm32f1xx_it.o [1]
EXTI4_IRQHandler        0x08009447    0xa  Code  Gb  stm32f1xx_it.o [1]
EXTI9_5_IRQHandler      0x0800945b    0xa  Code  Gb  stm32f1xx_it.o [1]
Encoder                 0x200011d6    0x1  Data  Gb  encoder.o [1]
Encoder_Get             0x08007a21   0x3e  Code  Gb  encoder.o [1]
FLASH_MassErase         0x08005197   0x2a  Code  Lc  stm32f1xx_hal_flash_ex.o [1]
FLASH_PageErase         0x080051c1   0x24  Code  Gb  stm32f1xx_hal_flash_ex.o [1]
FLASH_Program_HalfWord  0x08004fdf   0x16  Code  Lc  stm32f1xx_hal_flash.o [1]
FLASH_SetErrorCode      0x08005051   0x6e  Code  Lc  stm32f1xx_hal_flash.o [1]
FLASH_WaitForLastOperation
                        0x08004ff5   0x5c  Code  Gb  stm32f1xx_hal_flash.o [1]
First_Time_Check        0x200011d4    0x1  Data  Gb  board.o [1]
Get_Adc1_4              0x080073ad   0x2a  Code  Gb  adc.o [1]
Get_Current             0x080073d7   0xc4  Code  Gb  adc.o [1]
Get_Hall_Position       0x08003faf    0xe  Code  Gb  board.o [1]
Get_SP                  0x08007ac7   0x1c  Code  Gb  encoder.o [1]
Get_Start_Position      0x0800402f   0x1e  Code  Gb  board.o [1]
HAL_ADCEx_Calibration_Start
                        0x0800755d   0xec  Code  Gb  stm32f1xx_hal_adc_ex.o [1]
HAL_ADC_ConfigChannel   0x0800916b  0x152  Code  Gb  stm32f1xx_hal_adc.o [1]
HAL_ADC_GetState        0x080092bd    0x4  Code  Gb  stm32f1xx_hal_adc.o [1]
HAL_ADC_GetValue        0x08009165    0x6  Code  Gb  stm32f1xx_hal_adc.o [1]
HAL_ADC_Init            0x08008d71  0x164  Code  Gb  stm32f1xx_hal_adc.o [1]
HAL_ADC_MspInit         0x08007373   0x3a  Code  Gb  adc.o [1]
HAL_ADC_PollForConversion
                        0x08008fff  0x166  Code  Gb  stm32f1xx_hal_adc.o [1]
HAL_ADC_Start           0x08008ed5  0x12a  Code  Gb  stm32f1xx_hal_adc.o [1]
HAL_CAN_ConfigFilter    0x08007f47  0x128  Code  Gb  stm32f1xx_hal_can.o [1]
HAL_CAN_ErrorCallback   0x08006ec9   0x24  Code  Gb  can.o [1]
HAL_CAN_IRQHandler      0x08008185  0x32a  Code  Gb  stm32f1xx_hal_can.o [1]
HAL_CAN_Init            0x08007de9  0x15e  Code  Gb  stm32f1xx_hal_can.o [1]
HAL_CAN_MspInit         0x08006d3f   0x56  Code  Gb  can.o [1]
HAL_CAN_Receive_IT      0x0800806f  0x116  Code  Gb  stm32f1xx_hal_can.o [1]
HAL_CAN_RxCpltCallback  0x08006ea1   0x28  Code  Gb  can.o [1]
HAL_DMA_Abort_IT        0x080063c9  0x1be  Code  Gb  stm32f1xx_hal_dma.o [1]
HAL_Delay               0x08004201   0x28  Code  Wk  stm32f1xx_hal.o [1]
HAL_FLASHEx_Erase       0x080050dd   0xba  Code  Gb  stm32f1xx_hal_flash_ex.o [1]
HAL_FLASH_Lock          0x08004fcf   0x10  Code  Gb  stm32f1xx_hal_flash.o [1]
HAL_FLASH_Program       0x08004eed   0xbc  Code  Gb  stm32f1xx_hal_flash.o [1]
HAL_FLASH_Unlock        0x08004fa9   0x26  Code  Gb  stm32f1xx_hal_flash.o [1]
HAL_GPIO_EXTI_Callback  0x08005a95   0xc8  Code  Gb  gpio.o [1]
HAL_GPIO_EXTI_IRQHandler
                        0x08003d45   0x22  Code  Gb  stm32f1xx_hal_gpio.o [1]
HAL_GPIO_Init           0x08003ac9  0x24c  Code  Gb  stm32f1xx_hal_gpio.o [1]
HAL_GPIO_ReadPin        0x08003d15   0x16  Code  Gb  stm32f1xx_hal_gpio.o [1]
HAL_GPIO_WritePin       0x08003d2b   0x1a  Code  Gb  stm32f1xx_hal_gpio.o [1]
HAL_GetTick             0x08005da1    0xc  Code  Wk  stm32f1xx_hal.o [1]
HAL_IncTick             0x08009479   0x18  Code  Wk  stm32f1xx_hal.o [1]
HAL_Init                0x08006cb5   0x22  Code  Gb  stm32f1xx_hal.o [1]
HAL_InitTick            0x08007cf1   0x4c  Code  Wk  stm32f1xx_hal.o [1]
HAL_MspInit             0x08007d3d   0xac  Code  Gb  stm32f1xx_hal_msp.o [1]
HAL_NVIC_EnableIRQ      0x080079bd    0xe  Code  Gb  stm32f1xx_hal_cortex.o [1]
HAL_NVIC_SetPriority    0x08007993   0x2a  Code  Gb  stm32f1xx_hal_cortex.o [1]
HAL_NVIC_SetPriorityGrouping
                        0x08007987    0xc  Code  Gb  stm32f1xx_hal_cortex.o [1]
HAL_RCCEx_GetPeriphCLKFreq
                        0x0800775b  0x122  Code  Gb  stm32f1xx_hal_rcc_ex.o [1]
HAL_RCCEx_PeriphCLKConfig
                        0x0800764d  0x10e  Code  Gb  stm32f1xx_hal_rcc_ex.o [1]
HAL_RCC_ClockConfig     0x08006a1b  0x188  Code  Gb  stm32f1xx_hal_rcc.o [1]
HAL_RCC_GetHCLKFreq     0x08006c15    0x6  Code  Gb  stm32f1xx_hal_rcc.o [1]
HAL_RCC_GetPCLK1Freq    0x08006c1b   0x16  Code  Gb  stm32f1xx_hal_rcc.o [1]
HAL_RCC_GetPCLK2Freq    0x08006c31   0x16  Code  Gb  stm32f1xx_hal_rcc.o [1]
HAL_RCC_GetSysClockFreq
                        0x08006ba3   0x72  Code  Gb  stm32f1xx_hal_rcc.o [1]
HAL_RCC_OscConfig       0x080065c5  0x456  Code  Gb  stm32f1xx_hal_rcc.o [1]
HAL_SPI_Init            0x08008729   0x8a  Code  Gb  stm32f1xx_hal_spi_ex.o [1]
HAL_SPI_MspInit         0x08006f95   0x56  Code  Gb  spi.o [1]
HAL_SPI_Receive         0x08005f5d  0x17a  Code  Gb  stm32f1xx_hal_spi.o [1]
HAL_SPI_Transmit        0x08005dad  0x1b0  Code  Gb  stm32f1xx_hal_spi.o [1]
HAL_SPI_TransmitReceive
                        0x080060d7  0x226  Code  Gb  stm32f1xx_hal_spi.o [1]
HAL_SYSTICK_CLKSourceConfig
                        0x080079d7   0x20  Code  Gb  stm32f1xx_hal_cortex.o [1]
HAL_SYSTICK_Callback    0x08004c99  0x184  Code  Gb  main.o [1]
HAL_SYSTICK_Callback::time_1ms_cnt
                        0x20001194    0x4  Data  Lc  main.o [1]
HAL_SYSTICK_Config      0x080079cb    0xc  Code  Gb  stm32f1xx_hal_cortex.o [1]
HAL_SYSTICK_IRQHandler  0x08007a19    0x8  Code  Gb  stm32f1xx_hal_cortex.o [1]
HAL_TIMEx_MasterConfigSynchronization
                        0x08008d15   0x5a  Code  Gb  stm32f1xx_hal_tim_ex.o [1]
HAL_TIM_Base_Init       0x080087b5   0x38  Code  Gb  stm32f1xx_hal_tim.o [1]
HAL_TIM_Base_MspInit    0x0800724b   0x48  Code  Gb  tim.o [1]
HAL_TIM_Encoder_Init    0x08008879   0xbe  Code  Gb  stm32f1xx_hal_tim.o [1]
HAL_TIM_Encoder_MspInit
                        0x0800720d   0x3e  Code  Gb  tim.o [1]
HAL_TIM_Encoder_Start   0x08008937   0x4e  Code  Gb  stm32f1xx_hal_tim.o [1]
HAL_TIM_MspPostInit     0x08007293   0x22  Code  Gb  tim.o [1]
HAL_TIM_PWM_ConfigChannel
                        0x08008985  0x100  Code  Gb  stm32f1xx_hal_tim.o [1]
HAL_TIM_PWM_Init        0x080087ed   0x38  Code  Gb  stm32f1xx_hal_tim.o [1]
HAL_TIM_PWM_MspInit     0x080071e7   0x26  Code  Gb  tim.o [1]
HAL_TIM_PWM_Start       0x08008825   0x4c  Code  Gb  stm32f1xx_hal_tim.o [1]
HAL_UART_ErrorCallback  0x08002e43   0x10  Code  Gb  usart.o [1]
HAL_UART_IRQHandler     0x08004647  0x14a  Code  Gb  stm32f1xx_hal_uart.o [1]
HAL_UART_Init           0x08004425   0x76  Code  Gb  stm32f1xx_hal_uart.o [1]
HAL_UART_MspInit        0x08002d2d   0x54  Code  Gb  usart.o [1]
HAL_UART_Receive_IT     0x080045d5   0x72  Code  Gb  stm32f1xx_hal_uart.o [1]
HAL_UART_RxCpltCallback
                        0x08002daf   0x94  Code  Gb  usart.o [1]
HAL_UART_Transmit       0x0800449b   0xe0  Code  Gb  stm32f1xx_hal_uart.o [1]
HAL_UART_Transmit_IT    0x0800457b   0x5a  Code  Gb  stm32f1xx_hal_uart.o [1]
HEAP$$Base              0x200015e0          --   Gb  - Linker created -
HEAP$$Limit             0x200017e0          --   Gb  - Linker created -
Hall_Position           0x200011d5    0x1  Data  Gb  board.o [1]
HardFault_Handler       0x08009423    0x2  Code  Gb  stm32f1xx_it.o [1]
Last_Position           0x200011bc    0x4  Data  Gb  utils.o [1]
LoadInt                 0x0800031f   0x7a  Code  Lc  xprintffull.o [3]
MX_ADC1_Init            0x08007311   0x62  Code  Gb  adc.o [1]
MX_CAN_Init             0x08006cdd   0x62  Code  Gb  can.o [1]
MX_GPIO_Init            0x080059b9   0xdc  Code  Gb  gpio.o [1]
MX_NVIC_Init            0x08004c45   0x54  Code  Lc  main.o [1]
MX_SPI2_Init            0x08006f31   0x64  Code  Gb  spi.o [1]
MX_TIM2_Init            0x08007001   0xc6  Code  Gb  tim.o [1]
MX_TIM4_Init            0x080070c7   0x80  Code  Gb  tim.o [1]
MX_TIM6_Init            0x08007147   0x50  Code  Gb  tim.o [1]
MX_TIM7_Init            0x08007197   0x50  Code  Gb  tim.o [1]
MX_UART5_Init           0x08002ce5   0x48  Code  Gb  usart.o [1]
Mag_Brushless_Mointor   0x080040d5   0xaa  Code  Gb  board.o [1]
Mag_Position            0x200011d0    0x2  Data  Gb  board.o [1]
MemManage_Handler       0x08009425    0x2  Code  Gb  stm32f1xx_it.o [1]
Motor                   0x20000b71    0x1  Data  Gb  utils.o [1]
Motor_Duty              0x20001180    0x4  Data  Gb  board.o [1]
NMI_Handler             0x08009421    0x2  Code  Gb  stm32f1xx_it.o [1]
NVIC_EnableIRQ          0x080078d3   0x16  Code  Lc  stm32f1xx_hal_cortex.o [1]
NVIC_EncodePriority     0x08007915   0x42  Code  Lc  stm32f1xx_hal_cortex.o [1]
NVIC_GetPriorityGrouping
                        0x080078c9    0xa  Code  Lc  stm32f1xx_hal_cortex.o [1]
NVIC_SetPriority        0x080078e9   0x2c  Code  Lc  stm32f1xx_hal_cortex.o [1]
NVIC_SetPriorityGrouping
                        0x080078ad   0x1c  Code  Lc  stm32f1xx_hal_cortex.o [1]
Now_Current             0x200011b4    0x4  Data  Gb  utils.o [1]
Now_Current_buffer      0x200011b8    0x4  Data  Gb  utils.o [1]
Now_Current_init        0x20001170    0x4  Data  Gb  adc.o [1]
Now_Phase_Index         0x20001174    0x4  Data  Gb  board.o [1]
Now_Position            0x200011ac    0x4  Data  Gb  utils.o [1]
Now_Speed               0x200011a4    0x4  Data  Gb  utils.o [1]
PID_Release             0x08005749   0x9e  Code  Gb  utils.o [1]
PID_init                0x080057f5   0x16  Code  Gb  utils.o [1]
PWM_Control             0x0800378b   0x1c  Code  Gb  motor.o [1]
PendSV_Handler          0x0800942f    0x2  Code  Gb  stm32f1xx_it.o [1]
Phase_Change            0x08003e6b   0x36  Code  Gb  board.o [1]
Phase_Change_Cnt        0x20001184    0x4  Data  Gb  board.o [1]
Phase_Const             0x20000030   0x18  Data  Gb  board.o [1]
Phase_Const_Reverse     0x20000048   0x18  Data  Gb  board.o [1]
Phase_Const_Reverse_sensor
                        0x08009aa0   0x18  Data  Gb  board.o [1]
Phase_Open_Cnt          0x20001188    0x4  Data  Gb  board.o [1]
Phase_Table             0x200010f0   0x1c  Data  Gb  board.o [1]
Phase_Table_Init        0x08003e1f   0x4c  Code  Gb  board.o [1]
Phase_Table_Reverse     0x20001130   0x1c  Data  Gb  board.o [1]
Phase_Table_Using_Nonsensor
                        0x20000060    0x4  Data  Gb  board.o [1]
Phase_Table_Using_Sensor
                        0x20001178    0x4  Data  Gb  board.o [1]
Phase_Test_Table        0x20000064    0x8  Data  Gb  board.o [1]
Position_PID            0x20000ab4   0x20  Data  Gb  utils.o [1]
RCC_Delay               0x08006c47   0x26  Code  Lc  stm32f1xx_hal_rcc.o [1]
Read_Reg                0x08004229   0x98  Code  Gb  as5047p.o [1]
Region$$Table$$Base     0x0800982c          --   Gb  - Linker created -
Region$$Table$$Limit    0x0800984c          --   Gb  - Linker created -
Rotate_Test             0x0800404d   0x88  Code  Gb  board.o [1]
RxMessage               0x200010cc   0x24  Data  Lc  can.o [1]
SPI_CheckFlag_BSY       0x0800639f   0x2a  Code  Lc  stm32f1xx_hal_spi.o [1]
SPI_WaitFlagStateUntilTimeout
                        0x080062fd   0xa2  Code  Lc  stm32f1xx_hal_spi.o [1]
SVC_Handler             0x0800942b    0x2  Code  Gb  stm32f1xx_it.o [1]
Set_Motor_Duty          0x08003db5   0x6a  Code  Gb  board.o [1]
Set_Phase_High_Speed    0x08003ee7   0x94  Code  Gb  board.o [1]
Set_Phase_Low_State     0x08003ea1   0x46  Code  Gb  board.o [1]
Set_To_CB_Positon       0x08004007   0x28  Code  Gb  board.o [1]
Set_To_Statble_Positon  0x08003fbd   0x4a  Code  Gb  board.o [1]
Speed_PID               0x20000a94   0x20  Data  Gb  utils.o [1]
Start_Position          0x20000b6c    0x2  Data  Gb  board.o [1]
SysTick_Config          0x08007957   0x30  Code  Lc  stm32f1xx_hal_cortex.o [1]
SysTick_Handler         0x08009431    0xc  Code  Gb  stm32f1xx_it.o [1]
SystemClock_Config      0x08004ba1   0xa4  Code  Gb  main.o [1]
SystemCoreClock         0x20000a70    0x4  Data  Gb  system_stm32f1xx.o [1]
SystemInit              0x080093b9   0x4e  Code  Gb  system_stm32f1xx.o [1]
TIM_Base_SetConfig      0x08008a91   0x9a  Code  Gb  stm32f1xx_hal_tim.o [1]
TIM_CCxChannelCmd       0x08008cf9   0x1c  Code  Gb  stm32f1xx_hal_tim.o [1]
TIM_Mode_init           0x080072b5   0x2c  Code  Gb  tim.o [1]
TIM_OC1_SetConfig       0x08008b2b   0x6e  Code  Lc  stm32f1xx_hal_tim.o [1]
TIM_OC2_SetConfig       0x08008b99   0x7c  Code  Gb  stm32f1xx_hal_tim.o [1]
TIM_OC3_SetConfig       0x08008c15   0x76  Code  Lc  stm32f1xx_hal_tim.o [1]
TIM_OC4_SetConfig       0x08008c8b   0x58  Code  Lc  stm32f1xx_hal_tim.o [1]
Target_Current          0x200011b0    0x4  Data  Gb  utils.o [1]
Target_Position         0x200011a8    0x4  Data  Gb  utils.o [1]
Target_Speed            0x200011a0    0x4  Data  Gb  utils.o [1]
Test_Table_Cnt          0x2000117c    0x4  Data  Gb  board.o [1]
TxMessage               0x2000114c   0x1c  Data  Lc  can.o [1]
UART5_IRQHandler        0x08009465    0xa  Code  Gb  stm32f1xx_it.o [1]
UART_DMAAbortOnError    0x08004821   0x16  Code  Lc  stm32f1xx_hal_uart.o [1]
UART_EndRxTransfer      0x080047ff   0x20  Code  Lc  stm32f1xx_hal_uart.o [1]
UART_EndTransmit_IT     0x080048a7   0x20  Code  Lc  stm32f1xx_hal_uart.o [1]
UART_Receive_IT         0x080048c7   0xae  Code  Lc  stm32f1xx_hal_uart.o [1]
UART_SetConfig          0x08004975  0x190  Code  Lc  stm32f1xx_hal_uart.o [1]
UART_Transmit_IT        0x08004839   0x6e  Code  Lc  stm32f1xx_hal_uart.o [1]
UART_WaitOnFlagUntilTimeout
                        0x08004791   0x6e  Code  Lc  stm32f1xx_hal_uart.o [1]
USART_RX_BUF            0x20000d04   0xc8  Data  Gb  usart.o [1]
USART_RX_STA            0x200011d2    0x2  Data  Gb  usart.o [1]
USB_LP_CAN1_RX0_IRQHandler
                        0x08009451    0xa  Code  Gb  stm32f1xx_it.o [1]
UsageFault_Handler      0x08009429    0x2  Code  Gb  stm32f1xx_it.o [1]
Var_List                0x20000a0c   0x50  Data  Gb  cmd_func.o [1]
Write_Reg               0x080042c1   0x9e  Code  Gb  as5047p.o [1]
Write_frame             0x0800440f   0x16  Code  Lc  as5047p.o [1]
_Encoding_8859_1_Mbrlen
                        0x08001219    0x2  Code  Gb  xencoding_8859_1.o [3]
_Encoding_8859_1_Wctomb
                        0x08001207   0x12  Code  Gb  xencoding_8859_1.o [3]
_Error_Handler          0x08004e85    0x2  Code  Gb  main.o [1]
_GenldFull              0x08000da1  0x274  Code  Lc  xprintffull.o [3]
_LdtobFull              0x08000975  0x3fe  Code  Lc  xprintffull.o [3]
_LitobFull              0x0800081d  0x112  Code  Lc  xprintffull.o [3]
_LocaleC_isalpha        0x08001147    0xc  Code  Gb  xlocale_c.o [3]
_LocaleC_islower        0x08001141    0x4  Code  Gb  xlocale_c.o [3]
_LocaleC_isspace        0x0800115d   0x14  Code  Gb  xlocale_c.o [3]
_LocaleC_isupper        0x08001145    0x2  Code  Gb  xlocale_c.o [3]
_LocaleC_tolower        0x08001171    0xc  Code  Gb  xlocale_c.o [3]
_Locale_lconv           0x20000aec   0x38  Data  Lc  xlocale_c.o [3]
_PrintfFull             0x08000131  0x1d6  Code  Gb  xprintffull.o [3]
_PutcharsFull           0x08001015   0x2e  Code  Lc  xprintffull.o [3]
_PutfldFull             0x08000399  0x2d0  Code  Lc  xprintffull.o [3]
_PutstrFull             0x0800075f   0xbe  Code  Lc  xprintffull.o [3]
_PuttxtFull             0x08000669   0xf6  Code  Lc  xprintffull.o [3]
_SNProut                0x0800129b   0x1a  Code  Gb  xsnprout.o [3]
__aeabi_assert          0x08008705   0x24  Code  Gb  ABIassert.o [6]
__aeabi_cdcmple         0x08001805         Code  Gb  DblCmpLe.o [4]
__aeabi_cdrcmple        0x08001835         Code  Gb  DblCmpGe.o [4]
__aeabi_cfcmpeq         0x08007b11         Code  Gb  FltCmpEq.o [4]
__aeabi_cfcmple         0x08005ba9         Code  Gb  FltCmpLe.o [4]
__aeabi_cfrcmple        0x08005725         Code  Gb  FltCmpGe.o [4]
__aeabi_d2f             0x080036f9         Code  Gb  DblToFlt.o [4]
__aeabi_d2iz            0x080019a1         Code  Gb  DblToS32.o [4]
__aeabi_d2uiz           0x08001d2d         Code  Gb  DblToU32.o [4]
__aeabi_dadd            0x08001d79         Code  Gb  DblAdd.o [4]
__aeabi_ddiv            0x08001ae5         Code  Gb  DblDiv.o [4]
__aeabi_dmul            0x080015f1         Code  Gb  DblMul.o [4]
__aeabi_dsub            0x08001a01         Code  Gb  DblSub.o [4]
__aeabi_f2d             0x080038d9         Code  Gb  FltToDbl.o [4]
__aeabi_f2iz            0x080051f5         Code  Gb  FltToS32.o [4]
__aeabi_fadd            0x08007be1         Code  Gb  FltAdd.o [4]
__aeabi_fdiv            0x08005ca5         Code  Gb  FltDiv.o [4]
__aeabi_fmul            0x08005bcd         Code  Gb  FltMul.o [4]
__aeabi_fsub            0x08007b61         Code  Gb  FltSub.o [4]
__aeabi_i2d             0x080019dd         Code  Gb  S32ToDbl.o [4]
__aeabi_i2f             0x080030cd         Code  Gb  S32ToFlt.o [4]
__aeabi_ldiv0           0x08001d75         Code  Gb  I64DivZer.o [5]
__aeabi_llsr            0x08007b2d         Code  Gb  U64Shr.o [5]
__aeabi_memcpy          0x08001319         Code  Gb  ABImemcpy.o [5]
__aeabi_memcpy4         0x08001339         Code  Gb  ABImemcpy.o [5]
__aeabi_memcpy8         0x08001339         Code  Gb  ABImemcpy.o [5]
__aeabi_memset          0x08005951         Code  Gb  ABImemset.o [5]
__aeabi_ui2d            0x08001d55         Code  Gb  U32ToDbl.o [4]
__aeabi_ui2f            0x08003221         Code  Gb  U32ToFlt.o [4]
__aeabi_uldivmod        0x080013c1         Code  Gb  I64DivMod.o [5]
__cmain                 0x0800998d         Code  Gb  cmain.o [5]
__data_GetMemChunk      0x08007cc5   0x2c  Code  Gb  xgetmemchunk.o [3]
__data_GetMemChunk::start
                        0x200011cc    0x4  Data  Lc  xgetmemchunk.o [3]
__exit                  0x08001ef1   0x14  Code  Gb  exit.o [6]
__iar_Fail_s            0x08001225   0x1c  Code  Gb  xfail_s.o [3]
__iar_Mbcurmax          0x0800130d    0xa  Code  Gb  xmbcurmax.o [3]
__iar_Memchr            0x080012b5         Code  Gb  memchr.o [5]
__iar_Memset            0x08005951         Code  Gb  ABImemset.o [5]
__iar_Memset_word       0x08005959         Code  Gb  ABImemset.o [5]
__iar_Sto64             0x08003529  0x154  Code  Gb  strto64.o [4]
__iar_Stoflt            0x08005341  0x1c8  Code  Gb  iar_Stoflt.o [3]
__iar_Stopfx            0x0800521f  0x122  Code  Gb  iar_Stopfx.o [3]
__iar_Stoulx            0x08002f59  0x112  Code  Gb  iar_Stoulx.o [3]
__iar_Stoxflt           0x08005509  0x1e6  Code  Gb  iar_Stoxflt.o [3]
__iar_Stoxflt::digits   0x080056f4   0x18  Data  Lc  iar_Stoxflt.o [3]
__iar_Stoxflt::vals     0x0800570c   0x18  Data  Lc  iar_Stoxflt.o [3]
__iar_Strchr            0x080011f1         Code  Gb  strchr.o [5]
__iar_dadd              0x08001a11         Code  Gb  DblSub.o [4]
__iar_data_init3        0x08009775   0x28  Code  Gb  data_init.o [5]
__iar_dsub              0x08001d89         Code  Gb  DblAdd.o [4]
__iar_dsubStart         0x08001d9b         Code  Gb  DblAdd.o [4]
__iar_fadd              0x08007b6d         Code  Gb  FltSub.o [4]
__iar_frexp             0x080017a1         Code  Gb  frexp.o [4]
__iar_frexp64           0x08001795         Code  Gb  frexp.o [4]
__iar_frexpl            0x080017a1         Code  Gb  frexp.o [4]
__iar_fsub              0x08007bed         Code  Gb  FltAdd.o [4]
__iar_fsubStart         0x08007bfd         Code  Gb  FltAdd.o [4]
__iar_globLocale        0x20000b24   0x48  Data  Lc  xlocale_c.o [3]
__iar_global_Locale     0x0800117d    0x4  Code  Gb  xlocale_c.o [3]
__iar_ldexp64           0x08001865         Code  Gb  ldexp.o [4]
__iar_lz77_init_single3
                        0x080010c7   0x7a  Code  Gb  lz77_init_single.o [5]
__iar_program_start     0x08009fa5         Code  Gb  cstartup_M.o [5]
__iar_scalbln64         0x08001865         Code  Gb  ldexp.o [4]
__iar_scalbn64          0x08001865         Code  Gb  ldexp.o [4]
__iar_systems$$module {Abs}
                        0x00000001         Data  Gb  command line/config [2]
__iar_zero_init3        0x080094d5   0x40  Code  Gb  zero_init3.o [5]
__low_level_init        0x080099ab    0x4  Code  Gb  low_level_init.o [3]
__no_free_malloc        0x080058c1   0x40  Code  Gb  no_free_heap0.o [3]
__vector_table          0x08000000         Data  Gb  startup_stm32f103xe.o [1]
_call_main              0x08009999         Code  Gb  cmain.o [5]
_exit                   0x080099b5         Code  Gb  cexit.o [5]
_gLocale_mblen          0x080011dd    0x4  Code  Gb  xlocale_c.o [3]
_gLocale_mblenInt       0x080011a5   0x34  Code  Gb  xlocale_c.o [3]
_gLocale_wctomb         0x080011e1    0x4  Code  Gb  xlocale_c.o [3]
_gLocale_wctombInt      0x080011d9    0x4  Code  Gb  xlocale_c.o [3]
_main                   0x080099a7         Code  Gb  cmain.o [5]
aRxBuffer               0x200011d7    0x1  Data  Gb  usart.o [1]
abort                   0x08001d6f    0x6  Code  Gb  abort.o [3]
as5047p_Get_Position    0x08004369   0x22  Code  Gb  as5047p.o [1]
as5047p_Write_Position  0x0800438b   0x26  Code  Gb  as5047p.o [1]
atof                    0x080036a9    0x8  Code  Gb  strto64.o [4]
atoi                    0x08003071    0x2  Code  Gb  iar_Stoulx.o [3]
callback                0x08009515   0x3c  Code  Gb  can_func.o [1]
canList                 0x20000b74  0x190  Data  Gb  can.o [1]
can_RX_data             0x20001168    0x8  Data  Gb  can_func.o [1]
can_add_callback        0x08006e19   0x56  Code  Gb  can.o [1]
can_add_func            0x08006eed    0xc  Code  Gb  can.o [1]
can_init                0x08006d95   0x3a  Code  Gb  can.o [1]
canlistnum              0x2000118c    0x4  Data  Lc  can.o [1]
cmd_argv                0x20001074   0x30  Data  Gb  cmd.o [1]
cmd_control_mode_func   0x08002183   0xbc  Code  Gb  cmd_func.o [1]
cmd_current_func        0x08002267   0x2a  Code  Gb  cmd_func.o [1]
cmd_current_pid_func    0x080022e5   0xa2  Code  Gb  cmd_func.o [1]
cmd_driver_info_func    0x08001f05  0x1a0  Code  Gb  cmd_func.o [1]
cmd_encoder_mode_func   0x0800213f   0x44  Code  Gb  cmd_func.o [1]
cmd_exec                0x080039c5   0x6e  Code  Gb  cmd.o [1]
cmd_get_hall_func       0x0800282f   0x3e  Code  Gb  cmd_func.o [1]
cmd_get_start_position_func
                        0x08002b55    0xc  Code  Gb  cmd_func.o [1]
cmd_help_func           0x08003a33   0x44  Code  Gb  cmd.o [1]
cmd_init                0x08003921   0x1a  Code  Gb  cmd.o [1]
cmd_motor_mode_func     0x080020dd   0x62  Code  Gb  cmd_func.o [1]
cmd_parse               0x0800393b   0x8a  Code  Gb  cmd.o [1]
cmd_phase_change_func   0x08002a79   0x9a  Code  Gb  cmd_func.o [1]
cmd_position_func       0x080022bb   0x2a  Code  Gb  cmd_func.o [1]
cmd_position_pid_func   0x08002429   0xa2  Code  Gb  cmd_func.o [1]
cmd_pwm_func            0x0800223f   0x28  Code  Gb  cmd_func.o [1]
cmd_read_flash_func     0x080020d1    0xc  Code  Gb  cmd_func.o [1]
cmd_read_mag_func       0x08002b61   0x16  Code  Gb  cmd_func.o [1]
cmd_rotate_test_func    0x08002b49    0xc  Code  Gb  cmd_func.o [1]
cmd_send_wave_func      0x080024cb   0x14  Code  Gb  cmd_func.o [1]
cmd_set_duty_func       0x08002b19   0x26  Code  Gb  cmd_func.o [1]
cmd_set_fd6288_func     0x08002871   0xc6  Code  Gb  cmd_func.o [1]
cmd_set_mode_func       0x08002959   0x58  Code  Gb  cmd_func.o [1]
cmd_set_mode_s_func     0x080029b9   0x24  Code  Gb  cmd_func.o [1]
cmd_set_phase_func      0x080029f1   0x5a  Code  Gb  cmd_func.o [1]
cmd_set_val_func        0x0800278b   0xa4  Code  Gb  cmd_func.o [1]
cmd_speed_func          0x08002291   0x2a  Code  Gb  cmd_func.o [1]
cmd_speed_pid_func      0x08002387   0xa2  Code  Gb  cmd_func.o [1]
cmd_state_func          0x080024df  0x2ac  Code  Gb  cmd_func.o [1]
cmd_tbl                 0x2000006c  0x9a0  Data  Lc  cmd.o [1]
cmd_write_as5047p_position_func
                        0x08002b7d   0x2e  Code  Gb  cmd_func.o [1]
cmd_write_flash_func    0x080020a5   0x2c  Code  Gb  cmd_func.o [1]
compare_string          0x08003a95   0x34  Code  Gb  cmd.o [1]
control_flag            0x20001190    0x4  Data  Gb  main.o [1]
ddiv                    0x0800330b   0x7a  Code  Lc  strto64.o [4]
digits                  0x0800307c   0x28  Data  Lc  iar_Stoulx.o [3]
dmul                    0x08003291   0x7a  Code  Lc  strto64.o [4]
exit                    0x080099af    0x4  Code  Gb  exit.o [3]
flash_data              0x20001010   0x34  Data  Gb  flash.o [1]
frexp                   0x08001795         Code  Gb  frexp.o [4]
frexpl                  0x08001795         Code  Gb  frexp.o [4]
hadc1                   0x20001044   0x30  Data  Gb  adc.o [1]
hcan                    0x20000e8c   0x44  Data  Gb  can.o [1]
hspi2                   0x20000e34   0x58  Data  Gb  spi.o [1]
htim2                   0x20000ed0   0x40  Data  Gb  tim.o [1]
htim4                   0x20000f10   0x40  Data  Gb  tim.o [1]
htim6                   0x20000f50   0x40  Data  Gb  tim.o [1]
htim7                   0x20000f90   0x40  Data  Gb  tim.o [1]
huart5                  0x20000fd0   0x40  Data  Gb  usart.o [1]
isalpha                 0x08007b4b   0x14  Code  Gb  isalpha.o [3]
isspace                 0x08004ec5   0x14  Code  Gb  isspace.o [3]
ldexp                   0x08001865         Code  Gb  ldexp.o [4]
ldexpl                  0x08001865         Code  Gb  ldexp.o [4]
load_prams              0x08003157   0x9a  Code  Gb  flash.o [1]
localeconv              0x080011e5    0x4  Code  Gb  xlocale_c.o [3]
main                    0x08004b0d   0x94  Code  Gb  main.o [1]
memchr                  0x080012b5         Code  Gb  memchr.o [5]
ndigs                   0x080030a4   0x28  Data  Lc  iar_Stoulx.o [3]
pFlash                  0x20001110   0x20  Data  Gb  stm32f1xx_hal_flash.o [1]
pows                    0x080036b0   0x48  Data  Lc  strto64.o [4]
qs                      0x200011c8    0x4  Data  Lc  no_free_heap0.o [3]
reset_PID               0x080057e7    0xe  Code  Gb  utils.o [1]
s                       0x20000ad4   0x18  Data  Gb  utils.o [1]
sFilterConfig           0x200010a4   0x28  Data  Gb  can.o [1]
scalbln                 0x08001865         Code  Gb  ldexp.o [4]
scalblnl                0x08001865         Code  Gb  ldexp.o [4]
scalbn                  0x08001865         Code  Gb  ldexp.o [4]
scalbnl                 0x08001865         Code  Gb  ldexp.o [4]
scale                   0x0800092f   0x46  Code  Lc  xprintffull.o [3]
sec_hand                0x200011c4    0x4  Data  Lc  xfail_s.o [3]
send_wave               0x0800580b   0x84  Code  Gb  utils.o [1]
send_wave_flag          0x200011c0    0x4  Data  Gb  utils.o [1]
strchr                  0x080011f1         Code  Gb  strchr.o [5]
strcmp                  0x08005905         Code  Gb  strcmp.o [5]
strlen                  0x08001265         Code  Gb  strlen.o [5]
tolower                 0x08004ed9   0x14  Code  Gb  tolower.o [3]
uart_buffer             0x20000dcc   0x68  Data  Gb  usart.o [1]
uprintf                 0x08002d81   0x2e  Code  Gb  usart.o [1]
usart_exc               0x08002e61   0xbc  Code  Gb  usart.o [1]
usart_init              0x08002e53    0xe  Code  Gb  usart.o [1]
uwTick                  0x20001198    0x4  Data  Gb  stm32f1xx_hal.o [1]
uwTickFreq              0x20000b70    0x1  Data  Gb  stm32f1xx_hal.o [1]
uwTickPrio              0x20000a6c    0x4  Data  Gb  stm32f1xx_hal.o [1]
vsnprintf               0x08004e89   0x3c  Code  Gb  vsnprint.o [3]
write_prams             0x080030f1   0x66  Code  Gb  flash.o [1]


[1] = E:\folder\机器人队\Cube\Driver\EWARM\Driver\Obj
[2] = command line
[3] = dl7M_tlf.a
[4] = m7M_tl.a
[5] = rt7M_tl.a
[6] = shb_l.a

  38 400 bytes of readonly  code memory
   3 578 bytes of readonly  data memory
   6 103 bytes of readwrite data memory

Errors: none
Warnings: none
