###############################################################################
#
# IAR ELF Linker V8.22.1.15669/W32 for ARM                01/Apr/2019  14:24:55
# Copyright 2007-2018 IAR Systems AB.
#
#    Output file  =  
#        E:\folder\机器人队\Cube\Driver\EWARM\Driver\Exe\Driver.out
#    Map file     =  
#        E:\folder\机器人队\Cube\Driver\EWARM\Driver\List\Driver.map
#    Command line =  
#        -f C:\Users\MyPC\AppData\Local\Temp\EWCBC8.tmp
#        (E:\folder\机器人队\Cube\Driver\EWARM\Driver\Obj\adc.o
#        E:\folder\机器人队\Cube\Driver\EWARM\Driver\Obj\as5047p.o
#        E:\folder\机器人队\Cube\Driver\EWARM\Driver\Obj\board.o
#        E:\folder\机器人队\Cube\Driver\EWARM\Driver\Obj\can.o
#        E:\folder\机器人队\Cube\Driver\EWARM\Driver\Obj\can_func.o
#        E:\folder\机器人队\Cube\Driver\EWARM\Driver\Obj\cmd.o
#        E:\folder\机器人队\Cube\Driver\EWARM\Driver\Obj\cmd_func.o
#        E:\folder\机器人队\Cube\Driver\EWARM\Driver\Obj\dma.o
#        E:\folder\机器人队\Cube\Driver\EWARM\Driver\Obj\encoder.o
#        E:\folder\机器人队\Cube\Driver\EWARM\Driver\Obj\flash.o
#        E:\folder\机器人队\Cube\Driver\EWARM\Driver\Obj\gpio.o
#        E:\folder\机器人队\Cube\Driver\EWARM\Driver\Obj\main.o
#        E:\folder\机器人队\Cube\Driver\EWARM\Driver\Obj\motor.o
#        E:\folder\机器人队\Cube\Driver\EWARM\Driver\Obj\spi.o
#        E:\folder\机器人队\Cube\Driver\EWARM\Driver\Obj\startup_stm32f103xe.o
#        E:\folder\机器人队\Cube\Driver\EWARM\Driver\Obj\stm32f1xx_hal.o
#        E:\folder\机器人队\Cube\Driver\EWARM\Driver\Obj\stm32f1xx_hal_adc.o
#        E:\folder\机器人队\Cube\Driver\EWARM\Driver\Obj\stm32f1xx_hal_adc_ex.o
#        E:\folder\机器人队\Cube\Driver\EWARM\Driver\Obj\stm32f1xx_hal_can.o
#        E:\folder\机器人队\Cube\Driver\EWARM\Driver\Obj\stm32f1xx_hal_cortex.o
#        E:\folder\机器人队\Cube\Driver\EWARM\Driver\Obj\stm32f1xx_hal_dma.o
#        E:\folder\机器人队\Cube\Driver\EWARM\Driver\Obj\stm32f1xx_hal_flash.o
#        E:\folder\机器人队\Cube\Driver\EWARM\Driver\Obj\stm32f1xx_hal_flash_ex.o
#        E:\folder\机器人队\Cube\Driver\EWARM\Driver\Obj\stm32f1xx_hal_gpio.o
#        E:\folder\机器人队\Cube\Driver\EWARM\Driver\Obj\stm32f1xx_hal_gpio_ex.o
#        E:\folder\机器人队\Cube\Driver\EWARM\Driver\Obj\stm32f1xx_hal_msp.o
#        E:\folder\机器人队\Cube\Driver\EWARM\Driver\Obj\stm32f1xx_hal_pwr.o
#        E:\folder\机器人队\Cube\Driver\EWARM\Driver\Obj\stm32f1xx_hal_rcc.o
#        E:\folder\机器人队\Cube\Driver\EWARM\Driver\Obj\stm32f1xx_hal_rcc_ex.o
#        E:\folder\机器人队\Cube\Driver\EWARM\Driver\Obj\stm32f1xx_hal_spi.o
#        E:\folder\机器人队\Cube\Driver\EWARM\Driver\Obj\stm32f1xx_hal_spi_ex.o
#        E:\folder\机器人队\Cube\Driver\EWARM\Driver\Obj\stm32f1xx_hal_tim.o
#        E:\folder\机器人队\Cube\Driver\EWARM\Driver\Obj\stm32f1xx_hal_tim_ex.o
#        E:\folder\机器人队\Cube\Driver\EWARM\Driver\Obj\stm32f1xx_hal_uart.o
#        E:\folder\机器人队\Cube\Driver\EWARM\Driver\Obj\stm32f1xx_it.o
#        E:\folder\机器人队\Cube\Driver\EWARM\Driver\Obj\system_stm32f1xx.o
#        E:\folder\机器人队\Cube\Driver\EWARM\Driver\Obj\tim.o
#        E:\folder\机器人队\Cube\Driver\EWARM\Driver\Obj\usart.o
#        E:\folder\机器人队\Cube\Driver\EWARM\Driver\Obj\utils.o --redirect
#        _Printf=_PrintfFull --redirect _Scanf=_ScanfFull -o
#        E:\folder\机器人队\Cube\Driver\EWARM\Driver\Exe\Driver.out --map
#        E:\folder\机器人队\Cube\Driver\EWARM\Driver\List\Driver.map
#        --config
#        E:\folder\机器人队\Cube\Driver\EWARM/stm32f103xe_flash.icf
#        --semihosting --entry __iar_program_start --vfe --text_out locale)
#
###############################################################################

*******************************************************************************
*** RUNTIME MODEL ATTRIBUTES
***

CppFlavor       = *
__Heap_Handler  = NoFree
__SystemLibrary = DLib
__dlib_version  = 6


*******************************************************************************
*** HEAP SELECTION
***

The no free heap was selected because no calls to memory
deallocation functions were found in the application.


*******************************************************************************
*** PLACEMENT SUMMARY
***

"A0":  place at 0x08000000 { ro section .intvec };
"P1":  place in [from 0x08000000 to 0x0807ffff] { ro };
define block CSTACK with size = 1K, alignment = 8 { };
define block HEAP with size = 512, alignment = 8 { };
"P2":  place in [from 0x20000000 to 0x2000ffff] {
          rw, block CSTACK, block HEAP };
initialize by copy { rw };

  Section            Kind        Address    Size  Object
  -------            ----        -------    ----  ------
"A0":                                      0x130
  .intvec            ro code  0x08000000   0x130  startup_stm32f103xe.o [1]
                            - 0x08000130   0x130

"P1":                                     0xb67c
  .text              ro code  0x08000130   0xfc4  cmd_func.o [1]
  .text              ro code  0x080010f4   0x3ec  usart.o [1]
  .text              ro code  0x080014e0   0x174  iar_Stoulx.o [3]
  .text              ro code  0x08001654    0x24  S32ToFlt.o [4]
  .text              ro code  0x08001678   0x154  flash.o [1]
  .text              ro code  0x080017cc    0x1c  U32ToFlt.o [4]
  .text              ro code  0x080017e8   0x468  strto64.o [4]
  .text              ro code  0x08001c50    0x68  DblToFlt.o [4]
  .text              ro code  0x08001cb8   0x2ec  motor.o [1]
  .text              ro code  0x08001fa4   0x46c  board.o [1]
  .text              ro code  0x08002410    0xd8  utils.o [1]
  .text              ro code  0x080024e8   0x16c  cmd.o [1]
  .text              ro code  0x08002654    0xa6  ABImemcpy.o [5]
  .text              ro code  0x080026fa    0x7a  lz77_init_single.o [5]
  .text              ro code  0x08002774    0x48  FltToDbl.o [4]
  .text              ro code  0x080027bc   0x2f8  stm32f1xx_hal_gpio.o [1]
  .text              ro code  0x08002ab4    0x28  stm32f1xx_hal.o [1]
  .text              ro code  0x08002adc   0x1fc  as5047p.o [1]
  .text              ro code  0x08002cd8   0x950  stm32f1xx_hal_uart.o [1]
  .text              ro code  0x08003628   0x4a4  main.o [1]
  .text              ro code  0x08003acc   0x72c  stm32f1xx_hal_dma.o [1]
  .text              ro code  0x080041f8    0x3c  vsnprint.o [3]
  .text              ro code  0x08004234    0x4c  strcpy.o [5]
  .text              ro code  0x08004280    0x66  ABImemset.o [5]
  .text              ro code  0x080042e6    0x14  isspace.o [3]
  .text              ro code  0x080042fa    0x14  tolower.o [3]
  .text              ro code  0x0800430e    0x1e  xencoding_8859_1.o [3]
  .text              ro code  0x0800432c    0x58  memchr.o [5]
  .text              ro code  0x08004384   0x1f0  stm32f1xx_hal_flash.o [1]
  .text              ro code  0x08004574   0x118  stm32f1xx_hal_flash_ex.o [1]
  .text              ro code  0x0800468c    0x2a  FltToS32.o [4]
  .text              ro code  0x080046b6    0x1a  xsnprout.o [3]
  .text              ro code  0x080046d0    0x70  frexp.o [4]
  .text              ro code  0x08004740   0x1a2  DblMul.o [4]
  .rodata            const    0x080048e2     0x2  cmd_func.o [1]
  .text              ro code  0x080048e4   0x13a  ldexp.o [4]
  .rodata            const    0x08004a1e     0x2  cmd_func.o [1]
  .text              ro code  0x08004a20   0x246  DblDiv.o [4]
  .text              ro code  0x08004c66   0x122  iar_Stopfx.o [3]
  .text              ro code  0x08004d88   0x1c8  iar_Stoflt.o [3]
  .text              ro code  0x08004f50    0x22  S32ToDbl.o [4]
  .rodata            const    0x08004f72     0x2  cmd_func.o [1]
  .text              ro code  0x08004f74   0x178  DblAdd.o [4]
  .text              ro code  0x080050ec   0x21c  iar_Stoxflt.o [3]
  .text              ro code  0x08005308    0x24  FltCmpGe.o [4]
  .text              ro code  0x0800532c    0x80  FltSub.o [4]
  .text              ro code  0x080053ac    0x2e  DblCmpLe.o [4]
  .rodata            const    0x080053da     0x2  stm32f1xx_hal_rcc.o [1]
  .text              ro code  0x080053dc    0x24  FltCmpLe.o [4]
  .text              ro code  0x08005400    0xd8  FltMul.o [4]
  .text              ro code  0x080054d8    0xfc  FltDiv.o [4]
  .text              ro code  0x080055d4    0x1c  FltCmpEq.o [4]
  .text              ro code  0x080055f0    0xe2  FltAdd.o [4]
  .rodata            const    0x080056d2     0x2  stm32f1xx_hal_rcc_ex.o [1]
  .text              ro code  0x080056d4    0x44  no_free_heap0.o [3]
  .text              ro code  0x08005718    0x4a  strcmp.o [5]
  .text              ro code  0x08005764   0x218  gpio.o [1]
  .text              ro code  0x0800597c     0xc  stm32f1xx_hal.o [1]
  .text              ro code  0x08005988   0x61c  stm32f1xx_hal_spi.o [1]
  .text              ro code  0x08005fa4     0x2  stm32f1xx_hal_uart.o [1]
  .text              ro code  0x08005fa6     0x2  stm32f1xx_hal_uart.o [1]
  .text              ro code  0x08005fa8     0x2  stm32f1xx_hal_uart.o [1]
  .text              ro code  0x08005faa     0x2  stm32f1xx_hal_uart.o [1]
  .text              ro code  0x08005fac   0x6f0  stm32f1xx_hal_rcc.o [1]
  .text              ro code  0x0800669c    0x28  stm32f1xx_hal.o [1]
  .text              ro code  0x080066c4    0x40  dma.o [1]
  .text              ro code  0x08006704   0x2fc  can.o [1]
  .text              ro code  0x08006a00    0xd0  spi.o [1]
  .text              ro code  0x08006ad0   0x320  tim.o [1]
  .text              ro code  0x08006df0   0x24c  adc.o [1]
  .text              ro code  0x0800703c    0xf0  stm32f1xx_hal_adc_ex.o [1]
  .text              ro code  0x0800712c   0x260  stm32f1xx_hal_rcc_ex.o [1]
  .text              ro code  0x0800738c   0x174  stm32f1xx_hal_cortex.o [1]
  .text              ro code  0x08007500   0x1ac  encoder.o [1]
  .text              ro code  0x080076ac   0xf96  xprintffull.o [3]
  .text              ro code  0x08008644    0xb0  xlocale_c.o [3]
  .text              ro code  0x080086f4    0x1e  U64Shr.o [5]
  .text              ro code  0x08008712    0x14  isalpha.o [3]
  .text              ro code  0x08008728    0xe2  DblSub.o [4]
  .text              ro code  0x0800880c    0x2c  xgetmemchunk.o [3]
  .text              ro code  0x08008838    0x4c  stm32f1xx_hal.o [1]
  .text              ro code  0x08008884    0xac  stm32f1xx_hal_msp.o [1]
  .text              ro code  0x08008930   0x91a  stm32f1xx_hal_can.o [1]
  .text              ro code  0x0800924c    0x24  ABIassert.o [6]
  .text              ro code  0x08009270    0x8a  stm32f1xx_hal_spi_ex.o [1]
  .text              ro code  0x080092fc   0x6f8  stm32f1xx_hal_tim.o [1]
  .text              ro code  0x080099f4    0x5c  stm32f1xx_hal_tim_ex.o [1]
  .text              ro code  0x08009a50   0x644  stm32f1xx_hal_adc.o [1]
  .text              ro code  0x0800a094    0x2e  DblCmpGe.o [4]
  .text              ro code  0x0800a0c4    0x16  strchr.o [5]
  .text              ro code  0x0800a0dc    0x40  xfail_s.o [3]
  .text              ro code  0x0800a11c    0x36  strlen.o [5]
  .text              ro code  0x0800a152     0xa  xmbcurmax.o [3]
  .text              ro code  0x0800a15c   0x22e  I64DivMod.o [5]
  .text              ro code  0x0800a38c    0x3a  DblToS32.o [4]
  .text              ro code  0x0800a3c8    0x28  DblToU32.o [4]
  .text              ro code  0x0800a3f0    0x1a  U32ToDbl.o [4]
  .text              ro code  0x0800a40a     0x2  stm32f1xx_hal_can.o [1]
  .text              ro code  0x0800a40c     0x6  abort.o [3]
  .text              ro code  0x0800a412     0x2  stm32f1xx_hal_tim.o [1]
  .text              ro code  0x0800a414     0x2  stm32f1xx_hal_tim.o [1]
  .text              ro code  0x0800a416     0x2  stm32f1xx_hal_tim.o [1]
  .text              ro code  0x0800a418     0x2  stm32f1xx_hal_tim_ex.o [1]
  .text              ro code  0x0800a41a     0x2  stm32f1xx_hal_tim.o [1]
  .text              ro code  0x0800a41c     0x2  stm32f1xx_hal_tim_ex.o [1]
  .text              ro code  0x0800a420     0x2  I64DivZer.o [5]
  .text              ro code  0x0800a424    0x14  exit.o [6]
  .text              ro code  0x0800a438   0x1a0  can_func.o [1]
  .text              ro code  0x0800a5d8    0x94  stm32f1xx_it.o [1]
  .text              ro code  0x0800a66c    0x18  stm32f1xx_hal.o [1]
  .text              ro code  0x0800a684    0x68  system_stm32f1xx.o [1]
  .rodata            const    0x0800a6ec    0x54  cmd.o [1]
  .rodata            const    0x0800a740    0x44  cmd_func.o [1]
  .text              ro code  0x0800a784    0x40  zero_init3.o [5]
  .rodata            const    0x0800a7c4    0x34  board.o [1]
  .rodata            const    0x0800a7f8    0x30  adc.o [1]
  .rodata            const    0x0800a828    0x30  can.o [1]
  .rodata            const    0x0800a858    0x30  cmd_func.o [1]
  .rodata            const    0x0800a888    0x30  main.o [1]
  .rodata            const    0x0800a8b8    0x30  spi.o [1]
  .rodata            const    0x0800a8e8    0x30  tim.o [1]
  .rodata            const    0x0800a918    0x30  usart.o [1]
  .rodata            const    0x0800a948    0x28  cmd_func.o [1]
  .rodata            const    0x0800a970    0x28  cmd_func.o [1]
  .rodata            const    0x0800a998    0x28  cmd_func.o [1]
  .rodata            const    0x0800a9c0    0x28  cmd_func.o [1]
  .text              ro code  0x0800a9e8    0x28  data_init.o [5]
  .rodata            const    0x0800aa10    0x24  cmd_func.o [1]
  .rodata            const    0x0800aa34    0x24  cmd_func.o [1]
  .rodata            const    0x0800aa58    0x24  cmd_func.o [1]
  .rodata            const    0x0800aa7c    0x24  cmd_func.o [1]
  .rodata            const    0x0800aaa0    0x24  main.o [1]
  .iar.init_table    const    0x0800aac4    0x20  - Linker created -
  .rodata            const    0x0800aae4    0x20  cmd_func.o [1]
  .rodata            const    0x0800ab04    0x20  cmd_func.o [1]
  .rodata            const    0x0800ab24    0x20  cmd_func.o [1]
  .rodata            const    0x0800ab44    0x20  cmd_func.o [1]
  .rodata            const    0x0800ab64    0x20  cmd_func.o [1]
  .rodata            const    0x0800ab84    0x20  cmd_func.o [1]
  .rodata            const    0x0800aba4    0x20  cmd_func.o [1]
  .rodata            const    0x0800abc4    0x20  cmd_func.o [1]
  .rodata            const    0x0800abe4    0x20  cmd_func.o [1]
  .rodata            const    0x0800ac04    0x20  cmd_func.o [1]
  .text              ro code  0x0800ac24    0x1e  cmain.o [5]
  .text              ro code  0x0800ac42     0x4  low_level_init.o [3]
  .text              ro code  0x0800ac46     0x4  exit.o [3]
  .text              ro code  0x0800ac4c     0xa  cexit.o [5]
  .rodata            const    0x0800ac58    0x1c  cmd.o [1]
  .rodata            const    0x0800ac74    0x1c  cmd_func.o [1]
  .rodata            const    0x0800ac90    0x1c  cmd_func.o [1]
  .rodata            const    0x0800acac    0x1c  cmd_func.o [1]
  .rodata            const    0x0800acc8    0x1c  cmd_func.o [1]
  .rodata            const    0x0800ace4    0x1c  cmd_func.o [1]
  .rodata            const    0x0800ad00    0x1c  cmd_func.o [1]
  .rodata            const    0x0800ad1c    0x1c  cmd_func.o [1]
  .rodata            const    0x0800ad38    0x1c  cmd_func.o [1]
  .rodata            const    0x0800ad54    0x1c  cmd_func.o [1]
  .rodata            const    0x0800ad70    0x18  board.o [1]
  .rodata            const    0x0800ad88    0x18  cmd_func.o [1]
  .rodata            const    0x0800ada0    0x18  cmd_func.o [1]
  .rodata            const    0x0800adb8    0x18  cmd_func.o [1]
  .rodata            const    0x0800add0    0x18  cmd_func.o [1]
  .rodata            const    0x0800ade8    0x18  cmd_func.o [1]
  .rodata            const    0x0800ae00    0x18  cmd_func.o [1]
  .rodata            const    0x0800ae18    0x18  cmd_func.o [1]
  .rodata            const    0x0800ae30    0x18  cmd_func.o [1]
  .rodata            const    0x0800ae48    0x18  cmd_func.o [1]
  .rodata            const    0x0800ae60    0x18  cmd_func.o [1]
  .rodata            const    0x0800ae78    0x18  cmd_func.o [1]
  .rodata            const    0x0800ae90    0x18  cmd_func.o [1]
  .rodata            const    0x0800aea8    0x18  flash.o [1]
  .rodata            const    0x0800aec0    0x18  main.o [1]
  .rodata            const    0x0800aed8    0x18  main.o [1]
  .rodata            const    0x0800aef0    0x18  main.o [1]
  .rodata            const    0x0800af08    0x14  adc.o [1]
  .rodata            const    0x0800af1c    0x14  board.o [1]
  .rodata            const    0x0800af30    0x14  can.o [1]
  .rodata            const    0x0800af44    0x14  cmd_func.o [1]
  .rodata            const    0x0800af58    0x14  cmd_func.o [1]
  .rodata            const    0x0800af6c    0x14  cmd_func.o [1]
  .rodata            const    0x0800af80    0x14  cmd_func.o [1]
  .rodata            const    0x0800af94    0x14  cmd_func.o [1]
  .rodata            const    0x0800afa8    0x14  cmd_func.o [1]
  .rodata            const    0x0800afbc    0x14  cmd_func.o [1]
  .rodata            const    0x0800afd0    0x14  cmd_func.o [1]
  .rodata            const    0x0800afe4    0x14  cmd_func.o [1]
  .rodata            const    0x0800aff8    0x14  cmd_func.o [1]
  .rodata            const    0x0800b00c    0x14  cmd_func.o [1]
  .rodata            const    0x0800b020    0x14  cmd_func.o [1]
  .rodata            const    0x0800b034    0x14  cmd_func.o [1]
  .rodata            const    0x0800b048    0x14  cmd_func.o [1]
  .rodata            const    0x0800b05c    0x14  cmd_func.o [1]
  .rodata            const    0x0800b070    0x14  cmd_func.o [1]
  .rodata            const    0x0800b084    0x14  cmd_func.o [1]
  .rodata            const    0x0800b098    0x14  cmd_func.o [1]
  .rodata            const    0x0800b0ac    0x14  cmd_func.o [1]
  .rodata            const    0x0800b0c0    0x14  cmd_func.o [1]
  .rodata            const    0x0800b0d4    0x14  flash.o [1]
  .rodata            const    0x0800b0e8    0x14  flash.o [1]
  .rodata            const    0x0800b0fc    0x14  gpio.o [1]
  .rodata            const    0x0800b110    0x14  gpio.o [1]
  .rodata            const    0x0800b124    0x14  main.o [1]
  .rodata            const    0x0800b138    0x14  main.o [1]
  .rodata            const    0x0800b14c    0x14  main.o [1]
  .rodata            const    0x0800b160    0x14  usart.o [1]
  .rodata            const    0x0800b174    0x10  board.o [1]
  .rodata            const    0x0800b184    0x10  cmd.o [1]
  .rodata            const    0x0800b194    0x10  cmd_func.o [1]
  .rodata            const    0x0800b1a4    0x10  cmd_func.o [1]
  .rodata            const    0x0800b1b4    0x10  cmd_func.o [1]
  .rodata            const    0x0800b1c4    0x10  cmd_func.o [1]
  .rodata            const    0x0800b1d4    0x10  cmd_func.o [1]
  .rodata            const    0x0800b1e4    0x10  cmd_func.o [1]
  .rodata            const    0x0800b1f4    0x10  cmd_func.o [1]
  .rodata            const    0x0800b204    0x10  cmd_func.o [1]
  .rodata            const    0x0800b214    0x10  cmd_func.o [1]
  .rodata            const    0x0800b224    0x10  cmd_func.o [1]
  .rodata            const    0x0800b234    0x10  cmd_func.o [1]
  .rodata            const    0x0800b244    0x10  cmd_func.o [1]
  .rodata            const    0x0800b254    0x10  cmd_func.o [1]
  .rodata            const    0x0800b264    0x10  cmd_func.o [1]
  .rodata            const    0x0800b274    0x10  cmd_func.o [1]
  .rodata            const    0x0800b284    0x10  main.o [1]
  .rodata            const    0x0800b294    0x10  stm32f1xx_hal_rcc.o [1]
  .rodata            const    0x0800b2a4    0x10  stm32f1xx_hal_rcc_ex.o [1]
  .rodata            const    0x0800b2b4    0x10  system_stm32f1xx.o [1]
  .rodata            const    0x0800b2c4    0x10  usart.o [1]
  .text              ro code  0x0800b2d4    0x10  startup_stm32f103xe.o [1]
  .rodata            const    0x0800b2e4     0xc  cmd.o [1]
  .rodata            const    0x0800b2f0     0xc  cmd_func.o [1]
  .rodata            const    0x0800b2fc     0xc  flash.o [1]
  .rodata            const    0x0800b308     0xc  main.o [1]
  .text              ro code  0x0800b314     0xc  cstartup_M.o [5]
  .rodata            const    0x0800b320     0x8  can.o [1]
  .rodata            const    0x0800b328     0x8  cmd_func.o [1]
  .rodata            const    0x0800b330     0x8  cmd_func.o [1]
  .rodata            const    0x0800b338     0x8  cmd_func.o [1]
  .rodata            const    0x0800b340     0x8  cmd_func.o [1]
  .rodata            const    0x0800b348     0x8  system_stm32f1xx.o [1]
  .rodata            const    0x0800b350     0x6  xlocale_c.o [3]
  .text              ro code  0x0800b356     0x4  startup_stm32f103xe.o [1]
  .text              ro code  0x0800b35a     0x4  startup_stm32f103xe.o [1]
  .text              ro code  0x0800b35e     0x4  startup_stm32f103xe.o [1]
  .text              ro code  0x0800b362     0x4  startup_stm32f103xe.o [1]
  .text              ro code  0x0800b366     0x4  startup_stm32f103xe.o [1]
  .text              ro code  0x0800b36a     0x4  startup_stm32f103xe.o [1]
  .text              ro code  0x0800b36e     0x4  startup_stm32f103xe.o [1]
  .text              ro code  0x0800b372     0x4  startup_stm32f103xe.o [1]
  .text              ro code  0x0800b376     0x4  startup_stm32f103xe.o [1]
  .text              ro code  0x0800b37a     0x4  startup_stm32f103xe.o [1]
  .text              ro code  0x0800b37e     0x4  startup_stm32f103xe.o [1]
  .text              ro code  0x0800b382     0x4  startup_stm32f103xe.o [1]
  .text              ro code  0x0800b386     0x4  startup_stm32f103xe.o [1]
  .text              ro code  0x0800b38a     0x4  startup_stm32f103xe.o [1]
  .text              ro code  0x0800b38e     0x4  startup_stm32f103xe.o [1]
  .text              ro code  0x0800b392     0x4  startup_stm32f103xe.o [1]
  .text              ro code  0x0800b396     0x4  startup_stm32f103xe.o [1]
  .text              ro code  0x0800b39a     0x4  startup_stm32f103xe.o [1]
  .text              ro code  0x0800b39e     0x4  startup_stm32f103xe.o [1]
  .text              ro code  0x0800b3a2     0x4  startup_stm32f103xe.o [1]
  .text              ro code  0x0800b3a6     0x4  startup_stm32f103xe.o [1]
  .text              ro code  0x0800b3aa     0x4  startup_stm32f103xe.o [1]
  .text              ro code  0x0800b3ae     0x4  startup_stm32f103xe.o [1]
  .text              ro code  0x0800b3b2     0x4  startup_stm32f103xe.o [1]
  .text              ro code  0x0800b3b6     0x4  startup_stm32f103xe.o [1]
  .text              ro code  0x0800b3ba     0x4  startup_stm32f103xe.o [1]
  .text              ro code  0x0800b3be     0x4  startup_stm32f103xe.o [1]
  .text              ro code  0x0800b3c2     0x4  startup_stm32f103xe.o [1]
  .text              ro code  0x0800b3c6     0x4  startup_stm32f103xe.o [1]
  .text              ro code  0x0800b3ca     0x4  startup_stm32f103xe.o [1]
  .text              ro code  0x0800b3ce     0x4  startup_stm32f103xe.o [1]
  .text              ro code  0x0800b3d2     0x4  startup_stm32f103xe.o [1]
  .text              ro code  0x0800b3d6     0x4  startup_stm32f103xe.o [1]
  .text              ro code  0x0800b3da     0x4  startup_stm32f103xe.o [1]
  .text              ro code  0x0800b3de     0x4  startup_stm32f103xe.o [1]
  .text              ro code  0x0800b3e2     0x4  startup_stm32f103xe.o [1]
  .text              ro code  0x0800b3e6     0x4  startup_stm32f103xe.o [1]
  .text              ro code  0x0800b3ea     0x4  startup_stm32f103xe.o [1]
  .text              ro code  0x0800b3ee     0x4  startup_stm32f103xe.o [1]
  .text              ro code  0x0800b3f2     0x4  startup_stm32f103xe.o [1]
  .text              ro code  0x0800b3f6     0x4  startup_stm32f103xe.o [1]
  .text              ro code  0x0800b3fa     0x4  startup_stm32f103xe.o [1]
  .text              ro code  0x0800b3fe     0x4  startup_stm32f103xe.o [1]
  .text              ro code  0x0800b402     0x4  startup_stm32f103xe.o [1]
  .text              ro code  0x0800b406     0x4  startup_stm32f103xe.o [1]
  .text              ro code  0x0800b40a     0x4  startup_stm32f103xe.o [1]
  .text              ro code  0x0800b40e     0x4  startup_stm32f103xe.o [1]
  .text              ro code  0x0800b412     0x4  startup_stm32f103xe.o [1]
  .text              ro code  0x0800b416     0x4  startup_stm32f103xe.o [1]
  .text              ro code  0x0800b41a     0x4  startup_stm32f103xe.o [1]
  .text              ro code  0x0800b41e     0x4  startup_stm32f103xe.o [1]
  .text              ro code  0x0800b422     0x4  startup_stm32f103xe.o [1]
  .rodata            const    0x0800b426     0x0  zero_init3.o [5]
  .rodata            const    0x0800b426     0x0  lz77_init_single.o [5]
  Initializer bytes  const    0x0800b426   0x386  <for P2-1>
                            - 0x0800b7ac  0xb67c

"P2", part 1 of 3:                         0xc5e
  P2-1                        0x20000000   0xc5e  <Init block>
    .data            inited   0x20000000     0x8  motor.o [1]
    .data            inited   0x20000008     0x8  board.o [1]
    .data            inited   0x20000010     0x8  board.o [1]
    .data            inited   0x20000018     0x8  board.o [1]
    .data            inited   0x20000020     0x8  board.o [1]
    .data            inited   0x20000028     0x8  board.o [1]
    .data            inited   0x20000030     0x8  board.o [1]
    .data            inited   0x20000038    0x18  board.o [1]
    .data            inited   0x20000050    0x18  board.o [1]
    .data            inited   0x20000068     0x4  board.o [1]
    .data            inited   0x2000006c     0x8  board.o [1]
    .data            inited   0x20000074   0xa50  cmd.o [1]
    .data            inited   0x20000ac4    0x50  cmd_func.o [1]
    .data            inited   0x20000b14     0x4  main.o [1]
    .data            inited   0x20000b18    0x10  motor.o [1]
    .data            inited   0x20000b28    0x10  motor.o [1]
    .data            inited   0x20000b38    0x10  motor.o [1]
    .data            inited   0x20000b48    0x10  motor.o [1]
    .data            inited   0x20000b58     0x4  stm32f1xx_hal.o [1]
    .data            inited   0x20000b5c     0x4  system_stm32f1xx.o [1]
    .data            inited   0x20000b60    0x18  usart.o [1]
    .data            inited   0x20000b78    0x20  utils.o [1]
    .data            inited   0x20000b98    0x20  utils.o [1]
    .data            inited   0x20000bb8    0x20  utils.o [1]
    .data            inited   0x20000bd8    0x38  xlocale_c.o [3]
    .data            inited   0x20000c10    0x48  xlocale_c.o [3]
    .data            inited   0x20000c58     0x2  board.o [1]
    .data            inited   0x20000c5a     0x1  board.o [1]
    .data            inited   0x20000c5b     0x1  board.o [1]
    .data            inited   0x20000c5c     0x1  stm32f1xx_hal.o [1]
    .data            inited   0x20000c5d     0x1  utils.o [1]
                            - 0x20000c5e   0xc5e

"P2", part 2 of 3:                         0x7cc
  .bss               zero     0x20000c60   0x190  can.o [1]
  .bss               zero     0x20000df0    0xc8  usart.o [1]
  .bss               zero     0x20000eb8    0x68  usart.o [1]
  .bss               zero     0x20000f20    0x64  usart.o [1]
  .bss               zero     0x20000f84    0x64  usart.o [1]
  .bss               zero     0x20000fe8    0x58  spi.o [1]
  .bss               zero     0x20001040    0x44  can.o [1]
  .bss               zero     0x20001084    0x44  usart.o [1]
  .bss               zero     0x200010c8    0x44  usart.o [1]
  .bss               zero     0x2000110c    0x40  tim.o [1]
  .bss               zero     0x2000114c    0x40  tim.o [1]
  .bss               zero     0x2000118c    0x40  tim.o [1]
  .bss               zero     0x200011cc    0x40  tim.o [1]
  .bss               zero     0x2000120c    0x40  usart.o [1]
  .bss               zero     0x2000124c    0x38  flash.o [1]
  .bss               zero     0x20001284    0x30  adc.o [1]
  .bss               zero     0x200012b4    0x30  cmd.o [1]
  .bss               zero     0x200012e4    0x28  can.o [1]
  .bss               zero     0x2000130c    0x24  can.o [1]
  .bss               zero     0x20001330    0x20  stm32f1xx_hal_flash.o [1]
  .bss               zero     0x20001350    0x1c  board.o [1]
  .bss               zero     0x2000136c    0x1c  board.o [1]
  .bss               zero     0x20001388    0x1c  can.o [1]
  .bss               zero     0x200013a4     0x4  adc.o [1]
  .bss               zero     0x200013a8     0x8  can.o [1]
  .bss               zero     0x200013b0     0x4  board.o [1]
  .bss               zero     0x200013b4     0x4  board.o [1]
  .bss               zero     0x200013b8     0x4  board.o [1]
  .bss               zero     0x200013bc     0x4  board.o [1]
  .bss               zero     0x200013c0     0x4  board.o [1]
  .bss               zero     0x200013c4     0x4  board.o [1]
  .bss               zero     0x200013c8     0x4  can.o [1]
  .bss               zero     0x200013cc     0x4  main.o [1]
  .bss               zero     0x200013d0     0x4  main.o [1]
  .bss               zero     0x200013d4     0x4  main.o [1]
  .bss               zero     0x200013d8     0x4  stm32f1xx_hal.o [1]
  .bss               zero     0x200013dc     0x4  usart.o [1]
  .bss               zero     0x200013e0     0x4  usart.o [1]
  .bss               zero     0x200013e4     0x4  utils.o [1]
  .bss               zero     0x200013e8     0x4  utils.o [1]
  .bss               zero     0x200013ec     0x4  utils.o [1]
  .bss               zero     0x200013f0     0x4  utils.o [1]
  .bss               zero     0x200013f4     0x4  utils.o [1]
  .bss               zero     0x200013f8     0x4  utils.o [1]
  .bss               zero     0x200013fc     0x4  utils.o [1]
  .bss               zero     0x20001400     0x4  utils.o [1]
  .bss               zero     0x20001404     0x4  utils.o [1]
  .bss               zero     0x20001408     0x4  utils.o [1]
  .bss               zero     0x2000140c     0x4  utils.o [1]
  .bss               zero     0x20001410     0x4  utils.o [1]
  .bss               zero     0x20001414     0x4  utils.o [1]
  .bss               zero     0x20001418     0x4  xfail_s.o [3]
  .bss               zero     0x2000141c     0x4  no_free_heap0.o [3]
  .bss               zero     0x20001420     0x4  xgetmemchunk.o [3]
  .bss               zero     0x20001424     0x2  board.o [1]
  .bss               zero     0x20001426     0x1  board.o [1]
  .bss               zero     0x20001427     0x1  board.o [1]
  .bss               zero     0x20001428     0x1  encoder.o [1]
  .bss               zero     0x20001429     0x1  usart.o [1]
  .bss               zero     0x2000142a     0x1  utils.o [1]
                            - 0x2000142b   0x7cb

"P2", part 3 of 3:                         0x600
  CSTACK                      0x20001430   0x400  <Block>
    CSTACK           uninit   0x20001430   0x400  <Block tail>
  HEAP                        0x20001830   0x200  <Block>
    HEAP             uninit   0x20001830   0x200  <Block tail>
                            - 0x20001a30   0x600


*******************************************************************************
*** INIT TABLE
***

          Address     Size
          -------     ----
Zero (__iar_zero_init3)
    1 destination range, total size 0x7cb:
          0x20000c60  0x7cb

Copy/lz77 (__iar_lz77_init_single3)
    1 source range, total size 0x386 (28% of destination):
          0x0800b426  0x386
    1 destination range, total size 0xc5e:
          0x20000000  0xc5e



*******************************************************************************
*** MODULE SUMMARY
***

    Module                    ro code  ro data  rw data
    ------                    -------  -------  -------
E:\folder\机器人队\Cube\Driver\EWARM\Driver\Obj: [1]
    adc.o                         588       68       52
    as5047p.o                     508
    board.o                     1 132      144      196
    can.o                         764       76      584
    can_func.o                    416
    cmd.o                         364      892    2 688
    cmd_func.o                  4 036    1 992       80
    dma.o                          64
    encoder.o                     428                 1
    flash.o                       340       76       56
    gpio.o                        536       40
    main.o                      1 188      246       16
    motor.o                       748       20       72
    spi.o                         208       48       88
    startup_stm32f103xe.o         528
    stm32f1xx_hal.o               192        1        9
    stm32f1xx_hal_adc.o         1 604
    stm32f1xx_hal_adc_ex.o        240
    stm32f1xx_hal_can.o         2 332
    stm32f1xx_hal_cortex.o        372
    stm32f1xx_hal_dma.o         1 836
    stm32f1xx_hal_flash.o         496                32
    stm32f1xx_hal_flash_ex.o      280
    stm32f1xx_hal_gpio.o          760
    stm32f1xx_hal_msp.o           172
    stm32f1xx_hal_rcc.o         1 776       18
    stm32f1xx_hal_rcc_ex.o        608       18
    stm32f1xx_hal_spi.o         1 564
    stm32f1xx_hal_spi_ex.o        138
    stm32f1xx_hal_tim.o         1 792
    stm32f1xx_hal_tim_ex.o         96
    stm32f1xx_hal_uart.o        2 392
    stm32f1xx_it.o                148
    system_stm32f1xx.o            104       25        4
    tim.o                         800       48      256
    usart.o                     1 004       91      737
    utils.o                       216       28      150
    ---------------------------------------------------
    Total:                     30 770    3 831    5 021

command line: [2]
    ---------------------------------------------------
    Total:

dl7M_tlf.a: [3]
    abort.o                         6
    exit.o                          4
    iar_Stoflt.o                  456
    iar_Stopfx.o                  290
    iar_Stoulx.o                  372
    iar_Stoxflt.o                 540
    isalpha.o                      20
    isspace.o                      20
    low_level_init.o                4
    no_free_heap0.o                68                 4
    tolower.o                      20
    vsnprint.o                     60
    xencoding_8859_1.o             30
    xfail_s.o                      64                 4
    xgetmemchunk.o                 44                 4
    xlocale_c.o                   176       43      128
    xmbcurmax.o                    10
    xprintffull.o               3 990
    xsnprout.o                     26
    ---------------------------------------------------
    Total:                      6 200       43      140

m7M_tl.a: [4]
    DblAdd.o                      376
    DblCmpGe.o                     46
    DblCmpLe.o                     46
    DblDiv.o                      582
    DblMul.o                      418
    DblSub.o                      226
    DblToFlt.o                    104
    DblToS32.o                     58
    DblToU32.o                     40
    FltAdd.o                      226
    FltCmpEq.o                     28
    FltCmpGe.o                     36
    FltCmpLe.o                     36
    FltDiv.o                      252
    FltMul.o                      216
    FltSub.o                      128
    FltToDbl.o                     72
    FltToS32.o                     42
    S32ToDbl.o                     34
    S32ToFlt.o                     36
    U32ToDbl.o                     26
    U32ToFlt.o                     28
    frexp.o                       112
    ldexp.o                       314
    strto64.o                   1 128
    ---------------------------------------------------
    Total:                      4 610

rt7M_tl.a: [5]
    ABImemcpy.o                   166
    ABImemset.o                   102
    I64DivMod.o                   558
    I64DivZer.o                     2
    U64Shr.o                       30
    cexit.o                        10
    cmain.o                        30
    cstartup_M.o                   12
    data_init.o                    40
    lz77_init_single.o            122
    memchr.o                       88
    strchr.o                       22
    strcmp.o                       74
    strcpy.o                       76
    strlen.o                       54
    zero_init3.o                   64
    ---------------------------------------------------
    Total:                      1 450

shb_l.a: [6]
    ABIassert.o                    36
    exit.o                         20
    ---------------------------------------------------
    Total:                         56

    Gaps                           26        2
    Linker created                          32    1 536
-------------------------------------------------------
    Grand Total:               43 112    3 908    6 697


*******************************************************************************
*** ENTRY LIST
***

Entry                      Address   Size  Type      Object
-----                      -------   ----  ----      ------
.iar.init_table$$Base   0x0800aac4          --   Gb  - Linker created -
.iar.init_table$$Limit  0x0800aae4          --   Gb  - Linker created -
?main                   0x0800ac25         Code  Gb  cmain.o [5]
AB                      0x20000008    0x8  Data  Gb  board.o [1]
AC                      0x20000010    0x8  Data  Gb  board.o [1]
ADC_ConversionStop_Disable
                        0x0800a049   0x4a  Code  Gb  stm32f1xx_hal_adc.o [1]
ADC_Enable              0x08009fa1   0x6e  Code  Gb  stm32f1xx_hal_adc.o [1]
AHBPrescTable           0x0800b2b4   0x10  Data  Gb  system_stm32f1xx.o [1]
APBPrescTable           0x0800b348    0x8  Data  Gb  system_stm32f1xx.o [1]
AS5047p_Get             0x08007549   0x6c  Code  Gb  encoder.o [1]
BA                      0x20000020    0x8  Data  Gb  board.o [1]
BC                      0x20000018    0x8  Data  Gb  board.o [1]
Board_Mode              0x20000c5b    0x1  Data  Gb  board.o [1]
Brush_PWM_Control       0x08001cb9   0x2a  Code  Gb  motor.o [1]
Brush_chl               0x20000b48   0x10  Data  Gb  motor.o [1]
Brush_chl_AB            0x20000b18   0x10  Data  Gb  motor.o [1]
Brush_chl_AC            0x20000b38   0x10  Data  Gb  motor.o [1]
Brush_chl_BC            0x20000b28   0x10  Data  Gb  motor.o [1]
BusFault_Handler        0x0800a5df    0x2  Code  Gb  stm32f1xx_it.o [1]
CA                      0x20000028    0x8  Data  Gb  board.o [1]
CAN_LIST_MATCH          0x080068a1   0x32  Code  Gb  can.o [1]
CAN_Receive_IT          0x0800906b  0x1e0  Code  Lc  stm32f1xx_hal_can.o [1]
CAN_Transmit_IT         0x0800900d   0x5e  Code  Lc  stm32f1xx_hal_can.o [1]
CB                      0x20000030    0x8  Data  Gb  board.o [1]
CSTACK$$Base            0x20001430          --   Gb  - Linker created -
CSTACK$$Limit           0x20001830          --   Gb  - Linker created -
CacheMore               0x08008685   0x24  Code  Lc  xlocale_c.o [3]
Close_Phases            0x0800216f   0x34  Code  Gb  board.o [1]
Command                 0x08002ca3   0x20  Code  Lc  as5047p.o [1]
Configure_Filter        0x080067fd   0x4e  Code  Gb  can.o [1]
Control                 0x08001cff  0x250  Code  Gb  motor.o [1]
Control_Mode            0x2000142a    0x1  Data  Gb  utils.o [1]
Count_PARC              0x08002c65   0x3e  Code  Lc  as5047p.o [1]
Current_PID             0x20000b78   0x20  Data  Gb  utils.o [1]
Current_init            0x08006f71   0x88  Code  Gb  adc.o [1]
DMA1_Channel4_IRQHandler
                        0x0800a609    0xa  Code  Gb  stm32f1xx_it.o [1]
DMA1_Channel5_IRQHandler
                        0x0800a613    0xa  Code  Gb  stm32f1xx_it.o [1]
DMAUSART_RX_BUF         0x20000f84   0x64  Data  Gb  usart.o [1]
DMA_RxOK_Flag           0x200013dc    0x4  Data  Gb  usart.o [1]
DMA_SetConfig           0x080041cd   0x2c  Code  Lc  stm32f1xx_hal_dma.o [1]
DMAaRxBuffer            0x20000f20   0x64  Data  Gb  usart.o [1]
DebugMon_Handler        0x0800a5e5    0x2  Code  Gb  stm32f1xx_it.o [1]
Direction               0x20000c5a    0x1  Data  Gb  board.o [1]
Dtentox                 0x080018f5  0x18c  Code  Lc  strto64.o [4]
Duty                    0x200013e8    0x4  Data  Gb  utils.o [1]
EXTI3_IRQHandler        0x0800a5f5    0xa  Code  Gb  stm32f1xx_it.o [1]
EXTI4_IRQHandler        0x0800a5ff    0xa  Code  Gb  stm32f1xx_it.o [1]
EXTI9_5_IRQHandler      0x0800a627    0xa  Code  Gb  stm32f1xx_it.o [1]
Encoder                 0x20001428    0x1  Data  Gb  encoder.o [1]
Encoder_Get             0x08007501   0x48  Code  Gb  encoder.o [1]
FLASH_MassErase         0x0800462f   0x2a  Code  Lc  stm32f1xx_hal_flash_ex.o [1]
FLASH_PageErase         0x08004659   0x24  Code  Gb  stm32f1xx_hal_flash_ex.o [1]
FLASH_Program_HalfWord  0x08004477   0x16  Code  Lc  stm32f1xx_hal_flash.o [1]
FLASH_SetErrorCode      0x080044e9   0x6e  Code  Lc  stm32f1xx_hal_flash.o [1]
FLASH_WaitForLastOperation
                        0x0800448d   0x5c  Code  Gb  stm32f1xx_hal_flash.o [1]
First_Time_Check        0x20001426    0x1  Data  Gb  board.o [1]
Get_Adc1_4              0x08006e8d   0x2a  Code  Gb  adc.o [1]
Get_Current             0x08006eb7   0xba  Code  Gb  adc.o [1]
Get_Hall_Position       0x080021a3    0xe  Code  Gb  board.o [1]
Get_SP                  0x08007645   0x2e  Code  Gb  encoder.o [1]
Get_Start_Position      0x08002223   0x1e  Code  Gb  board.o [1]
HAL_ADCEx_Calibration_Start
                        0x0800703d   0xec  Code  Gb  stm32f1xx_hal_adc_ex.o [1]
HAL_ADC_ConfigChannel   0x08009e4b  0x152  Code  Gb  stm32f1xx_hal_adc.o [1]
HAL_ADC_GetState        0x08009f9d    0x4  Code  Gb  stm32f1xx_hal_adc.o [1]
HAL_ADC_GetValue        0x08009e45    0x6  Code  Gb  stm32f1xx_hal_adc.o [1]
HAL_ADC_Init            0x08009a51  0x164  Code  Gb  stm32f1xx_hal_adc.o [1]
HAL_ADC_MspInit         0x08006e53   0x3a  Code  Gb  adc.o [1]
HAL_ADC_PollForConversion
                        0x08009cdf  0x166  Code  Gb  stm32f1xx_hal_adc.o [1]
HAL_ADC_Start           0x08009bb5  0x12a  Code  Gb  stm32f1xx_hal_adc.o [1]
HAL_CAN_ConfigFilter    0x08008a8f  0x128  Code  Gb  stm32f1xx_hal_can.o [1]
HAL_CAN_ErrorCallback   0x08006903   0x24  Code  Gb  can.o [1]
HAL_CAN_IRQHandler      0x08008ccd  0x32a  Code  Gb  stm32f1xx_hal_can.o [1]
HAL_CAN_Init            0x08008931  0x15e  Code  Gb  stm32f1xx_hal_can.o [1]
HAL_CAN_MspInit         0x0800676d   0x56  Code  Gb  can.o [1]
HAL_CAN_Receive_IT      0x08008bb7  0x116  Code  Gb  stm32f1xx_hal_can.o [1]
HAL_CAN_RxCpltCallback  0x080068d3   0x30  Code  Gb  can.o [1]
HAL_DMA_Abort           0x08003c03   0x36  Code  Gb  stm32f1xx_hal_dma.o [1]
HAL_DMA_Abort_IT        0x08003c39  0x1be  Code  Gb  stm32f1xx_hal_dma.o [1]
HAL_DMA_IRQHandler      0x08003e3d  0x358  Code  Gb  stm32f1xx_hal_dma.o [1]
HAL_DMA_Init            0x08003acd   0x9e  Code  Gb  stm32f1xx_hal_dma.o [1]
HAL_DMA_Start_IT        0x08003b6b   0x98  Code  Gb  stm32f1xx_hal_dma.o [1]
HAL_Delay               0x08002ab5   0x28  Code  Wk  stm32f1xx_hal.o [1]
HAL_FLASHEx_Erase       0x08004575   0xba  Code  Gb  stm32f1xx_hal_flash_ex.o [1]
HAL_FLASH_Lock          0x08004467   0x10  Code  Gb  stm32f1xx_hal_flash.o [1]
HAL_FLASH_Program       0x08004385   0xbc  Code  Gb  stm32f1xx_hal_flash.o [1]
HAL_FLASH_Unlock        0x08004441   0x26  Code  Gb  stm32f1xx_hal_flash.o [1]
HAL_GPIO_EXTI_Callback  0x08005841   0xe8  Code  Gb  gpio.o [1]
HAL_GPIO_EXTI_IRQHandler
                        0x08002a45   0x22  Code  Gb  stm32f1xx_hal_gpio.o [1]
HAL_GPIO_Init           0x080027bd  0x24c  Code  Gb  stm32f1xx_hal_gpio.o [1]
HAL_GPIO_ReadPin        0x08002a09   0x16  Code  Gb  stm32f1xx_hal_gpio.o [1]
HAL_GPIO_TogglePin      0x08002a39    0xc  Code  Gb  stm32f1xx_hal_gpio.o [1]
HAL_GPIO_WritePin       0x08002a1f   0x1a  Code  Gb  stm32f1xx_hal_gpio.o [1]
HAL_GetTick             0x0800597d    0xc  Code  Wk  stm32f1xx_hal.o [1]
HAL_IncTick             0x0800a66d   0x18  Code  Wk  stm32f1xx_hal.o [1]
HAL_Init                0x0800669d   0x22  Code  Gb  stm32f1xx_hal.o [1]
HAL_InitTick            0x08008839   0x4c  Code  Wk  stm32f1xx_hal.o [1]
HAL_MspInit             0x08008885   0xac  Code  Gb  stm32f1xx_hal_msp.o [1]
HAL_NVIC_EnableIRQ      0x0800749d    0xe  Code  Gb  stm32f1xx_hal_cortex.o [1]
HAL_NVIC_SetPriority    0x08007473   0x2a  Code  Gb  stm32f1xx_hal_cortex.o [1]
HAL_NVIC_SetPriorityGrouping
                        0x08007467    0xc  Code  Gb  stm32f1xx_hal_cortex.o [1]
HAL_RCCEx_GetPeriphCLKFreq
                        0x0800723b  0x122  Code  Gb  stm32f1xx_hal_rcc_ex.o [1]
HAL_RCCEx_PeriphCLKConfig
                        0x0800712d  0x10e  Code  Gb  stm32f1xx_hal_rcc_ex.o [1]
HAL_RCC_ClockConfig     0x08006403  0x188  Code  Gb  stm32f1xx_hal_rcc.o [1]
HAL_RCC_GetHCLKFreq     0x080065fd    0x6  Code  Gb  stm32f1xx_hal_rcc.o [1]
HAL_RCC_GetPCLK1Freq    0x08006603   0x16  Code  Gb  stm32f1xx_hal_rcc.o [1]
HAL_RCC_GetPCLK2Freq    0x08006619   0x16  Code  Gb  stm32f1xx_hal_rcc.o [1]
HAL_RCC_GetSysClockFreq
                        0x0800658b   0x72  Code  Gb  stm32f1xx_hal_rcc.o [1]
HAL_RCC_OscConfig       0x08005fad  0x456  Code  Gb  stm32f1xx_hal_rcc.o [1]
HAL_SPI_Init            0x08009271   0x8a  Code  Gb  stm32f1xx_hal_spi_ex.o [1]
HAL_SPI_MspInit         0x08006a65   0x56  Code  Gb  spi.o [1]
HAL_SPI_Receive         0x08005b39  0x17a  Code  Gb  stm32f1xx_hal_spi.o [1]
HAL_SPI_Transmit        0x08005989  0x1b0  Code  Gb  stm32f1xx_hal_spi.o [1]
HAL_SPI_TransmitReceive
                        0x08005cb3  0x226  Code  Gb  stm32f1xx_hal_spi.o [1]
HAL_SYSTICK_CLKSourceConfig
                        0x080074b7   0x20  Code  Gb  stm32f1xx_hal_cortex.o [1]
HAL_SYSTICK_Callback    0x080037df    0x2  Code  Gb  main.o [1]
HAL_SYSTICK_Config      0x080074ab    0xc  Code  Gb  stm32f1xx_hal_cortex.o [1]
HAL_SYSTICK_IRQHandler  0x080074f9    0x8  Code  Gb  stm32f1xx_hal_cortex.o [1]
HAL_TIMEx_BreakCallback
                        0x0800a419    0x2  Code  Wk  stm32f1xx_hal_tim_ex.o [1]
HAL_TIMEx_CommutationCallback
                        0x0800a41d    0x2  Code  Wk  stm32f1xx_hal_tim_ex.o [1]
HAL_TIMEx_MasterConfigSynchronization
                        0x080099f5   0x5a  Code  Gb  stm32f1xx_hal_tim_ex.o [1]
HAL_TIM_Base_Init       0x080092fd   0x38  Code  Gb  stm32f1xx_hal_tim.o [1]
HAL_TIM_Base_MspInit    0x08006d21   0x48  Code  Gb  tim.o [1]
HAL_TIM_Base_Start_IT   0x08009335   0x1e  Code  Gb  stm32f1xx_hal_tim.o [1]
HAL_TIM_Encoder_Init    0x080093e1   0xbe  Code  Gb  stm32f1xx_hal_tim.o [1]
HAL_TIM_Encoder_MspInit
                        0x08006ce3   0x3e  Code  Gb  tim.o [1]
HAL_TIM_Encoder_Start   0x0800949f   0x4e  Code  Gb  stm32f1xx_hal_tim.o [1]
HAL_TIM_IRQHandler      0x080094ed  0x176  Code  Gb  stm32f1xx_hal_tim.o [1]
HAL_TIM_MspPostInit     0x08006d69   0x22  Code  Gb  tim.o [1]
HAL_TIM_PWM_ConfigChannel
                        0x08009663  0x100  Code  Gb  stm32f1xx_hal_tim.o [1]
HAL_TIM_PWM_Init        0x08009353   0x38  Code  Gb  stm32f1xx_hal_tim.o [1]
HAL_TIM_PWM_MspInit     0x08006cbd   0x26  Code  Gb  tim.o [1]
HAL_TIM_PWM_Start       0x0800938b   0x4c  Code  Gb  stm32f1xx_hal_tim.o [1]
HAL_TIM_PeriodElapsedCallback
                        0x080037e1  0x24c  Code  Gb  main.o [1]
HAL_TIM_PeriodElapsedCallback{1}{2}::time_1ms_cnt
                        0x200013d4    0x4  Data  Lc  main.o [1]
HAL_UART_DMAStop        0x08002fed   0x72  Code  Gb  stm32f1xx_hal_uart.o [1]
HAL_UART_ErrorCallback  0x08001329   0x6e  Code  Gb  usart.o [1]
HAL_UART_IDLECallback   0x080012bf   0x6a  Code  Gb  usart.o [1]
HAL_UART_IRQHandler     0x0800305f  0x14a  Code  Gb  stm32f1xx_hal_uart.o [1]
HAL_UART_Init           0x08002cd9   0x76  Code  Gb  stm32f1xx_hal_uart.o [1]
HAL_UART_MspInit        0x08001153  0x132  Code  Gb  usart.o [1]
HAL_UART_Receive_DMA    0x08002f37   0xb6  Code  Gb  stm32f1xx_hal_uart.o [1]
HAL_UART_Receive_IT     0x08002e2f   0x72  Code  Gb  stm32f1xx_hal_uart.o [1]
HAL_UART_Transmit       0x08002d4f   0xe0  Code  Gb  stm32f1xx_hal_uart.o [1]
HAL_UART_Transmit_DMA   0x08002ea1   0x96  Code  Gb  stm32f1xx_hal_uart.o [1]
HEAP$$Base              0x20001830          --   Gb  - Linker created -
HEAP$$Limit             0x20001a30          --   Gb  - Linker created -
Hall_AS5047p_Get        0x080075fb   0x4a  Code  Gb  encoder.o [1]
Hall_CNT                0x20001408    0x4  Data  Gb  utils.o [1]
Hall_Get                0x080075b5   0x46  Code  Gb  encoder.o [1]
Hall_Position           0x20001427    0x1  Data  Gb  board.o [1]
HardFault_Handler       0x0800a5db    0x2  Code  Gb  stm32f1xx_it.o [1]
ID                      0x200013e4    0x4  Data  Gb  utils.o [1]
Last_Position           0x20001404    0x4  Data  Gb  utils.o [1]
LoadInt                 0x0800789b   0x7a  Code  Lc  xprintffull.o [3]
MAXSPEED                0x20000000    0x8  Data  Gb  motor.o [1]
MX_ADC1_Init            0x08006df1   0x62  Code  Gb  adc.o [1]
MX_CAN_Init             0x08006705   0x68  Code  Gb  can.o [1]
MX_DMA_Init             0x080066c5   0x40  Code  Gb  dma.o [1]
MX_GPIO_Init            0x08005765   0xdc  Code  Gb  gpio.o [1]
MX_NVIC_Init            0x0800377b   0x64  Code  Lc  main.o [1]
MX_SPI2_Init            0x08006a01   0x64  Code  Gb  spi.o [1]
MX_TIM2_Init            0x08006ad1   0xc8  Code  Gb  tim.o [1]
MX_TIM4_Init            0x08006b99   0x80  Code  Gb  tim.o [1]
MX_TIM6_Init            0x08006c19   0x52  Code  Gb  tim.o [1]
MX_TIM7_Init            0x08006c6b   0x52  Code  Gb  tim.o [1]
MX_USART1_UART_Init     0x080010f5   0x5e  Code  Gb  usart.o [1]
Mag_Brushless_Mointor   0x080022c9   0xc0  Code  Gb  board.o [1]
Mag_Position            0x20001424    0x2  Data  Gb  board.o [1]
MemManage_Handler       0x0800a5dd    0x2  Code  Gb  stm32f1xx_it.o [1]
Motor                   0x20000c5d    0x1  Data  Gb  utils.o [1]
Motor_Duty              0x200013bc    0x4  Data  Gb  board.o [1]
Motor_Duty_Set          0x20001414    0x4  Data  Gb  utils.o [1]
NMI_Handler             0x0800a5d9    0x2  Code  Gb  stm32f1xx_it.o [1]
NVIC_EnableIRQ          0x080073b3   0x16  Code  Lc  stm32f1xx_hal_cortex.o [1]
NVIC_EncodePriority     0x080073f5   0x42  Code  Lc  stm32f1xx_hal_cortex.o [1]
NVIC_GetPriorityGrouping
                        0x080073a9    0xa  Code  Lc  stm32f1xx_hal_cortex.o [1]
NVIC_SetPriority        0x080073c9   0x2c  Code  Lc  stm32f1xx_hal_cortex.o [1]
NVIC_SetPriorityGrouping
                        0x0800738d   0x1c  Code  Lc  stm32f1xx_hal_cortex.o [1]
Now_Current             0x20001400    0x4  Data  Gb  utils.o [1]
Now_Current_init        0x200013a4    0x4  Data  Gb  adc.o [1]
Now_Phase_Index         0x200013b0    0x4  Data  Gb  board.o [1]
Now_Position            0x200013f8    0x4  Data  Gb  utils.o [1]
Now_Speed               0x200013f0    0x4  Data  Gb  utils.o [1]
Now_Speed_Hall          0x2000140c    0x4  Data  Gb  utils.o [1]
PID_Release             0x08002411   0x9e  Code  Gb  utils.o [1]
PID_init                0x080024bd   0x16  Code  Gb  utils.o [1]
PWM_Control             0x08001ce3   0x1c  Code  Gb  motor.o [1]
PendSV_Handler          0x0800a5e7    0x2  Code  Gb  stm32f1xx_it.o [1]
Phase_Change            0x0800205b   0x36  Code  Gb  board.o [1]
Phase_Change_Cnt        0x200013c0    0x4  Data  Gb  board.o [1]
Phase_Const             0x20000038   0x18  Data  Gb  board.o [1]
Phase_Const_Reverse     0x20000050   0x18  Data  Gb  board.o [1]
Phase_Const_Reverse_sensor
                        0x0800ad70   0x18  Data  Gb  board.o [1]
Phase_Open_Cnt          0x200013c4    0x4  Data  Gb  board.o [1]
Phase_Table             0x20001350   0x1c  Data  Gb  board.o [1]
Phase_Table_Init        0x0800200f   0x4c  Code  Gb  board.o [1]
Phase_Table_Reverse     0x2000136c   0x1c  Data  Gb  board.o [1]
Phase_Table_Using_Nonsensor
                        0x20000068    0x4  Data  Gb  board.o [1]
Phase_Table_Using_Sensor
                        0x200013b4    0x4  Data  Gb  board.o [1]
Phase_Test_Table        0x2000006c    0x8  Data  Gb  board.o [1]
Position_PID            0x20000bb8   0x20  Data  Gb  utils.o [1]
RCC_Delay               0x0800662f   0x26  Code  Lc  stm32f1xx_hal_rcc.o [1]
Read_Reg                0x08002add   0x98  Code  Gb  as5047p.o [1]
Region$$Table$$Base     0x0800aac4          --   Gb  - Linker created -
Region$$Table$$Limit    0x0800aae4          --   Gb  - Linker created -
Rotate_Test             0x08002241   0x88  Code  Gb  board.o [1]
RxMessage               0x2000130c   0x24  Data  Lc  can.o [1]
SPI_CheckFlag_BSY       0x08005f7b   0x2a  Code  Lc  stm32f1xx_hal_spi.o [1]
SPI_WaitFlagStateUntilTimeout
                        0x08005ed9   0xa2  Code  Lc  stm32f1xx_hal_spi.o [1]
SVC_Handler             0x0800a5e3    0x2  Code  Gb  stm32f1xx_it.o [1]
Set_Motor_Duty          0x08001fa5   0x6a  Code  Gb  board.o [1]
Set_Phase_High_Speed    0x080020db   0x94  Code  Gb  board.o [1]
Set_Phase_Low_State     0x08002091   0x4a  Code  Gb  board.o [1]
Set_To_CB_Positon       0x080021fb   0x28  Code  Gb  board.o [1]
Set_To_Statble_Positon  0x080021b1   0x4a  Code  Gb  board.o [1]
Speed_PID               0x20000b98   0x20  Data  Gb  utils.o [1]
Start_Position          0x20000c58    0x2  Data  Gb  board.o [1]
SysTick_Config          0x08007437   0x30  Code  Lc  stm32f1xx_hal_cortex.o [1]
SysTick_Handler         0x0800a5e9    0xc  Code  Gb  stm32f1xx_it.o [1]
SystemClock_Config      0x080036d1   0xaa  Code  Gb  main.o [1]
SystemCoreClock         0x20000b5c    0x4  Data  Gb  system_stm32f1xx.o [1]
SystemInit              0x0800a685   0x4e  Code  Gb  system_stm32f1xx.o [1]
TIM6_IRQHandler         0x0800a64d    0xa  Code  Gb  stm32f1xx_it.o [1]
TIM_Base_SetConfig      0x08009771   0x9a  Code  Gb  stm32f1xx_hal_tim.o [1]
TIM_CCxChannelCmd       0x080099d9   0x1c  Code  Gb  stm32f1xx_hal_tim.o [1]
TIM_Mode_init           0x08006d8b   0x32  Code  Gb  tim.o [1]
TIM_OC1_SetConfig       0x0800980b   0x6e  Code  Lc  stm32f1xx_hal_tim.o [1]
TIM_OC2_SetConfig       0x08009879   0x7c  Code  Gb  stm32f1xx_hal_tim.o [1]
TIM_OC3_SetConfig       0x080098f5   0x76  Code  Lc  stm32f1xx_hal_tim.o [1]
TIM_OC4_SetConfig       0x0800996b   0x58  Code  Lc  stm32f1xx_hal_tim.o [1]
Target_Current          0x200013fc    0x4  Data  Gb  utils.o [1]
Target_Position         0x200013f4    0x4  Data  Gb  utils.o [1]
Target_Speed            0x200013ec    0x4  Data  Gb  utils.o [1]
Test_Table_Cnt          0x200013b8    0x4  Data  Gb  board.o [1]
TxMessage               0x20001388   0x1c  Data  Lc  can.o [1]
UART_DMAAbortOnError    0x0800333d   0x16  Code  Lc  stm32f1xx_hal_uart.o [1]
UART_DMAError           0x08003241   0x58  Code  Lc  stm32f1xx_hal_uart.o [1]
UART_DMAReceiveCplt     0x080031ed   0x44  Code  Lc  stm32f1xx_hal_uart.o [1]
UART_DMARxHalfCplt      0x08003231    0xe  Code  Lc  stm32f1xx_hal_uart.o [1]
UART_DMATransmitCplt    0x080031a9   0x34  Code  Lc  stm32f1xx_hal_uart.o [1]
UART_DMATxHalfCplt      0x080031dd    0xe  Code  Lc  stm32f1xx_hal_uart.o [1]
UART_EndRxTransfer      0x0800331b   0x20  Code  Lc  stm32f1xx_hal_uart.o [1]
UART_EndTransmit_IT     0x080033c3   0x20  Code  Lc  stm32f1xx_hal_uart.o [1]
UART_EndTxTransfer      0x08003307   0x14  Code  Lc  stm32f1xx_hal_uart.o [1]
UART_Receive_IT         0x080033e3   0xae  Code  Lc  stm32f1xx_hal_uart.o [1]
UART_SetConfig          0x08003491  0x190  Code  Lc  stm32f1xx_hal_uart.o [1]
UART_Transmit_IT        0x08003355   0x6e  Code  Lc  stm32f1xx_hal_uart.o [1]
UART_WaitOnFlagUntilTimeout
                        0x08003299   0x6e  Code  Lc  stm32f1xx_hal_uart.o [1]
USART1_IRQHandler       0x0800a631   0x1c  Code  Gb  stm32f1xx_it.o [1]
USART_RX_BUF            0x20000df0   0xc8  Data  Gb  usart.o [1]
USB_LP_CAN1_RX0_IRQHandler
                        0x0800a61d    0xa  Code  Gb  stm32f1xx_it.o [1]
UsageFault_Handler      0x0800a5e1    0x2  Code  Gb  stm32f1xx_it.o [1]
Var_List                0x20000ac4   0x50  Data  Gb  cmd_func.o [1]
Write_Reg               0x08002b75   0x9e  Code  Gb  as5047p.o [1]
Write_frame             0x08002cc3   0x16  Code  Lc  as5047p.o [1]
_Encoding_8859_1_Mbrlen
                        0x08004321    0x2  Code  Gb  xencoding_8859_1.o [3]
_Encoding_8859_1_Wctomb
                        0x0800430f   0x12  Code  Gb  xencoding_8859_1.o [3]
_Error_Handler          0x08003a2d    0xe  Code  Gb  main.o [1]
_GenldFull              0x0800831d  0x274  Code  Lc  xprintffull.o [3]
_LdtobFull              0x08007ef1  0x3fe  Code  Lc  xprintffull.o [3]
_LitobFull              0x08007d99  0x112  Code  Lc  xprintffull.o [3]
_LocaleC_isalpha        0x0800864b    0xc  Code  Gb  xlocale_c.o [3]
_LocaleC_islower        0x08008645    0x4  Code  Gb  xlocale_c.o [3]
_LocaleC_isspace        0x08008661   0x14  Code  Gb  xlocale_c.o [3]
_LocaleC_isupper        0x08008649    0x2  Code  Gb  xlocale_c.o [3]
_LocaleC_tolower        0x08008675    0xc  Code  Gb  xlocale_c.o [3]
_Locale_lconv           0x20000bd8   0x38  Data  Lc  xlocale_c.o [3]
_PrintfFull             0x080076ad  0x1d6  Code  Gb  xprintffull.o [3]
_PutcharsFull           0x08008591   0x2e  Code  Lc  xprintffull.o [3]
_PutfldFull             0x08007915  0x2d0  Code  Lc  xprintffull.o [3]
_PutstrFull             0x08007cdb   0xbe  Code  Lc  xprintffull.o [3]
_PuttxtFull             0x08007be5   0xf6  Code  Lc  xprintffull.o [3]
_SNProut                0x080046b7   0x1a  Code  Gb  xsnprout.o [3]
__aeabi_assert          0x0800924d   0x24  Code  Gb  ABIassert.o [6]
__aeabi_cdcmple         0x080053ad         Code  Gb  DblCmpLe.o [4]
__aeabi_cdrcmple        0x0800a095         Code  Gb  DblCmpGe.o [4]
__aeabi_cfcmpeq         0x080055d5         Code  Gb  FltCmpEq.o [4]
__aeabi_cfcmple         0x080053dd         Code  Gb  FltCmpLe.o [4]
__aeabi_cfrcmple        0x08005309         Code  Gb  FltCmpGe.o [4]
__aeabi_d2f             0x08001c51         Code  Gb  DblToFlt.o [4]
__aeabi_d2iz            0x0800a38d         Code  Gb  DblToS32.o [4]
__aeabi_d2uiz           0x0800a3c9         Code  Gb  DblToU32.o [4]
__aeabi_dadd            0x08004f75         Code  Gb  DblAdd.o [4]
__aeabi_ddiv            0x08004a21         Code  Gb  DblDiv.o [4]
__aeabi_dmul            0x08004741         Code  Gb  DblMul.o [4]
__aeabi_dsub            0x08008729         Code  Gb  DblSub.o [4]
__aeabi_f2d             0x08002775         Code  Gb  FltToDbl.o [4]
__aeabi_f2iz            0x0800468d         Code  Gb  FltToS32.o [4]
__aeabi_fadd            0x080055f1         Code  Gb  FltAdd.o [4]
__aeabi_fdiv            0x080054d9         Code  Gb  FltDiv.o [4]
__aeabi_fmul            0x08005401         Code  Gb  FltMul.o [4]
__aeabi_fsub            0x0800532d         Code  Gb  FltSub.o [4]
__aeabi_i2d             0x08004f51         Code  Gb  S32ToDbl.o [4]
__aeabi_i2f             0x08001655         Code  Gb  S32ToFlt.o [4]
__aeabi_ldiv0           0x0800a421         Code  Gb  I64DivZer.o [5]
__aeabi_llsr            0x080086f5         Code  Gb  U64Shr.o [5]
__aeabi_memcpy          0x08002655         Code  Gb  ABImemcpy.o [5]
__aeabi_memcpy4         0x08002675         Code  Gb  ABImemcpy.o [5]
__aeabi_memcpy8         0x08002675         Code  Gb  ABImemcpy.o [5]
__aeabi_memset          0x08004281         Code  Gb  ABImemset.o [5]
__aeabi_ui2d            0x0800a3f1         Code  Gb  U32ToDbl.o [4]
__aeabi_ui2f            0x080017cd         Code  Gb  U32ToFlt.o [4]
__aeabi_uldivmod        0x0800a15d         Code  Gb  I64DivMod.o [5]
__cmain                 0x0800ac25         Code  Gb  cmain.o [5]
__data_GetMemChunk      0x0800880d   0x2c  Code  Gb  xgetmemchunk.o [3]
__data_GetMemChunk::start
                        0x20001420    0x4  Data  Lc  xgetmemchunk.o [3]
__exit                  0x0800a425   0x14  Code  Gb  exit.o [6]
__iar_Fail_s            0x0800a0dd   0x1c  Code  Gb  xfail_s.o [3]
__iar_Mbcurmax          0x0800a153    0xa  Code  Gb  xmbcurmax.o [3]
__iar_Memchr            0x0800432d         Code  Gb  memchr.o [5]
__iar_Memset            0x08004281         Code  Gb  ABImemset.o [5]
__iar_Memset_word       0x08004289         Code  Gb  ABImemset.o [5]
__iar_Sto64             0x08001a81  0x154  Code  Gb  strto64.o [4]
__iar_Stoflt            0x08004d89  0x1c8  Code  Gb  iar_Stoflt.o [3]
__iar_Stopfx            0x08004c67  0x122  Code  Gb  iar_Stopfx.o [3]
__iar_Stoulx            0x080014e1  0x112  Code  Gb  iar_Stoulx.o [3]
__iar_Stoxflt           0x080050ed  0x1e6  Code  Gb  iar_Stoxflt.o [3]
__iar_Stoxflt::digits   0x080052d8   0x18  Data  Lc  iar_Stoxflt.o [3]
__iar_Stoxflt::vals     0x080052f0   0x18  Data  Lc  iar_Stoxflt.o [3]
__iar_Strchr            0x0800a0c5         Code  Gb  strchr.o [5]
__iar_dadd              0x08008739         Code  Gb  DblSub.o [4]
__iar_data_init3        0x0800a9e9   0x28  Code  Gb  data_init.o [5]
__iar_dsub              0x08004f85         Code  Gb  DblAdd.o [4]
__iar_dsubStart         0x08004f97         Code  Gb  DblAdd.o [4]
__iar_fadd              0x08005339         Code  Gb  FltSub.o [4]
__iar_frexp             0x080046dd         Code  Gb  frexp.o [4]
__iar_frexp64           0x080046d1         Code  Gb  frexp.o [4]
__iar_frexpl            0x080046dd         Code  Gb  frexp.o [4]
__iar_fsub              0x080055fd         Code  Gb  FltAdd.o [4]
__iar_fsubStart         0x0800560d         Code  Gb  FltAdd.o [4]
__iar_globLocale        0x20000c10   0x48  Data  Lc  xlocale_c.o [3]
__iar_global_Locale     0x08008681    0x4  Code  Gb  xlocale_c.o [3]
__iar_ldexp64           0x080048e5         Code  Gb  ldexp.o [4]
__iar_lz77_init_single3
                        0x080026fb   0x7a  Code  Gb  lz77_init_single.o [5]
__iar_program_start     0x0800b315         Code  Gb  cstartup_M.o [5]
__iar_scalbln64         0x080048e5         Code  Gb  ldexp.o [4]
__iar_scalbn64          0x080048e5         Code  Gb  ldexp.o [4]
__iar_systems$$module {Abs}
                        0x00000001         Data  Gb  command line/config [2]
__iar_zero_init3        0x0800a785   0x40  Code  Gb  zero_init3.o [5]
__low_level_init        0x0800ac43    0x4  Code  Gb  low_level_init.o [3]
__no_free_malloc        0x080056d5   0x40  Code  Gb  no_free_heap0.o [3]
__vector_table          0x08000000         Data  Gb  startup_stm32f103xe.o [1]
_call_main              0x0800ac31         Code  Gb  cmain.o [5]
_exit                   0x0800ac4d         Code  Gb  cexit.o [5]
_gLocale_mblen          0x080086e1    0x4  Code  Gb  xlocale_c.o [3]
_gLocale_mblenInt       0x080086a9   0x34  Code  Gb  xlocale_c.o [3]
_gLocale_wctomb         0x080086e5    0x4  Code  Gb  xlocale_c.o [3]
_gLocale_wctombInt      0x080086dd    0x4  Code  Gb  xlocale_c.o [3]
_main                   0x0800ac3f         Code  Gb  cmain.o [5]
aRxBuffer               0x20001429    0x1  Data  Gb  usart.o [1]
abort                   0x0800a40d    0x6  Code  Gb  abort.o [3]
as5047p_Get_Position    0x08002c1d   0x22  Code  Gb  as5047p.o [1]
as5047p_Write_Position  0x08002c3f   0x26  Code  Gb  as5047p.o [1]
atof                    0x08001c01    0x8  Code  Gb  strto64.o [4]
atoi                    0x080015f9    0x2  Code  Gb  iar_Stoulx.o [3]
canList                 0x20000c60  0x190  Data  Gb  can.o [1]
can_RX_data             0x200013a8    0x8  Data  Gb  can.o [1]
can_add_callback        0x0800684b   0x56  Code  Gb  can.o [1]
can_add_func            0x08006927   0x80  Code  Gb  can.o [1]
can_current_func        0x0800a47f   0x2e  Code  Gb  can_func.o [1]
can_init                0x080067c3   0x3a  Code  Gb  can.o [1]
can_position_current_func
                        0x0800a537   0x2e  Code  Gb  can_func.o [1]
can_position_func       0x0800a509   0x2e  Code  Gb  can_func.o [1]
can_position_speed_current_func
                        0x0800a593   0x2e  Code  Gb  can_func.o [1]
can_position_speed_func
                        0x0800a565   0x2e  Code  Gb  can_func.o [1]
can_pwm_func            0x0800a439   0x46  Code  Gb  can_func.o [1]
can_speed_current_func  0x0800a4db   0x2e  Code  Gb  can_func.o [1]
can_speed_func          0x0800a4ad   0x2e  Code  Gb  can_func.o [1]
canlistnum              0x200013c8    0x4  Data  Lc  can.o [1]
clog_cnt                0x20000b14    0x4  Data  Gb  main.o [1]
cmd_argv                0x200012b4   0x30  Data  Gb  cmd.o [1]
cmd_brush_change_func   0x0800079b   0x58  Code  Gb  cmd_func.o [1]
cmd_brushlessAbsolute_fonc
                        0x08000f61   0x5e  Code  Gb  cmd_func.o [1]
cmd_control_mode_func   0x0800041f   0xbc  Code  Gb  cmd_func.o [1]
cmd_current_func        0x0800051b   0x2a  Code  Gb  cmd_func.o [1]
cmd_current_pid_func    0x080005a1   0xa2  Code  Gb  cmd_func.o [1]
cmd_driver_info_func    0x08000131  0x1d2  Code  Gb  cmd_func.o [1]
cmd_encoder_mode_func   0x080003a9   0x76  Code  Gb  cmd_func.o [1]
cmd_exec                0x0800255d   0x64  Code  Gb  cmd.o [1]
cmd_get_hall_func       0x08000bad   0x3e  Code  Gb  cmd_func.o [1]
cmd_get_start_position_func
                        0x08000ec3    0xc  Code  Gb  cmd_func.o [1]
cmd_help_func           0x080025c1   0x44  Code  Gb  cmd.o [1]
cmd_init                0x080024e9   0x1a  Code  Gb  cmd.o [1]
cmd_max_speed_func      0x08000f1d   0x32  Code  Gb  cmd_func.o [1]
cmd_motor_mode_func     0x08000347   0x62  Code  Gb  cmd_func.o [1]
cmd_parse               0x08002503   0x5a  Code  Gb  cmd.o [1]
cmd_phase_change_func   0x08000e1d   0x9a  Code  Gb  cmd_func.o [1]
cmd_position_func       0x0800056f   0x32  Code  Gb  cmd_func.o [1]
cmd_position_pid_func   0x080006e5   0xa2  Code  Gb  cmd_func.o [1]
cmd_read_flash_func     0x0800033b    0xc  Code  Gb  cmd_func.o [1]
cmd_read_mag_func       0x08000ecf   0x16  Code  Gb  cmd_func.o [1]
cmd_rotate_test_func    0x08000eb7    0xc  Code  Gb  cmd_func.o [1]
cmd_send_wave_func      0x08000787   0x14  Code  Gb  cmd_func.o [1]
cmd_set_duty_func       0x080004db   0x40  Code  Gb  cmd_func.o [1]
cmd_set_fd6288_func     0x08000c15   0xca  Code  Gb  cmd_func.o [1]
cmd_set_mode_func       0x08000cf5   0x62  Code  Gb  cmd_func.o [1]
cmd_set_mode_s_func     0x08000d5d   0x24  Code  Gb  cmd_func.o [1]
cmd_set_phase_func      0x08000d95   0x5a  Code  Gb  cmd_func.o [1]
cmd_set_val_func        0x08000b01   0xa4  Code  Gb  cmd_func.o [1]
cmd_speed_func          0x08000545   0x2a  Code  Gb  cmd_func.o [1]
cmd_speed_pid_func      0x08000643   0xa2  Code  Gb  cmd_func.o [1]
cmd_state_func          0x08000809  0x2d4  Code  Gb  cmd_func.o [1]
cmd_tbl                 0x20000074  0xa50  Data  Lc  cmd.o [1]
cmd_write_as5047p_position_func
                        0x08000ee5   0x2e  Code  Gb  cmd_func.o [1]
cmd_write_flash_func    0x08000303   0x38  Code  Gb  cmd_func.o [1]
compare_string          0x08002621   0x34  Code  Gb  cmd.o [1]
control_flag            0x200013cc    0x4  Data  Gb  main.o [1]
current_flag            0x200013d0    0x4  Data  Gb  main.o [1]
ddiv                    0x08001863   0x7a  Code  Lc  strto64.o [4]
digits                  0x08001604   0x28  Data  Lc  iar_Stoulx.o [3]
dmul                    0x080017e9   0x7a  Code  Lc  strto64.o [4]
exit                    0x0800ac47    0x4  Code  Gb  exit.o [3]
flash_data              0x2000124c   0x38  Data  Gb  flash.o [1]
frexp                   0x080046d1         Code  Gb  frexp.o [4]
frexpl                  0x080046d1         Code  Gb  frexp.o [4]
hadc1                   0x20001284   0x30  Data  Gb  adc.o [1]
hcan                    0x20001040   0x44  Data  Gb  can.o [1]
hdma_usart1_rx          0x20001084   0x44  Data  Gb  usart.o [1]
hdma_usart1_tx          0x200010c8   0x44  Data  Gb  usart.o [1]
hspi2                   0x20000fe8   0x58  Data  Gb  spi.o [1]
htim2                   0x2000110c   0x40  Data  Gb  tim.o [1]
htim4                   0x2000114c   0x40  Data  Gb  tim.o [1]
htim6                   0x2000118c   0x40  Data  Gb  tim.o [1]
htim7                   0x200011cc   0x40  Data  Gb  tim.o [1]
huart1                  0x2000120c   0x40  Data  Gb  usart.o [1]
isalpha                 0x08008713   0x14  Code  Gb  isalpha.o [3]
isspace                 0x080042e7   0x14  Code  Gb  isspace.o [3]
ldexp                   0x080048e5         Code  Gb  ldexp.o [4]
ldexpl                  0x080048e5         Code  Gb  ldexp.o [4]
load_prams              0x080016df   0xb4  Code  Gb  flash.o [1]
localeconv              0x080086e9    0x4  Code  Gb  xlocale_c.o [3]
main                    0x08003629   0xa8  Code  Gb  main.o [1]
memchr                  0x0800432d         Code  Gb  memchr.o [5]
ndigs                   0x0800162c   0x28  Data  Lc  iar_Stoulx.o [3]
pFlash                  0x20001330   0x20  Data  Gb  stm32f1xx_hal_flash.o [1]
pows                    0x08001c08   0x48  Data  Lc  strto64.o [4]
qs                      0x2000141c    0x4  Data  Lc  no_free_heap0.o [3]
reset_PID               0x080024af    0xe  Code  Gb  utils.o [1]
s                       0x20000b60   0x18  Data  Gb  usart.o [1]
sFilterConfig           0x200012e4   0x28  Data  Gb  can.o [1]
scalbln                 0x080048e5         Code  Gb  ldexp.o [4]
scalblnl                0x080048e5         Code  Gb  ldexp.o [4]
scalbn                  0x080048e5         Code  Gb  ldexp.o [4]
scalbnl                 0x080048e5         Code  Gb  ldexp.o [4]
scale                   0x08007eab   0x46  Code  Lc  xprintffull.o [3]
sec_hand                0x20001418    0x4  Data  Lc  xfail_s.o [3]
send_wave               0x080013eb   0x96  Code  Gb  usart.o [1]
send_wave_flag          0x20001410    0x4  Data  Gb  utils.o [1]
strchr                  0x0800a0c5         Code  Gb  strchr.o [5]
strcmp                  0x08005719         Code  Gb  strcmp.o [5]
strcpy                  0x08004235         Code  Gb  strcpy.o [5]
strlen                  0x0800a11d         Code  Gb  strlen.o [5]
tolower                 0x080042fb   0x14  Code  Gb  tolower.o [3]
uart_buffer             0x20000eb8   0x68  Data  Gb  usart.o [1]
uprintf                 0x08001285   0x3a  Code  Gb  usart.o [1]
uprintfFlag             0x200013e0    0x4  Data  Gb  usart.o [1]
usart_DMA_init          0x08001397    0xe  Code  Gb  usart.o [1]
usart_exc_DMA           0x080013a5   0x46  Code  Gb  usart.o [1]
uwTick                  0x200013d8    0x4  Data  Gb  stm32f1xx_hal.o [1]
uwTickFreq              0x20000c5c    0x1  Data  Gb  stm32f1xx_hal.o [1]
uwTickPrio              0x20000b58    0x4  Data  Gb  stm32f1xx_hal.o [1]
vsnprintf               0x080041f9   0x3c  Code  Gb  vsnprint.o [3]
write_prams             0x08001679   0x66  Code  Gb  flash.o [1]


[1] = E:\folder\机器人队\Cube\Driver\EWARM\Driver\Obj
[2] = command line
[3] = dl7M_tlf.a
[4] = m7M_tl.a
[5] = rt7M_tl.a
[6] = shb_l.a

  43 112 bytes of readonly  code memory
   3 908 bytes of readonly  data memory
   6 697 bytes of readwrite data memory

Errors: none
Warnings: none
