###############################################################################
#
# IAR ELF Linker V8.22.1.15669/W32 for ARM                30/Dec/2018  15:33:04
# Copyright 2007-2018 IAR Systems AB.
#
#    Output file  =  
#        E:\folder\机器人队\Cube\Driver\EWARM\Driver\Exe\Driver.out
#    Map file     =  
#        E:\folder\机器人队\Cube\Driver\EWARM\Driver\List\Driver.map
#    Command line =  
#        -f C:\Users\MyPC\AppData\Local\Temp\EW6569.tmp
#        (E:\folder\机器人队\Cube\Driver\EWARM\Driver\Obj\as5047p.o
#        E:\folder\机器人队\Cube\Driver\EWARM\Driver\Obj\board.o
#        E:\folder\机器人队\Cube\Driver\EWARM\Driver\Obj\brush_motor.o
#        E:\folder\机器人队\Cube\Driver\EWARM\Driver\Obj\can.o
#        E:\folder\机器人队\Cube\Driver\EWARM\Driver\Obj\can_func.o
#        E:\folder\机器人队\Cube\Driver\EWARM\Driver\Obj\cmd.o
#        E:\folder\机器人队\Cube\Driver\EWARM\Driver\Obj\cmd_func.o
#        E:\folder\机器人队\Cube\Driver\EWARM\Driver\Obj\encoder.o
#        E:\folder\机器人队\Cube\Driver\EWARM\Driver\Obj\flash.o
#        E:\folder\机器人队\Cube\Driver\EWARM\Driver\Obj\gpio.o
#        E:\folder\机器人队\Cube\Driver\EWARM\Driver\Obj\main.o
#        E:\folder\机器人队\Cube\Driver\EWARM\Driver\Obj\spi.o
#        E:\folder\机器人队\Cube\Driver\EWARM\Driver\Obj\startup_stm32f103xe.o
#        E:\folder\机器人队\Cube\Driver\EWARM\Driver\Obj\stm32f1xx_hal.o
#        E:\folder\机器人队\Cube\Driver\EWARM\Driver\Obj\stm32f1xx_hal_can.o
#        E:\folder\机器人队\Cube\Driver\EWARM\Driver\Obj\stm32f1xx_hal_cortex.o
#        E:\folder\机器人队\Cube\Driver\EWARM\Driver\Obj\stm32f1xx_hal_dma.o
#        E:\folder\机器人队\Cube\Driver\EWARM\Driver\Obj\stm32f1xx_hal_flash.o
#        E:\folder\机器人队\Cube\Driver\EWARM\Driver\Obj\stm32f1xx_hal_flash_ex.o
#        E:\folder\机器人队\Cube\Driver\EWARM\Driver\Obj\stm32f1xx_hal_gpio.o
#        E:\folder\机器人队\Cube\Driver\EWARM\Driver\Obj\stm32f1xx_hal_gpio_ex.o
#        E:\folder\机器人队\Cube\Driver\EWARM\Driver\Obj\stm32f1xx_hal_msp.o
#        E:\folder\机器人队\Cube\Driver\EWARM\Driver\Obj\stm32f1xx_hal_pwr.o
#        E:\folder\机器人队\Cube\Driver\EWARM\Driver\Obj\stm32f1xx_hal_rcc.o
#        E:\folder\机器人队\Cube\Driver\EWARM\Driver\Obj\stm32f1xx_hal_rcc_ex.o
#        E:\folder\机器人队\Cube\Driver\EWARM\Driver\Obj\stm32f1xx_hal_spi.o
#        E:\folder\机器人队\Cube\Driver\EWARM\Driver\Obj\stm32f1xx_hal_spi_ex.o
#        E:\folder\机器人队\Cube\Driver\EWARM\Driver\Obj\stm32f1xx_hal_tim.o
#        E:\folder\机器人队\Cube\Driver\EWARM\Driver\Obj\stm32f1xx_hal_tim_ex.o
#        E:\folder\机器人队\Cube\Driver\EWARM\Driver\Obj\stm32f1xx_hal_uart.o
#        E:\folder\机器人队\Cube\Driver\EWARM\Driver\Obj\stm32f1xx_it.o
#        E:\folder\机器人队\Cube\Driver\EWARM\Driver\Obj\system_stm32f1xx.o
#        E:\folder\机器人队\Cube\Driver\EWARM\Driver\Obj\tim.o
#        E:\folder\机器人队\Cube\Driver\EWARM\Driver\Obj\usart.o
#        E:\folder\机器人队\Cube\Driver\EWARM\Driver\Obj\utils.o --redirect
#        _Printf=_PrintfFull --redirect _Scanf=_ScanfFull -o
#        E:\folder\机器人队\Cube\Driver\EWARM\Driver\Exe\Driver.out --map
#        E:\folder\机器人队\Cube\Driver\EWARM\Driver\List\Driver.map
#        --config
#        E:\folder\机器人队\Cube\Driver\EWARM/stm32f103xe_flash.icf
#        --semihosting --entry __iar_program_start --vfe --text_out locale)
#
###############################################################################

*******************************************************************************
*** RUNTIME MODEL ATTRIBUTES
***

CppFlavor       = *
__Heap_Handler  = NoFree
__SystemLibrary = DLib
__dlib_version  = 6


*******************************************************************************
*** HEAP SELECTION
***

The no free heap was selected because no calls to memory
deallocation functions were found in the application.


*******************************************************************************
*** PLACEMENT SUMMARY
***

"A0":  place at 0x08000000 { ro section .intvec };
"P1":  place in [from 0x08000000 to 0x0807ffff] { ro };
define block CSTACK with size = 1K, alignment = 8 { };
define block HEAP with size = 512, alignment = 8 { };
"P2":  place in [from 0x20000000 to 0x2000ffff] {
          rw, block CSTACK, block HEAP };
initialize by copy { rw };

  Section            Kind        Address    Size  Object
  -------            ----        -------    ----  ------
"A0":                                      0x130
  .intvec            ro code  0x08000000   0x130  startup_stm32f103xe.o [1]
                            - 0x08000130   0x130

"P1":                                     0x80e1
  .text              ro code  0x08000130   0xf96  xprintffull.o [3]
  .text              ro code  0x080010c6    0x7a  lz77_init_single.o [5]
  .text              ro code  0x08001140    0xb0  xlocale_c.o [3]
  .text              ro code  0x080011f0    0x16  strchr.o [5]
  .text              ro code  0x08001206    0x1e  xencoding_8859_1.o [3]
  .text              ro code  0x08001224    0x40  xfail_s.o [3]
  .text              ro code  0x08001264    0x36  strlen.o [5]
  .text              ro code  0x0800129a    0x1a  xsnprout.o [3]
  .text              ro code  0x080012b4    0x58  memchr.o [5]
  .text              ro code  0x0800130c     0xa  xmbcurmax.o [3]
  .rodata            const    0x08001316     0x2  stm32f1xx_hal_rcc.o [1]
  .text              ro code  0x08001318    0xa6  ABImemcpy.o [5]
  .text              ro code  0x080013c0   0x22e  I64DivMod.o [5]
  .text              ro code  0x080015f0   0x1a2  DblMul.o [4]
  .text              ro code  0x08001794    0x70  frexp.o [4]
  .text              ro code  0x08001804    0x2e  DblCmpLe.o [4]
  .text              ro code  0x08001834    0x2e  DblCmpGe.o [4]
  .text              ro code  0x08001864   0x13a  ldexp.o [4]
  .text              ro code  0x080019a0    0x3a  DblToS32.o [4]
  .text              ro code  0x080019dc    0x22  S32ToDbl.o [4]
  .text              ro code  0x08001a00    0xe2  DblSub.o [4]
  .text              ro code  0x08001ae4   0x246  DblDiv.o [4]
  .text              ro code  0x08001d2c    0x28  DblToU32.o [4]
  .text              ro code  0x08001d54    0x1a  U32ToDbl.o [4]
  .text              ro code  0x08001d6e     0x6  abort.o [3]
  .text              ro code  0x08001d74     0x2  I64DivZer.o [5]
  .text              ro code  0x08001d78   0x178  DblAdd.o [4]
  .text              ro code  0x08001ef0    0x14  exit.o [6]
  .text              ro code  0x08001f04   0x91a  stm32f1xx_hal_can.o [1]
  .text              ro code  0x08002820   0x2b0  can.o [1]
  .text              ro code  0x08002ad0     0xc  stm32f1xx_hal.o [1]
  .text              ro code  0x08002adc     0x2  stm32f1xx_hal_can.o [1]
  .text              ro code  0x08002ae0   0x1ce  main.o [1]
  .text              ro code  0x08002cb0   0x2da  stm32f1xx_hal_gpio.o [1]
  .text              ro code  0x08002f8c   0x274  usart.o [1]
  .text              ro code  0x08003200    0x2a  FltToS32.o [4]
  .text              ro code  0x0800322c    0x24  ABIassert.o [6]
  .text              ro code  0x08003250    0x28  stm32f1xx_hal.o [1]
  .text              ro code  0x08003278    0xf0  gpio.o [1]
  .text              ro code  0x08003368    0xe0  spi.o [1]
  .text              ro code  0x08003448   0x314  tim.o [1]
  .text              ro code  0x0800375c   0x168  cmd.o [1]
  .text              ro code  0x080038c4   0x1ec  brush_motor.o [1]
  .text              ro code  0x08003ab0   0x6f0  stm32f1xx_hal_rcc.o [1]
  .text              ro code  0x080041a0   0x174  stm32f1xx_hal_cortex.o [1]
  .text              ro code  0x08004314   0x124  utils.o [1]
  .text              ro code  0x08004438   0x690  stm32f1xx_hal_uart.o [1]
  .text              ro code  0x08004ac8    0x3c  vsnprint.o [3]
  .text              ro code  0x08004b04    0x4c  stm32f1xx_hal.o [1]
  .text              ro code  0x08004b50    0xac  stm32f1xx_hal_msp.o [1]
  .text              ro code  0x08004bfc    0x8a  stm32f1xx_hal_spi_ex.o [1]
  .text              ro code  0x08004c88   0x560  stm32f1xx_hal_tim.o [1]
  .text              ro code  0x080051e8    0x5c  stm32f1xx_hal_tim_ex.o [1]
  .text              ro code  0x08005244    0x44  no_free_heap0.o [3]
  .text              ro code  0x08005288    0x4a  strcmp.o [5]
  .text              ro code  0x080052d4    0x66  ABImemset.o [5]
  .text              ro code  0x0800533c    0x24  FltCmpGe.o [4]
  .text              ro code  0x08005360   0x158  board.o [1]
  .text              ro code  0x080054b8    0x1c  encoder.o [1]
  .text              ro code  0x080054d4    0x24  S32ToFlt.o [4]
  .text              ro code  0x080054f8   0x120  as5047p.o [1]
  .text              ro code  0x08005618    0x1c  U32ToFlt.o [4]
  .text              ro code  0x08005634    0x80  FltSub.o [4]
  .text              ro code  0x080056b4    0xe2  FltAdd.o [4]
  .text              ro code  0x08005798    0x24  FltCmpLe.o [4]
  .text              ro code  0x080057bc    0xd8  FltMul.o [4]
  .text              ro code  0x08005894   0x1f8  stm32f1xx_hal_dma.o [1]
  .text              ro code  0x08005a8c     0x2  stm32f1xx_hal_uart.o [1]
  .text              ro code  0x08005a90    0x2c  xgetmemchunk.o [3]
  .text              ro code  0x08005abc    0xfc  FltDiv.o [4]
  .text              ro code  0x08005bb8   0x61c  stm32f1xx_hal_spi.o [1]
  .text              ro code  0x080061d4   0x62c  cmd_func.o [1]
  .text              ro code  0x08006800   0x468  strto64.o [4]
  .text              ro code  0x08006c68    0x68  DblToFlt.o [4]
  .text              ro code  0x08006cd0    0xf4  flash.o [1]
  .text              ro code  0x08006dc4   0x174  iar_Stoulx.o [3]
  .text              ro code  0x08006f38    0x48  FltToDbl.o [4]
  .text              ro code  0x08006f80   0x122  iar_Stopfx.o [3]
  .text              ro code  0x080070a4   0x1c8  iar_Stoflt.o [3]
  .text              ro code  0x0800726c   0x21c  iar_Stoxflt.o [3]
  .text              ro code  0x08007488   0x1f0  stm32f1xx_hal_flash.o [1]
  .text              ro code  0x08007678   0x118  stm32f1xx_hal_flash_ex.o [1]
  .text              ro code  0x08007790    0x14  isspace.o [3]
  .text              ro code  0x080077a4    0x14  tolower.o [3]
  .text              ro code  0x080077b8    0x14  isalpha.o [3]
  .text              ro code  0x080077cc    0x1e  U64Shr.o [5]
  .text              ro code  0x080077ec    0x68  system_stm32f1xx.o [1]
  .text              ro code  0x08007854    0x58  stm32f1xx_it.o [1]
  .text              ro code  0x080078ac    0x18  stm32f1xx_hal.o [1]
  .rodata            const    0x080078c4    0x44  cmd_func.o [1]
  .text              ro code  0x08007908    0x44  can_func.o [1]
  .text              ro code  0x0800794c    0x40  zero_init3.o [5]
  .rodata            const    0x0800798c    0x38  cmd_func.o [1]
  .rodata            const    0x080079c4    0x30  can.o [1]
  .rodata            const    0x080079f4    0x30  main.o [1]
  .rodata            const    0x08007a24    0x30  spi.o [1]
  .rodata            const    0x08007a54    0x30  tim.o [1]
  .rodata            const    0x08007a84    0x30  usart.o [1]
  .rodata            const    0x08007ab4    0x2c  cmd_func.o [1]
  .rodata            const    0x08007ae0    0x28  cmd_func.o [1]
  .rodata            const    0x08007b08    0x28  cmd_func.o [1]
  .text              ro code  0x08007b30    0x28  data_init.o [5]
  .iar.init_table    const    0x08007b58    0x20  - Linker created -
  .rodata            const    0x08007b78    0x20  cmd_func.o [1]
  .text              ro code  0x08007b98    0x1e  cmain.o [5]
  .text              ro code  0x08007bb6     0x4  low_level_init.o [3]
  .text              ro code  0x08007bba     0x4  exit.o [3]
  .text              ro code  0x08007bc0     0xa  cexit.o [5]
  .rodata            const    0x08007bcc    0x1c  cmd.o [1]
  .rodata            const    0x08007be8    0x1c  cmd_func.o [1]
  .rodata            const    0x08007c04    0x18  cmd_func.o [1]
  .rodata            const    0x08007c1c    0x18  cmd_func.o [1]
  .rodata            const    0x08007c34    0x18  flash.o [1]
  .rodata            const    0x08007c4c    0x14  can.o [1]
  .rodata            const    0x08007c60    0x14  cmd_func.o [1]
  .rodata            const    0x08007c74    0x14  cmd_func.o [1]
  .rodata            const    0x08007c88    0x14  cmd_func.o [1]
  .rodata            const    0x08007c9c    0x14  cmd_func.o [1]
  .rodata            const    0x08007cb0    0x14  cmd_func.o [1]
  .rodata            const    0x08007cc4    0x14  cmd_func.o [1]
  .rodata            const    0x08007cd8    0x14  cmd_func.o [1]
  .rodata            const    0x08007cec    0x14  cmd_func.o [1]
  .rodata            const    0x08007d00    0x14  cmd_func.o [1]
  .rodata            const    0x08007d14    0x14  cmd_func.o [1]
  .rodata            const    0x08007d28    0x14  cmd_func.o [1]
  .rodata            const    0x08007d3c    0x14  flash.o [1]
  .rodata            const    0x08007d50    0x14  flash.o [1]
  .rodata            const    0x08007d64    0x14  usart.o [1]
  .rodata            const    0x08007d78    0x10  brush_motor.o [1]
  .rodata            const    0x08007d88    0x10  can.o [1]
  .rodata            const    0x08007d98    0x10  can_func.o [1]
  .rodata            const    0x08007da8    0x10  cmd.o [1]
  .rodata            const    0x08007db8    0x10  cmd_func.o [1]
  .rodata            const    0x08007dc8    0x10  cmd_func.o [1]
  .rodata            const    0x08007dd8    0x10  cmd_func.o [1]
  .rodata            const    0x08007de8    0x10  cmd_func.o [1]
  .rodata            const    0x08007df8    0x10  cmd_func.o [1]
  .rodata            const    0x08007e08    0x10  cmd_func.o [1]
  .rodata            const    0x08007e18    0x10  cmd_func.o [1]
  .rodata            const    0x08007e28    0x10  cmd_func.o [1]
  .rodata            const    0x08007e38    0x10  cmd_func.o [1]
  .rodata            const    0x08007e48    0x10  cmd_func.o [1]
  .rodata            const    0x08007e58    0x10  cmd_func.o [1]
  .rodata            const    0x08007e68    0x10  cmd_func.o [1]
  .rodata            const    0x08007e78    0x10  cmd_func.o [1]
  .rodata            const    0x08007e88    0x10  stm32f1xx_hal_rcc.o [1]
  .rodata            const    0x08007e98    0x10  system_stm32f1xx.o [1]
  .rodata            const    0x08007ea8    0x10  usart.o [1]
  .rodata            const    0x08007eb8    0x10  usart.o [1]
  .text              ro code  0x08007ec8    0x10  startup_stm32f103xe.o [1]
  .rodata            const    0x08007ed8     0xc  can.o [1]
  .rodata            const    0x08007ee4     0xc  can_func.o [1]
  .rodata            const    0x08007ef0     0xc  can_func.o [1]
  .rodata            const    0x08007efc     0xc  cmd.o [1]
  .rodata            const    0x08007f08     0xc  cmd_func.o [1]
  .rodata            const    0x08007f14     0xc  flash.o [1]
  .rodata            const    0x08007f20     0xc  main.o [1]
  .text              ro code  0x08007f2c     0xc  cstartup_M.o [5]
  .rodata            const    0x08007f38     0x8  can.o [1]
  .rodata            const    0x08007f40     0x8  system_stm32f1xx.o [1]
  .rodata            const    0x08007f48     0x6  xlocale_c.o [3]
  .text              ro code  0x08007f4e     0x4  startup_stm32f103xe.o [1]
  .text              ro code  0x08007f52     0x4  startup_stm32f103xe.o [1]
  .text              ro code  0x08007f56     0x4  startup_stm32f103xe.o [1]
  .text              ro code  0x08007f5a     0x4  startup_stm32f103xe.o [1]
  .text              ro code  0x08007f5e     0x4  startup_stm32f103xe.o [1]
  .text              ro code  0x08007f62     0x4  startup_stm32f103xe.o [1]
  .text              ro code  0x08007f66     0x4  startup_stm32f103xe.o [1]
  .text              ro code  0x08007f6a     0x4  startup_stm32f103xe.o [1]
  .text              ro code  0x08007f6e     0x4  startup_stm32f103xe.o [1]
  .text              ro code  0x08007f72     0x4  startup_stm32f103xe.o [1]
  .text              ro code  0x08007f76     0x4  startup_stm32f103xe.o [1]
  .text              ro code  0x08007f7a     0x4  startup_stm32f103xe.o [1]
  .text              ro code  0x08007f7e     0x4  startup_stm32f103xe.o [1]
  .text              ro code  0x08007f82     0x4  startup_stm32f103xe.o [1]
  .text              ro code  0x08007f86     0x4  startup_stm32f103xe.o [1]
  .text              ro code  0x08007f8a     0x4  startup_stm32f103xe.o [1]
  .text              ro code  0x08007f8e     0x4  startup_stm32f103xe.o [1]
  .text              ro code  0x08007f92     0x4  startup_stm32f103xe.o [1]
  .text              ro code  0x08007f96     0x4  startup_stm32f103xe.o [1]
  .text              ro code  0x08007f9a     0x4  startup_stm32f103xe.o [1]
  .text              ro code  0x08007f9e     0x4  startup_stm32f103xe.o [1]
  .text              ro code  0x08007fa2     0x4  startup_stm32f103xe.o [1]
  .text              ro code  0x08007fa6     0x4  startup_stm32f103xe.o [1]
  .text              ro code  0x08007faa     0x4  startup_stm32f103xe.o [1]
  .text              ro code  0x08007fae     0x4  startup_stm32f103xe.o [1]
  .text              ro code  0x08007fb2     0x4  startup_stm32f103xe.o [1]
  .text              ro code  0x08007fb6     0x4  startup_stm32f103xe.o [1]
  .text              ro code  0x08007fba     0x4  startup_stm32f103xe.o [1]
  .text              ro code  0x08007fbe     0x4  startup_stm32f103xe.o [1]
  .text              ro code  0x08007fc2     0x4  startup_stm32f103xe.o [1]
  .text              ro code  0x08007fc6     0x4  startup_stm32f103xe.o [1]
  .text              ro code  0x08007fca     0x4  startup_stm32f103xe.o [1]
  .text              ro code  0x08007fce     0x4  startup_stm32f103xe.o [1]
  .text              ro code  0x08007fd2     0x4  startup_stm32f103xe.o [1]
  .text              ro code  0x08007fd6     0x4  startup_stm32f103xe.o [1]
  .text              ro code  0x08007fda     0x4  startup_stm32f103xe.o [1]
  .text              ro code  0x08007fde     0x4  startup_stm32f103xe.o [1]
  .text              ro code  0x08007fe2     0x4  startup_stm32f103xe.o [1]
  .text              ro code  0x08007fe6     0x4  startup_stm32f103xe.o [1]
  .text              ro code  0x08007fea     0x4  startup_stm32f103xe.o [1]
  .text              ro code  0x08007fee     0x4  startup_stm32f103xe.o [1]
  .text              ro code  0x08007ff2     0x4  startup_stm32f103xe.o [1]
  .text              ro code  0x08007ff6     0x4  startup_stm32f103xe.o [1]
  .text              ro code  0x08007ffa     0x4  startup_stm32f103xe.o [1]
  .text              ro code  0x08007ffe     0x4  startup_stm32f103xe.o [1]
  .text              ro code  0x08008002     0x4  startup_stm32f103xe.o [1]
  .text              ro code  0x08008006     0x4  startup_stm32f103xe.o [1]
  .text              ro code  0x0800800a     0x4  startup_stm32f103xe.o [1]
  .text              ro code  0x0800800e     0x4  startup_stm32f103xe.o [1]
  .text              ro code  0x08008012     0x4  startup_stm32f103xe.o [1]
  .text              ro code  0x08008016     0x4  startup_stm32f103xe.o [1]
  .text              ro code  0x0800801a     0x4  startup_stm32f103xe.o [1]
  .text              ro code  0x0800801e     0x4  startup_stm32f103xe.o [1]
  .text              ro code  0x08008022     0x4  startup_stm32f103xe.o [1]
  .text              ro code  0x08008026     0x4  startup_stm32f103xe.o [1]
  .rodata            const    0x0800802a     0x0  zero_init3.o [5]
  .rodata            const    0x0800802a     0x0  lz77_init_single.o [5]
  Initializer bytes  const    0x0800802a   0x1e7  <for P2-1>
                            - 0x08008211  0x80e1

"P2", part 1 of 3:                         0x63d
  P2-1                        0x20000000   0x63d  <Init block>
    .data            inited   0x20000000     0x4  brush_motor.o [1]
    .data            inited   0x20000004     0x4  brush_motor.o [1]
    .data            inited   0x20000008   0x594  cmd.o [1]
    .data            inited   0x2000059c     0x4  stm32f1xx_hal.o [1]
    .data            inited   0x200005a0     0x4  system_stm32f1xx.o [1]
    .data            inited   0x200005a4    0x18  utils.o [1]
    .data            inited   0x200005bc    0x38  xlocale_c.o [3]
    .data            inited   0x200005f4    0x48  xlocale_c.o [3]
    .data            inited   0x2000063c     0x1  stm32f1xx_hal.o [1]
                            - 0x2000063d   0x63d

"P2", part 2 of 3:                         0x610
  .bss               zero     0x20000640   0x190  can.o [1]
  .bss               zero     0x200007d0    0xc8  usart.o [1]
  .bss               zero     0x20000898    0x68  usart.o [1]
  .bss               zero     0x20000900    0x58  spi.o [1]
  .bss               zero     0x20000958    0x44  can.o [1]
  .bss               zero     0x2000099c    0x40  tim.o [1]
  .bss               zero     0x200009dc    0x40  tim.o [1]
  .bss               zero     0x20000a1c    0x40  tim.o [1]
  .bss               zero     0x20000a5c    0x40  tim.o [1]
  .bss               zero     0x20000a9c    0x40  usart.o [1]
  .bss               zero     0x20000adc    0x30  cmd.o [1]
  .bss               zero     0x20000b0c    0x28  can.o [1]
  .bss               zero     0x20000b34    0x24  brush_motor.o [1]
  .bss               zero     0x20000b58    0x24  brush_motor.o [1]
  .bss               zero     0x20000b7c    0x24  can.o [1]
  .bss               zero     0x20000ba0    0x24  flash.o [1]
  .bss               zero     0x20000bc4    0x1c  can.o [1]
  .bss               zero     0x20000be0    0x20  stm32f1xx_hal_flash.o [1]
  .bss               zero     0x20000c00     0x8  can_func.o [1]
  .bss               zero     0x20000c08     0x4  board.o [1]
  .bss               zero     0x20000c0c     0x4  brush_motor.o [1]
  .bss               zero     0x20000c10     0x4  can.o [1]
  .bss               zero     0x20000c14     0x4  main.o [1]
  .bss               zero     0x20000c18     0x4  stm32f1xx_hal.o [1]
  .bss               zero     0x20000c1c     0x4  utils.o [1]
  .bss               zero     0x20000c20     0x4  utils.o [1]
  .bss               zero     0x20000c24     0x4  utils.o [1]
  .bss               zero     0x20000c28     0x4  utils.o [1]
  .bss               zero     0x20000c2c     0x4  utils.o [1]
  .bss               zero     0x20000c30     0x4  utils.o [1]
  .bss               zero     0x20000c34     0x4  utils.o [1]
  .bss               zero     0x20000c38     0x4  utils.o [1]
  .bss               zero     0x20000c3c     0x4  utils.o [1]
  .bss               zero     0x20000c40     0x4  xfail_s.o [3]
  .bss               zero     0x20000c44     0x4  no_free_heap0.o [3]
  .bss               zero     0x20000c48     0x4  xgetmemchunk.o [3]
  .bss               zero     0x20000c4c     0x2  usart.o [1]
  .bss               zero     0x20000c4e     0x1  brush_motor.o [1]
  .bss               zero     0x20000c4f     0x1  usart.o [1]
                            - 0x20000c50   0x610

"P2", part 3 of 3:                         0x600
  CSTACK                      0x20000c50   0x400  <Block>
    CSTACK           uninit   0x20000c50   0x400  <Block tail>
  HEAP                        0x20001050   0x200  <Block>
    HEAP             uninit   0x20001050   0x200  <Block tail>
                            - 0x20001250   0x600


*******************************************************************************
*** INIT TABLE
***

          Address     Size
          -------     ----
Zero (__iar_zero_init3)
    1 destination range, total size 0x610:
          0x20000640  0x610

Copy/lz77 (__iar_lz77_init_single3)
    1 source range, total size 0x1e7 (30% of destination):
          0x0800802a  0x1e7
    1 destination range, total size 0x63d:
          0x20000000  0x63d



*******************************************************************************
*** MODULE SUMMARY
***

    Module                    ro code  ro data  rw data
    ------                    -------  -------  -------
E:\folder\机器人队\Cube\Driver\EWARM\Driver\Obj: [1]
    as5047p.o                     288
    board.o                       344                 4
    brush_motor.o                 492       18       85
    can.o                         688      104      576
    can_func.o                     68       40        8
    cmd.o                         360      491    1 476
    cmd_func.o                  1 580      796
    encoder.o                      28
    flash.o                       244       76       36
    gpio.o                        240
    main.o                        462       60        4
    spi.o                         224       48       88
    startup_stm32f103xe.o         540
    stm32f1xx_hal.o               152        2        9
    stm32f1xx_hal_can.o         2 332
    stm32f1xx_hal_cortex.o        372
    stm32f1xx_hal_dma.o           504
    stm32f1xx_hal_flash.o         496                32
    stm32f1xx_hal_flash_ex.o      280
    stm32f1xx_hal_gpio.o          730
    stm32f1xx_hal_msp.o           172
    stm32f1xx_hal_rcc.o         1 776       18
    stm32f1xx_hal_spi.o         1 564
    stm32f1xx_hal_spi_ex.o        138
    stm32f1xx_hal_tim.o         1 376
    stm32f1xx_hal_tim_ex.o         92
    stm32f1xx_hal_uart.o        1 682
    stm32f1xx_it.o                 88
    system_stm32f1xx.o            104       25        4
    tim.o                         788       48      256
    usart.o                       628      100      371
    utils.o                       292        7       60
    ---------------------------------------------------
    Total:                     19 124    1 833    3 009

command line: [2]
    ---------------------------------------------------
    Total:

dl7M_tlf.a: [3]
    abort.o                         6
    exit.o                          4
    iar_Stoflt.o                  456
    iar_Stopfx.o                  290
    iar_Stoulx.o                  372
    iar_Stoxflt.o                 540
    isalpha.o                      20
    isspace.o                      20
    low_level_init.o                4
    no_free_heap0.o                68                 4
    tolower.o                      20
    vsnprint.o                     60
    xencoding_8859_1.o             30
    xfail_s.o                      64                 4
    xgetmemchunk.o                 44                 4
    xlocale_c.o                   176       45      128
    xmbcurmax.o                    10
    xprintffull.o               3 990
    xsnprout.o                     26
    ---------------------------------------------------
    Total:                      6 200       45      140

m7M_tl.a: [4]
    DblAdd.o                      376
    DblCmpGe.o                     46
    DblCmpLe.o                     46
    DblDiv.o                      582
    DblMul.o                      418
    DblSub.o                      226
    DblToFlt.o                    104
    DblToS32.o                     58
    DblToU32.o                     40
    FltAdd.o                      226
    FltCmpGe.o                     36
    FltCmpLe.o                     36
    FltDiv.o                      252
    FltMul.o                      216
    FltSub.o                      128
    FltToDbl.o                     72
    FltToS32.o                     42
    S32ToDbl.o                     34
    S32ToFlt.o                     36
    U32ToDbl.o                     26
    U32ToFlt.o                     28
    frexp.o                       112
    ldexp.o                       314
    strto64.o                   1 128
    ---------------------------------------------------
    Total:                      4 582

rt7M_tl.a: [5]
    ABImemcpy.o                   166
    ABImemset.o                   102
    I64DivMod.o                   558
    I64DivZer.o                     2
    U64Shr.o                       30
    cexit.o                        10
    cmain.o                        30
    cstartup_M.o                   12
    data_init.o                    40
    lz77_init_single.o            122
    memchr.o                       88
    strchr.o                       22
    strcmp.o                       74
    strlen.o                       54
    zero_init3.o                   64
    ---------------------------------------------------
    Total:                      1 374

shb_l.a: [6]
    ABIassert.o                    36
    exit.o                         20
    ---------------------------------------------------
    Total:                         56

    Gaps                           48        2
    Linker created                          33    1 536
-------------------------------------------------------
    Grand Total:               31 384    1 913    4 685


*******************************************************************************
*** ENTRY LIST
***

Entry                      Address   Size  Type      Object
-----                      -------   ----  ----      ------
.iar.init_table$$Base   0x08007b58          --   Gb  - Linker created -
.iar.init_table$$Limit  0x08007b78          --   Gb  - Linker created -
?main                   0x08007b99         Code  Gb  cmain.o [5]
AHBPrescTable           0x08007e98   0x10  Data  Gb  system_stm32f1xx.o [1]
APBPrescTable           0x08007f40    0x8  Data  Gb  system_stm32f1xx.o [1]
Brush_chl               0x20000004    0x4  Data  Gb  brush_motor.o [1]
Brush_encoder_type      0x20000c0c    0x4  Data  Gb  brush_motor.o [1]
Brush_motor_control     0x08003a1d   0x54  Code  Gb  brush_motor.o [1]
Brush_motor_control_flag
                        0x20000000    0x4  Data  Gb  brush_motor.o [1]
Brush_position_control  0x08003981   0x9c  Code  Lc  brush_motor.o [1]
Brush_position_with_speed_flag
                        0x20000c4e    0x1  Data  Gb  brush_motor.o [1]
Brush_pwm_control       0x080038c5   0x2c  Code  Gb  brush_motor.o [1]
Brush_speed_control     0x080038f1   0x90  Code  Lc  brush_motor.o [1]
BusFault_Handler        0x0800785b    0x2  Code  Gb  stm32f1xx_it.o [1]
CAN_Receive_IT          0x0800263f  0x1e0  Code  Lc  stm32f1xx_hal_can.o [1]
CAN_Transmit_IT         0x080025e1   0x5e  Code  Lc  stm32f1xx_hal_can.o [1]
CSTACK$$Base            0x20000c50          --   Gb  - Linker created -
CSTACK$$Limit           0x20001050          --   Gb  - Linker created -
CacheMore               0x08001181   0x24  Code  Lc  xlocale_c.o [3]
Close_Phases            0x08005461   0x34  Code  Gb  board.o [1]
Command                 0x080055f9   0x20  Code  Lc  as5047p.o [1]
Configure_Filter        0x08002919   0x52  Code  Gb  can.o [1]
Count_PARC              0x080055bb   0x3e  Code  Lc  as5047p.o [1]
DebugMon_Handler        0x08007861    0x2  Code  Gb  stm32f1xx_it.o [1]
Dtentox                 0x0800690d  0x18c  Code  Lc  strto64.o [4]
EXTI3_IRQHandler        0x08007871    0xa  Code  Gb  stm32f1xx_it.o [1]
EXTI4_IRQHandler        0x0800787b    0xa  Code  Gb  stm32f1xx_it.o [1]
EXTI9_5_IRQHandler      0x0800788f    0xa  Code  Gb  stm32f1xx_it.o [1]
Encoder_read_speed      0x080054b9   0x1c  Code  Gb  encoder.o [1]
FLASH_MassErase         0x08007733   0x2a  Code  Lc  stm32f1xx_hal_flash_ex.o [1]
FLASH_PageErase         0x0800775d   0x24  Code  Gb  stm32f1xx_hal_flash_ex.o [1]
FLASH_Program_HalfWord  0x0800757b   0x16  Code  Lc  stm32f1xx_hal_flash.o [1]
FLASH_SetErrorCode      0x080075ed   0x6e  Code  Lc  stm32f1xx_hal_flash.o [1]
FLASH_WaitForLastOperation
                        0x08007591   0x5c  Code  Gb  stm32f1xx_hal_flash.o [1]
HAL_CAN_ConfigFilter    0x08002063  0x128  Code  Gb  stm32f1xx_hal_can.o [1]
HAL_CAN_ErrorCallback   0x08002a05   0x24  Code  Gb  can.o [1]
HAL_CAN_IRQHandler      0x080022a1  0x32a  Code  Gb  stm32f1xx_hal_can.o [1]
HAL_CAN_Init            0x08001f05  0x15e  Code  Gb  stm32f1xx_hal_can.o [1]
HAL_CAN_MspInit         0x08002889   0x56  Code  Gb  can.o [1]
HAL_CAN_Receive_IT      0x0800218b  0x116  Code  Gb  stm32f1xx_hal_can.o [1]
HAL_CAN_RxCpltCallback  0x080029c1   0x44  Code  Gb  can.o [1]
HAL_DMA_Abort_IT        0x08005895  0x1be  Code  Gb  stm32f1xx_hal_dma.o [1]
HAL_FLASHEx_Erase       0x08007679   0xba  Code  Gb  stm32f1xx_hal_flash_ex.o [1]
HAL_FLASH_Lock          0x0800756b   0x10  Code  Gb  stm32f1xx_hal_flash.o [1]
HAL_FLASH_Program       0x08007489   0xbc  Code  Gb  stm32f1xx_hal_flash.o [1]
HAL_FLASH_Unlock        0x08007545   0x26  Code  Gb  stm32f1xx_hal_flash.o [1]
HAL_GPIO_EXTI_IRQHandler
                        0x08002f17   0x22  Code  Gb  stm32f1xx_hal_gpio.o [1]
HAL_GPIO_Init           0x08002cb1  0x24c  Code  Gb  stm32f1xx_hal_gpio.o [1]
HAL_GPIO_WritePin       0x08002efd   0x1a  Code  Gb  stm32f1xx_hal_gpio.o [1]
HAL_GetTick             0x08002ad1    0xc  Code  Wk  stm32f1xx_hal.o [1]
HAL_IncTick             0x080078ad   0x18  Code  Wk  stm32f1xx_hal.o [1]
HAL_Init                0x08003251   0x22  Code  Gb  stm32f1xx_hal.o [1]
HAL_InitTick            0x08004b05   0x4c  Code  Wk  stm32f1xx_hal.o [1]
HAL_MspInit             0x08004b51   0xac  Code  Gb  stm32f1xx_hal_msp.o [1]
HAL_NVIC_EnableIRQ      0x080042b1    0xe  Code  Gb  stm32f1xx_hal_cortex.o [1]
HAL_NVIC_SetPriority    0x08004287   0x2a  Code  Gb  stm32f1xx_hal_cortex.o [1]
HAL_NVIC_SetPriorityGrouping
                        0x0800427b    0xc  Code  Gb  stm32f1xx_hal_cortex.o [1]
HAL_RCC_ClockConfig     0x08003f07  0x188  Code  Gb  stm32f1xx_hal_rcc.o [1]
HAL_RCC_GetHCLKFreq     0x08004101    0x6  Code  Gb  stm32f1xx_hal_rcc.o [1]
HAL_RCC_GetPCLK1Freq    0x08004107   0x16  Code  Gb  stm32f1xx_hal_rcc.o [1]
HAL_RCC_GetPCLK2Freq    0x0800411d   0x16  Code  Gb  stm32f1xx_hal_rcc.o [1]
HAL_RCC_GetSysClockFreq
                        0x0800408f   0x72  Code  Gb  stm32f1xx_hal_rcc.o [1]
HAL_RCC_OscConfig       0x08003ab1  0x456  Code  Gb  stm32f1xx_hal_rcc.o [1]
HAL_SPI_Init            0x08004bfd   0x8a  Code  Gb  stm32f1xx_hal_spi_ex.o [1]
HAL_SPI_MspInit         0x080033dd   0x56  Code  Gb  spi.o [1]
HAL_SPI_Receive         0x08005d69  0x17a  Code  Gb  stm32f1xx_hal_spi.o [1]
HAL_SPI_Transmit        0x08005bb9  0x1b0  Code  Gb  stm32f1xx_hal_spi.o [1]
HAL_SPI_TransmitReceive
                        0x08005ee3  0x226  Code  Gb  stm32f1xx_hal_spi.o [1]
HAL_SYSTICK_CLKSourceConfig
                        0x080042cb   0x20  Code  Gb  stm32f1xx_hal_cortex.o [1]
HAL_SYSTICK_Callback    0x08002c13   0x74  Code  Gb  main.o [1]
HAL_SYSTICK_Callback::time_1ms_cnt
                        0x20000c14    0x4  Data  Lc  main.o [1]
HAL_SYSTICK_Config      0x080042bf    0xc  Code  Gb  stm32f1xx_hal_cortex.o [1]
HAL_SYSTICK_IRQHandler  0x0800430d    0x8  Code  Gb  stm32f1xx_hal_cortex.o [1]
HAL_TIMEx_MasterConfigSynchronization
                        0x080051e9   0x5a  Code  Gb  stm32f1xx_hal_tim_ex.o [1]
HAL_TIM_Base_Init       0x08004c89   0x38  Code  Gb  stm32f1xx_hal_tim.o [1]
HAL_TIM_Base_MspInit    0x08003695   0x48  Code  Gb  tim.o [1]
HAL_TIM_Encoder_Init    0x08004d4d   0xbe  Code  Gb  stm32f1xx_hal_tim.o [1]
HAL_TIM_Encoder_MspInit
                        0x08003657   0x3e  Code  Gb  tim.o [1]
HAL_TIM_Encoder_Start   0x08004e0b   0x4e  Code  Gb  stm32f1xx_hal_tim.o [1]
HAL_TIM_MspPostInit     0x080036dd   0x22  Code  Gb  tim.o [1]
HAL_TIM_PWM_ConfigChannel
                        0x08004e59  0x100  Code  Gb  stm32f1xx_hal_tim.o [1]
HAL_TIM_PWM_Init        0x08004cc1   0x38  Code  Gb  stm32f1xx_hal_tim.o [1]
HAL_TIM_PWM_MspInit     0x08003631   0x26  Code  Gb  tim.o [1]
HAL_TIM_PWM_Start       0x08004cf9   0x4c  Code  Gb  stm32f1xx_hal_tim.o [1]
HAL_UART_ErrorCallback  0x080030eb   0x10  Code  Gb  usart.o [1]
HAL_UART_IRQHandler     0x08004601  0x14a  Code  Gb  stm32f1xx_hal_uart.o [1]
HAL_UART_Init           0x08004439   0x76  Code  Gb  stm32f1xx_hal_uart.o [1]
HAL_UART_MspInit        0x08002fd5   0x54  Code  Gb  usart.o [1]
HAL_UART_Receive_IT     0x0800458f   0x72  Code  Gb  stm32f1xx_hal_uart.o [1]
HAL_UART_RxCpltCallback
                        0x08003057   0x94  Code  Gb  usart.o [1]
HAL_UART_Transmit       0x080044af   0xe0  Code  Gb  stm32f1xx_hal_uart.o [1]
HEAP$$Base              0x20001050          --   Gb  - Linker created -
HEAP$$Limit             0x20001250          --   Gb  - Linker created -
HardFault_Handler       0x08007857    0x2  Code  Gb  stm32f1xx_it.o [1]
LoadInt                 0x0800031f   0x7a  Code  Lc  xprintffull.o [3]
MX_CAN_Init             0x08002821   0x68  Code  Gb  can.o [1]
MX_GPIO_Init            0x08003279   0xf0  Code  Gb  gpio.o [1]
MX_NVIC_Init            0x08002bbf   0x54  Code  Lc  main.o [1]
MX_SPI2_Init            0x08003369   0x74  Code  Gb  spi.o [1]
MX_TIM2_Init            0x08003449   0xc6  Code  Gb  tim.o [1]
MX_TIM4_Init            0x0800350f   0x82  Code  Gb  tim.o [1]
MX_TIM6_Init            0x08003591   0x50  Code  Gb  tim.o [1]
MX_TIM7_Init            0x080035e1   0x50  Code  Gb  tim.o [1]
MX_UART5_Init           0x08002f8d   0x48  Code  Gb  usart.o [1]
MemManage_Handler       0x08007859    0x2  Code  Gb  stm32f1xx_it.o [1]
NMI_Handler             0x08007855    0x2  Code  Gb  stm32f1xx_it.o [1]
NVIC_EnableIRQ          0x080041c7   0x16  Code  Lc  stm32f1xx_hal_cortex.o [1]
NVIC_EncodePriority     0x08004209   0x42  Code  Lc  stm32f1xx_hal_cortex.o [1]
NVIC_GetPriorityGrouping
                        0x080041bd    0xa  Code  Lc  stm32f1xx_hal_cortex.o [1]
NVIC_SetPriority        0x080041dd   0x2c  Code  Lc  stm32f1xx_hal_cortex.o [1]
NVIC_SetPriorityGrouping
                        0x080041a1   0x1c  Code  Lc  stm32f1xx_hal_cortex.o [1]
PID_release             0x08004315   0x74  Code  Gb  utils.o [1]
PendSV_Handler          0x08007863    0x2  Code  Gb  stm32f1xx_it.o [1]
Phase_Change            0x08005361   0x26  Code  Gb  board.o [1]
Phase_Open_Cnt          0x20000c08    0x4  Data  Gb  board.o [1]
RCC_Delay               0x08004133   0x26  Code  Lc  stm32f1xx_hal_rcc.o [1]
Read_Reg                0x080054f9   0x98  Code  Gb  as5047p.o [1]
Region$$Table$$Base     0x08007b58          --   Gb  - Linker created -
Region$$Table$$Limit    0x08007b78          --   Gb  - Linker created -
RxMessage               0x20000b7c   0x24  Data  Lc  can.o [1]
SPI_CheckFlag_BSY       0x080061ab   0x2a  Code  Lc  stm32f1xx_hal_spi.o [1]
SPI_WaitFlagStateUntilTimeout
                        0x08006109   0xa2  Code  Lc  stm32f1xx_hal_spi.o [1]
SVC_Handler             0x0800785f    0x2  Code  Gb  stm32f1xx_it.o [1]
Set_Phase_High_Speed    0x080053cd   0x94  Code  Gb  board.o [1]
Set_Phase_Low_State     0x08005387   0x46  Code  Gb  board.o [1]
SysTick_Config          0x0800424b   0x30  Code  Lc  stm32f1xx_hal_cortex.o [1]
SysTick_Handler         0x08007865    0xc  Code  Gb  stm32f1xx_it.o [1]
SystemClock_Config      0x08002b37   0x88  Code  Gb  main.o [1]
SystemCoreClock         0x200005a0    0x4  Data  Gb  system_stm32f1xx.o [1]
SystemInit              0x080077ed   0x4e  Code  Gb  system_stm32f1xx.o [1]
TIM_Base_SetConfig      0x08004f65   0x9a  Code  Gb  stm32f1xx_hal_tim.o [1]
TIM_CCxChannelCmd       0x080051cd   0x1c  Code  Gb  stm32f1xx_hal_tim.o [1]
TIM_Mode_init           0x080036ff   0x2c  Code  Gb  tim.o [1]
TIM_OC1_SetConfig       0x08004fff   0x6e  Code  Lc  stm32f1xx_hal_tim.o [1]
TIM_OC2_SetConfig       0x0800506d   0x7c  Code  Gb  stm32f1xx_hal_tim.o [1]
TIM_OC3_SetConfig       0x080050e9   0x76  Code  Lc  stm32f1xx_hal_tim.o [1]
TIM_OC4_SetConfig       0x0800515f   0x58  Code  Lc  stm32f1xx_hal_tim.o [1]
TxMessage               0x20000bc4   0x1c  Data  Lc  can.o [1]
UART5_IRQHandler        0x08007899    0xa  Code  Gb  stm32f1xx_it.o [1]
UART_DMAAbortOnError    0x080047dd   0x16  Code  Lc  stm32f1xx_hal_uart.o [1]
UART_EndRxTransfer      0x080047b9   0x20  Code  Lc  stm32f1xx_hal_uart.o [1]
UART_EndTransmit_IT     0x08004863   0x20  Code  Lc  stm32f1xx_hal_uart.o [1]
UART_Receive_IT         0x08004883   0xae  Code  Lc  stm32f1xx_hal_uart.o [1]
UART_SetConfig          0x08004931  0x190  Code  Lc  stm32f1xx_hal_uart.o [1]
UART_Transmit_IT        0x080047f5   0x6e  Code  Lc  stm32f1xx_hal_uart.o [1]
UART_WaitOnFlagUntilTimeout
                        0x0800474b   0x6e  Code  Lc  stm32f1xx_hal_uart.o [1]
USART_RX_BUF            0x200007d0   0xc8  Data  Gb  usart.o [1]
USART_RX_STA            0x20000c4c    0x2  Data  Gb  usart.o [1]
USB_LP_CAN1_RX0_IRQHandler
                        0x08007885    0xa  Code  Gb  stm32f1xx_it.o [1]
UsageFault_Handler      0x0800785d    0x2  Code  Gb  stm32f1xx_it.o [1]
_Encoding_8859_1_Mbrlen
                        0x08001219    0x2  Code  Gb  xencoding_8859_1.o [3]
_Encoding_8859_1_Wctomb
                        0x08001207   0x12  Code  Gb  xencoding_8859_1.o [3]
_Error_Handler          0x08002cad    0x2  Code  Gb  main.o [1]
_GenldFull              0x08000da1  0x274  Code  Lc  xprintffull.o [3]
_LdtobFull              0x08000975  0x3fe  Code  Lc  xprintffull.o [3]
_LitobFull              0x0800081d  0x112  Code  Lc  xprintffull.o [3]
_LocaleC_isalpha        0x08001147    0xc  Code  Gb  xlocale_c.o [3]
_LocaleC_islower        0x08001141    0x4  Code  Gb  xlocale_c.o [3]
_LocaleC_isspace        0x0800115d   0x14  Code  Gb  xlocale_c.o [3]
_LocaleC_isupper        0x08001145    0x2  Code  Gb  xlocale_c.o [3]
_LocaleC_tolower        0x08001171    0xc  Code  Gb  xlocale_c.o [3]
_Locale_lconv           0x200005bc   0x38  Data  Lc  xlocale_c.o [3]
_PrintfFull             0x08000131  0x1d6  Code  Gb  xprintffull.o [3]
_PutcharsFull           0x08001015   0x2e  Code  Lc  xprintffull.o [3]
_PutfldFull             0x08000399  0x2d0  Code  Lc  xprintffull.o [3]
_PutstrFull             0x0800075f   0xbe  Code  Lc  xprintffull.o [3]
_PuttxtFull             0x08000669   0xf6  Code  Lc  xprintffull.o [3]
_SNProut                0x0800129b   0x1a  Code  Gb  xsnprout.o [3]
__aeabi_assert          0x0800322d   0x24  Code  Gb  ABIassert.o [6]
__aeabi_cdcmple         0x08001805         Code  Gb  DblCmpLe.o [4]
__aeabi_cdrcmple        0x08001835         Code  Gb  DblCmpGe.o [4]
__aeabi_cfcmple         0x08005799         Code  Gb  FltCmpLe.o [4]
__aeabi_cfrcmple        0x0800533d         Code  Gb  FltCmpGe.o [4]
__aeabi_d2f             0x08006c69         Code  Gb  DblToFlt.o [4]
__aeabi_d2iz            0x080019a1         Code  Gb  DblToS32.o [4]
__aeabi_d2uiz           0x08001d2d         Code  Gb  DblToU32.o [4]
__aeabi_dadd            0x08001d79         Code  Gb  DblAdd.o [4]
__aeabi_ddiv            0x08001ae5         Code  Gb  DblDiv.o [4]
__aeabi_dmul            0x080015f1         Code  Gb  DblMul.o [4]
__aeabi_dsub            0x08001a01         Code  Gb  DblSub.o [4]
__aeabi_f2d             0x08006f39         Code  Gb  FltToDbl.o [4]
__aeabi_f2iz            0x08003201         Code  Gb  FltToS32.o [4]
__aeabi_fadd            0x080056b5         Code  Gb  FltAdd.o [4]
__aeabi_fdiv            0x08005abd         Code  Gb  FltDiv.o [4]
__aeabi_fmul            0x080057bd         Code  Gb  FltMul.o [4]
__aeabi_fsub            0x08005635         Code  Gb  FltSub.o [4]
__aeabi_i2d             0x080019dd         Code  Gb  S32ToDbl.o [4]
__aeabi_i2f             0x080054d5         Code  Gb  S32ToFlt.o [4]
__aeabi_ldiv0           0x08001d75         Code  Gb  I64DivZer.o [5]
__aeabi_llsr            0x080077cd         Code  Gb  U64Shr.o [5]
__aeabi_memcpy          0x08001319         Code  Gb  ABImemcpy.o [5]
__aeabi_memcpy4         0x08001339         Code  Gb  ABImemcpy.o [5]
__aeabi_memcpy8         0x08001339         Code  Gb  ABImemcpy.o [5]
__aeabi_memset          0x080052d5         Code  Gb  ABImemset.o [5]
__aeabi_ui2d            0x08001d55         Code  Gb  U32ToDbl.o [4]
__aeabi_ui2f            0x08005619         Code  Gb  U32ToFlt.o [4]
__aeabi_uldivmod        0x080013c1         Code  Gb  I64DivMod.o [5]
__cmain                 0x08007b99         Code  Gb  cmain.o [5]
__data_GetMemChunk      0x08005a91   0x2c  Code  Gb  xgetmemchunk.o [3]
__data_GetMemChunk::start
                        0x20000c48    0x4  Data  Lc  xgetmemchunk.o [3]
__exit                  0x08001ef1   0x14  Code  Gb  exit.o [6]
__iar_Fail_s            0x08001225   0x1c  Code  Gb  xfail_s.o [3]
__iar_Mbcurmax          0x0800130d    0xa  Code  Gb  xmbcurmax.o [3]
__iar_Memchr            0x080012b5         Code  Gb  memchr.o [5]
__iar_Memset            0x080052d5         Code  Gb  ABImemset.o [5]
__iar_Memset_word       0x080052dd         Code  Gb  ABImemset.o [5]
__iar_Sto64             0x08006a99  0x154  Code  Gb  strto64.o [4]
__iar_Stoflt            0x080070a5  0x1c8  Code  Gb  iar_Stoflt.o [3]
__iar_Stopfx            0x08006f81  0x122  Code  Gb  iar_Stopfx.o [3]
__iar_Stoulx            0x08006dc5  0x112  Code  Gb  iar_Stoulx.o [3]
__iar_Stoxflt           0x0800726d  0x1e6  Code  Gb  iar_Stoxflt.o [3]
__iar_Stoxflt::digits   0x08007458   0x18  Data  Lc  iar_Stoxflt.o [3]
__iar_Stoxflt::vals     0x08007470   0x18  Data  Lc  iar_Stoxflt.o [3]
__iar_Strchr            0x080011f1         Code  Gb  strchr.o [5]
__iar_dadd              0x08001a11         Code  Gb  DblSub.o [4]
__iar_data_init3        0x08007b31   0x28  Code  Gb  data_init.o [5]
__iar_dsub              0x08001d89         Code  Gb  DblAdd.o [4]
__iar_dsubStart         0x08001d9b         Code  Gb  DblAdd.o [4]
__iar_fadd              0x08005641         Code  Gb  FltSub.o [4]
__iar_frexp             0x080017a1         Code  Gb  frexp.o [4]
__iar_frexp64           0x08001795         Code  Gb  frexp.o [4]
__iar_frexpl            0x080017a1         Code  Gb  frexp.o [4]
__iar_fsub              0x080056c1         Code  Gb  FltAdd.o [4]
__iar_fsubStart         0x080056d1         Code  Gb  FltAdd.o [4]
__iar_globLocale        0x200005f4   0x48  Data  Lc  xlocale_c.o [3]
__iar_global_Locale     0x0800117d    0x4  Code  Gb  xlocale_c.o [3]
__iar_ldexp64           0x08001865         Code  Gb  ldexp.o [4]
__iar_lz77_init_single3
                        0x080010c7   0x7a  Code  Gb  lz77_init_single.o [5]
__iar_program_start     0x08007f2d         Code  Gb  cstartup_M.o [5]
__iar_scalbln64         0x08001865         Code  Gb  ldexp.o [4]
__iar_scalbn64          0x08001865         Code  Gb  ldexp.o [4]
__iar_systems$$module {Abs}
                        0x00000001         Data  Gb  command line/config [2]
__iar_zero_init3        0x0800794d   0x40  Code  Gb  zero_init3.o [5]
__low_level_init        0x08007bb7    0x4  Code  Gb  low_level_init.o [3]
__no_free_malloc        0x08005245   0x40  Code  Gb  no_free_heap0.o [3]
__vector_table          0x08000000         Data  Gb  startup_stm32f103xe.o [1]
_call_main              0x08007ba5         Code  Gb  cmain.o [5]
_exit                   0x08007bc1         Code  Gb  cexit.o [5]
_gLocale_mblen          0x080011dd    0x4  Code  Gb  xlocale_c.o [3]
_gLocale_mblenInt       0x080011a5   0x34  Code  Gb  xlocale_c.o [3]
_gLocale_wctomb         0x080011e1    0x4  Code  Gb  xlocale_c.o [3]
_gLocale_wctombInt      0x080011d9    0x4  Code  Gb  xlocale_c.o [3]
_main                   0x08007bb3         Code  Gb  cmain.o [5]
aRxBuffer               0x20000c4f    0x1  Data  Gb  usart.o [1]
abort                   0x08001d6f    0x6  Code  Gb  abort.o [3]
as5047p_Get_Position    0x08005599   0x22  Code  Gb  as5047p.o [1]
atof                    0x08006c19    0x8  Code  Gb  strto64.o [4]
atoi                    0x08006edd    0x2  Code  Gb  iar_Stoulx.o [3]
brush_control_flag      0x20000c1c    0x4  Data  Gb  utils.o [1]
brush_position_PID      0x20000b58   0x24  Data  Gb  brush_motor.o [1]
brush_speed_PID         0x20000b34   0x24  Data  Gb  brush_motor.o [1]
callback                0x08007909   0x44  Code  Gb  can_func.o [1]
canList                 0x20000640  0x190  Data  Gb  can.o [1]
can_RX_data             0x20000c00    0x8  Data  Gb  can_func.o [1]
can_add_callback        0x0800296b   0x56  Code  Gb  can.o [1]
can_add_func            0x08002a29   0x64  Code  Gb  can.o [1]
can_init                0x080028df   0x3a  Code  Gb  can.o [1]
canlistnum              0x20000c10    0x4  Data  Lc  can.o [1]
cmd_argv                0x20000adc   0x30  Data  Gb  cmd.o [1]
cmd_driver_info_func    0x0800620d  0x118  Code  Gb  cmd_func.o [1]
cmd_exec                0x08003801   0x68  Code  Gb  cmd.o [1]
cmd_hello_func          0x080061d5   0x10  Code  Gb  cmd_func.o [1]
cmd_help_func           0x08003869   0x44  Code  Gb  cmd.o [1]
cmd_info_func           0x080061e5   0x28  Code  Gb  cmd_func.o [1]
cmd_init                0x0800375d   0x1a  Code  Gb  cmd.o [1]
cmd_parse               0x08003777   0x8a  Code  Gb  cmd.o [1]
cmd_position_func       0x0800640f   0x32  Code  Gb  cmd_func.o [1]
cmd_position_pid_func   0x08006441   0x60  Code  Gb  cmd_func.o [1]
cmd_pwm_func            0x0800634b   0x32  Code  Gb  cmd_func.o [1]
cmd_read_flash_func     0x080064c1    0xc  Code  Gb  cmd_func.o [1]
cmd_read_position       0x0800661f  0x112  Code  Gb  cmd_func.o [1]
cmd_read_pwm_func       0x080064cd   0x32  Code  Gb  cmd_func.o [1]
cmd_read_speed          0x08006511  0x10e  Code  Gb  cmd_func.o [1]
cmd_send_wave_func      0x080064ff    0xa  Code  Gb  cmd_func.o [1]
cmd_send_wave_stop_func
                        0x08006509    0x8  Code  Gb  cmd_func.o [1]
cmd_speed_func          0x0800637d   0x32  Code  Gb  cmd_func.o [1]
cmd_speed_pid_func      0x080063af   0x60  Code  Gb  cmd_func.o [1]
cmd_stop_func           0x08006325   0x26  Code  Gb  cmd_func.o [1]
cmd_tbl                 0x20000008  0x594  Data  Lc  cmd.o [1]
cmd_write_flash_func    0x080064a1   0x20  Code  Gb  cmd_func.o [1]
ddiv                    0x0800687b   0x7a  Code  Lc  strto64.o [4]
digits                  0x08006ee8   0x28  Data  Lc  iar_Stoulx.o [3]
dmul                    0x08006801   0x7a  Code  Lc  strto64.o [4]
exit                    0x08007bbb    0x4  Code  Gb  exit.o [3]
flash_data              0x20000ba0   0x24  Data  Gb  flash.o [1]
frexp                   0x08001795         Code  Gb  frexp.o [4]
frexpl                  0x08001795         Code  Gb  frexp.o [4]
hcan                    0x20000958   0x44  Data  Gb  can.o [1]
hspi2                   0x20000900   0x58  Data  Gb  spi.o [1]
htim2                   0x2000099c   0x40  Data  Gb  tim.o [1]
htim4                   0x200009dc   0x40  Data  Gb  tim.o [1]
htim6                   0x20000a1c   0x40  Data  Gb  tim.o [1]
htim7                   0x20000a5c   0x40  Data  Gb  tim.o [1]
huart5                  0x20000a9c   0x40  Data  Gb  usart.o [1]
isalpha                 0x080077b9   0x14  Code  Gb  isalpha.o [3]
isspace                 0x08007791   0x14  Code  Gb  isspace.o [3]
ldexp                   0x08001865         Code  Gb  ldexp.o [4]
ldexpl                  0x08001865         Code  Gb  ldexp.o [4]
load_prams              0x08006d37   0x6a  Code  Gb  flash.o [1]
localeconv              0x080011e5    0x4  Code  Gb  xlocale_c.o [3]
main                    0x08002ae1   0x56  Code  Gb  main.o [1]
memchr                  0x080012b5         Code  Gb  memchr.o [5]
motor_type_flag         0x20000c3c    0x4  Data  Gb  utils.o [1]
ndigs                   0x08006f10   0x28  Data  Lc  iar_Stoulx.o [3]
pFlash                  0x20000be0   0x20  Data  Gb  stm32f1xx_hal_flash.o [1]
position_last           0x20000c24    0x4  Data  Gb  utils.o [1]
position_now            0x20000c20    0x4  Data  Gb  utils.o [1]
pows                    0x08006c20   0x48  Data  Lc  strto64.o [4]
qs                      0x20000c44    0x4  Data  Lc  no_free_heap0.o [3]
s                       0x200005a4   0x18  Data  Gb  utils.o [1]
sFilterConfig           0x20000b0c   0x28  Data  Gb  can.o [1]
scalbln                 0x08001865         Code  Gb  ldexp.o [4]
scalblnl                0x08001865         Code  Gb  ldexp.o [4]
scalbn                  0x08001865         Code  Gb  ldexp.o [4]
scalbnl                 0x08001865         Code  Gb  ldexp.o [4]
scale                   0x0800092f   0x46  Code  Lc  xprintffull.o [3]
sec_hand                0x20000c40    0x4  Data  Lc  xfail_s.o [3]
send_wave               0x08004389   0x88  Code  Gb  utils.o [1]
send_wave_flag          0x20000c38    0x4  Data  Gb  utils.o [1]
speed_now               0x20000c28    0x4  Data  Gb  utils.o [1]
strchr                  0x080011f1         Code  Gb  strchr.o [5]
strcmp                  0x08005289         Code  Gb  strcmp.o [5]
strlen                  0x08001265         Code  Gb  strlen.o [5]
target_position         0x20000c34    0x4  Data  Gb  utils.o [1]
target_pwm              0x20000c2c    0x4  Data  Gb  utils.o [1]
target_speed            0x20000c30    0x4  Data  Gb  utils.o [1]
tolower                 0x080077a5   0x14  Code  Gb  tolower.o [3]
uart_buffer             0x20000898   0x68  Data  Gb  usart.o [1]
uprintf                 0x08003029   0x2e  Code  Gb  usart.o [1]
usart_exc               0x08003109   0xbc  Code  Gb  usart.o [1]
usart_init              0x080030fb    0xe  Code  Gb  usart.o [1]
uwTick                  0x20000c18    0x4  Data  Gb  stm32f1xx_hal.o [1]
uwTickFreq              0x2000063c    0x1  Data  Gb  stm32f1xx_hal.o [1]
uwTickPrio              0x2000059c    0x4  Data  Gb  stm32f1xx_hal.o [1]
vsnprintf               0x08004ac9   0x3c  Code  Gb  vsnprint.o [3]
write_prams             0x08006cd1   0x66  Code  Gb  flash.o [1]


[1] = E:\folder\机器人队\Cube\Driver\EWARM\Driver\Obj
[2] = command line
[3] = dl7M_tlf.a
[4] = m7M_tl.a
[5] = rt7M_tl.a
[6] = shb_l.a

  31 384 bytes of readonly  code memory
   1 913 bytes of readonly  data memory
   4 685 bytes of readwrite data memory

Errors: none
Warnings: none
