###############################################################################
#
# IAR ELF Linker V8.22.1.15669/W32 for ARM                29/Dec/2018  18:40:01
# Copyright 2007-2018 IAR Systems AB.
#
#    Output file  =  
#        E:\folder\机器人队\Cube\Driver\EWARM\Driver\Exe\Driver.out
#    Map file     =  
#        E:\folder\机器人队\Cube\Driver\EWARM\Driver\List\Driver.map
#    Command line =  
#        -f C:\Users\MyPC\AppData\Local\Temp\EWE4EB.tmp
#        (E:\folder\机器人队\Cube\Driver\EWARM\Driver\Obj\as5047p.o
#        E:\folder\机器人队\Cube\Driver\EWARM\Driver\Obj\board.o
#        E:\folder\机器人队\Cube\Driver\EWARM\Driver\Obj\brush_motor.o
#        E:\folder\机器人队\Cube\Driver\EWARM\Driver\Obj\can.o
#        E:\folder\机器人队\Cube\Driver\EWARM\Driver\Obj\can_func.o
#        E:\folder\机器人队\Cube\Driver\EWARM\Driver\Obj\cmd.o
#        E:\folder\机器人队\Cube\Driver\EWARM\Driver\Obj\cmd_func.o
#        E:\folder\机器人队\Cube\Driver\EWARM\Driver\Obj\encoder.o
#        E:\folder\机器人队\Cube\Driver\EWARM\Driver\Obj\flash.o
#        E:\folder\机器人队\Cube\Driver\EWARM\Driver\Obj\gpio.o
#        E:\folder\机器人队\Cube\Driver\EWARM\Driver\Obj\main.o
#        E:\folder\机器人队\Cube\Driver\EWARM\Driver\Obj\spi.o
#        E:\folder\机器人队\Cube\Driver\EWARM\Driver\Obj\startup_stm32f103xe.o
#        E:\folder\机器人队\Cube\Driver\EWARM\Driver\Obj\stm32f1xx_hal.o
#        E:\folder\机器人队\Cube\Driver\EWARM\Driver\Obj\stm32f1xx_hal_can.o
#        E:\folder\机器人队\Cube\Driver\EWARM\Driver\Obj\stm32f1xx_hal_cortex.o
#        E:\folder\机器人队\Cube\Driver\EWARM\Driver\Obj\stm32f1xx_hal_dma.o
#        E:\folder\机器人队\Cube\Driver\EWARM\Driver\Obj\stm32f1xx_hal_flash.o
#        E:\folder\机器人队\Cube\Driver\EWARM\Driver\Obj\stm32f1xx_hal_flash_ex.o
#        E:\folder\机器人队\Cube\Driver\EWARM\Driver\Obj\stm32f1xx_hal_gpio.o
#        E:\folder\机器人队\Cube\Driver\EWARM\Driver\Obj\stm32f1xx_hal_gpio_ex.o
#        E:\folder\机器人队\Cube\Driver\EWARM\Driver\Obj\stm32f1xx_hal_msp.o
#        E:\folder\机器人队\Cube\Driver\EWARM\Driver\Obj\stm32f1xx_hal_pwr.o
#        E:\folder\机器人队\Cube\Driver\EWARM\Driver\Obj\stm32f1xx_hal_rcc.o
#        E:\folder\机器人队\Cube\Driver\EWARM\Driver\Obj\stm32f1xx_hal_rcc_ex.o
#        E:\folder\机器人队\Cube\Driver\EWARM\Driver\Obj\stm32f1xx_hal_spi.o
#        E:\folder\机器人队\Cube\Driver\EWARM\Driver\Obj\stm32f1xx_hal_spi_ex.o
#        E:\folder\机器人队\Cube\Driver\EWARM\Driver\Obj\stm32f1xx_hal_tim.o
#        E:\folder\机器人队\Cube\Driver\EWARM\Driver\Obj\stm32f1xx_hal_tim_ex.o
#        E:\folder\机器人队\Cube\Driver\EWARM\Driver\Obj\stm32f1xx_hal_uart.o
#        E:\folder\机器人队\Cube\Driver\EWARM\Driver\Obj\stm32f1xx_it.o
#        E:\folder\机器人队\Cube\Driver\EWARM\Driver\Obj\system_stm32f1xx.o
#        E:\folder\机器人队\Cube\Driver\EWARM\Driver\Obj\tim.o
#        E:\folder\机器人队\Cube\Driver\EWARM\Driver\Obj\usart.o
#        E:\folder\机器人队\Cube\Driver\EWARM\Driver\Obj\utils.o --redirect
#        _Printf=_PrintfFull --redirect _Scanf=_ScanfFull -o
#        E:\folder\机器人队\Cube\Driver\EWARM\Driver\Exe\Driver.out --map
#        E:\folder\机器人队\Cube\Driver\EWARM\Driver\List\Driver.map
#        --config
#        E:\folder\机器人队\Cube\Driver\EWARM/stm32f103xe_flash.icf
#        --semihosting --entry __iar_program_start --vfe --text_out locale)
#
###############################################################################

*******************************************************************************
*** RUNTIME MODEL ATTRIBUTES
***

CppFlavor       = *
__Heap_Handler  = NoFree
__SystemLibrary = DLib
__dlib_version  = 6


*******************************************************************************
*** HEAP SELECTION
***

The no free heap was selected because no calls to memory
deallocation functions were found in the application.


*******************************************************************************
*** PLACEMENT SUMMARY
***

"A0":  place at 0x08000000 { ro section .intvec };
"P1":  place in [from 0x08000000 to 0x0807ffff] { ro };
define block CSTACK with size = 1K, alignment = 8 { };
define block HEAP with size = 512, alignment = 8 { };
"P2":  place in [from 0x20000000 to 0x2000ffff] {
          rw, block CSTACK, block HEAP };
initialize by copy { rw };

  Section            Kind        Address    Size  Object
  -------            ----        -------    ----  ------
"A0":                                      0x130
  .intvec            ro code  0x08000000   0x130  startup_stm32f103xe.o [1]
                            - 0x08000130   0x130

"P1":                                     0x68c2
  .text              ro code  0x08000130   0xf96  xprintffull.o [3]
  .text              ro code  0x080010c6    0x7a  lz77_init_single.o [5]
  .text              ro code  0x08001140    0xb0  xlocale_c.o [3]
  .text              ro code  0x080011f0    0x16  strchr.o [5]
  .text              ro code  0x08001206    0x1e  xencoding_8859_1.o [3]
  .text              ro code  0x08001224    0x40  xfail_s.o [3]
  .text              ro code  0x08001264    0x36  strlen.o [5]
  .text              ro code  0x0800129a    0x1a  xsnprout.o [3]
  .text              ro code  0x080012b4    0x58  memchr.o [5]
  .text              ro code  0x0800130c     0xa  xmbcurmax.o [3]
  .text              ro code  0x08001318    0xa6  ABImemcpy.o [5]
  .text              ro code  0x080013c0   0x22e  I64DivMod.o [5]
  .text              ro code  0x080015f0   0x1a2  DblMul.o [4]
  .text              ro code  0x08001794    0x70  frexp.o [4]
  .text              ro code  0x08001804    0x2e  DblCmpLe.o [4]
  .text              ro code  0x08001834    0x2e  DblCmpGe.o [4]
  .text              ro code  0x08001864   0x13a  ldexp.o [4]
  .text              ro code  0x080019a0    0x3a  DblToS32.o [4]
  .text              ro code  0x080019dc    0x22  S32ToDbl.o [4]
  .text              ro code  0x08001a00    0xe2  DblSub.o [4]
  .text              ro code  0x08001ae4   0x246  DblDiv.o [4]
  .text              ro code  0x08001d2c    0x28  DblToU32.o [4]
  .text              ro code  0x08001d54    0x1a  U32ToDbl.o [4]
  .text              ro code  0x08001d6e     0x6  abort.o [3]
  .text              ro code  0x08001d74     0x2  I64DivZer.o [5]
  .text              ro code  0x08001d78   0x178  DblAdd.o [4]
  .text              ro code  0x08001ef0    0x14  exit.o [6]
  .text              ro code  0x08001f04   0x5bc  stm32f1xx_hal_can.o [1]
  .text              ro code  0x080024c0   0x2a4  can.o [1]
  .text              ro code  0x08002764     0xc  stm32f1xx_hal.o [1]
  .text              ro code  0x08002770     0x2  stm32f1xx_hal_can.o [1]
  .text              ro code  0x08002774   0x1a0  main.o [1]
  .text              ro code  0x08002914   0x1f6  stm32f1xx_hal_gpio.o [1]
  .text              ro code  0x08002b0c   0x20c  usart.o [1]
  .text              ro code  0x08002d18    0x2a  FltToS32.o [4]
  .text              ro code  0x08002d44    0x24  ABIassert.o [6]
  .text              ro code  0x08002d68    0x24  stm32f1xx_hal.o [1]
  .text              ro code  0x08002d8c    0xda  gpio.o [1]
  .text              ro code  0x08002e68    0xd8  spi.o [1]
  .text              ro code  0x08002f40   0x26c  tim.o [1]
  .text              ro code  0x080031ac    0xe4  stm32f1xx_hal_cortex.o [1]
  .text              ro code  0x08003290   0x144  cmd.o [1]
  .text              ro code  0x080033d4   0x184  brush_motor.o [1]
  .text              ro code  0x08003558   0x4e2  stm32f1xx_hal_rcc.o [1]
  .text              ro code  0x08003a3c    0xd4  utils.o [1]
  .text              ro code  0x08003b10   0x4f0  stm32f1xx_hal_uart.o [1]
  .text              ro code  0x08004000    0x3c  vsnprint.o [3]
  .text              ro code  0x0800403c    0x40  stm32f1xx_hal.o [1]
  .text              ro code  0x0800407c    0x9c  stm32f1xx_hal_msp.o [1]
  .text              ro code  0x08004118    0x82  stm32f1xx_hal_spi_ex.o [1]
  .text              ro code  0x0800419c   0x448  stm32f1xx_hal_tim.o [1]
  .text              ro code  0x080045e4    0x4a  stm32f1xx_hal_tim_ex.o [1]
  .text              ro code  0x08004630    0x44  no_free_heap0.o [3]
  .text              ro code  0x08004674     0x6  ABImemclr.o [5]
  .text              ro code  0x0800467c    0x4a  strcmp.o [5]
  .text              ro code  0x080046c8    0x24  FltCmpGe.o [4]
  .text              ro code  0x080046ec   0x118  board.o [1]
  .text              ro code  0x08004804    0x18  encoder.o [1]
  .text              ro code  0x0800481c    0x24  S32ToFlt.o [4]
  .text              ro code  0x08004840    0x8e  as5047p.o [1]
  .text              ro code  0x080048d0    0x1c  U32ToFlt.o [4]
  .text              ro code  0x080048ec    0x80  FltSub.o [4]
  .text              ro code  0x0800496c    0xe2  FltAdd.o [4]
  .text              ro code  0x08004a50    0x24  FltCmpLe.o [4]
  .text              ro code  0x08004a74    0xd8  FltMul.o [4]
  .text              ro code  0x08004b4c   0x110  stm32f1xx_hal_dma.o [1]
  .text              ro code  0x08004c5c     0x2  stm32f1xx_hal_uart.o [1]
  .text              ro code  0x08004c60    0x2c  xgetmemchunk.o [3]
  .text              ro code  0x08004c8c    0x5e  ABImemset.o [5]
  .text              ro code  0x08004cec    0xfc  FltDiv.o [4]
  .text              ro code  0x08004de8   0x536  stm32f1xx_hal_spi.o [1]
  .text              ro code  0x08005320   0x468  strto64.o [4]
  .text              ro code  0x08005788   0x122  iar_Stopfx.o [3]
  .text              ro code  0x080058ac   0x1c8  iar_Stoflt.o [3]
  .text              ro code  0x08005a74   0x21c  iar_Stoxflt.o [3]
  .text              ro code  0x08005c90    0x14  isspace.o [3]
  .text              ro code  0x08005ca4    0x14  isalpha.o [3]
  .text              ro code  0x08005cb8   0x32c  cmd_func.o [1]
  .text              ro code  0x08005fe4    0x68  DblToFlt.o [4]
  .text              ro code  0x0800604c   0x114  flash.o [1]
  .text              ro code  0x08006160   0x174  iar_Stoulx.o [3]
  .text              ro code  0x080062d4   0x15c  stm32f1xx_hal_flash.o [1]
  .text              ro code  0x08006430    0xd8  stm32f1xx_hal_flash_ex.o [1]
  .text              ro code  0x08006508    0x48  FltToDbl.o [4]
  .text              ro code  0x08006550    0x14  tolower.o [3]
  .text              ro code  0x08006564    0x1e  U64Shr.o [5]
  .text              ro code  0x08006584    0x60  can_func.o [1]
  .text              ro code  0x080065e4    0x5c  system_stm32f1xx.o [1]
  .text              ro code  0x08006640    0x44  stm32f1xx_it.o [1]
  .text              ro code  0x08006684    0x10  stm32f1xx_hal.o [1]
  .text              ro code  0x08006694    0x40  zero_init3.o [5]
  .text              ro code  0x080066d4    0x28  data_init.o [5]
  .iar.init_table    const    0x080066fc    0x20  - Linker created -
  .text              ro code  0x0800671c    0x1e  cmain.o [5]
  .text              ro code  0x0800673a     0x4  low_level_init.o [3]
  .text              ro code  0x0800673e     0x4  exit.o [3]
  .text              ro code  0x08006744     0xa  cexit.o [5]
  .text              ro code  0x08006750    0x10  startup_stm32f103xe.o [1]
  .text              ro code  0x08006760     0xc  cstartup_M.o [5]
  .rodata            const    0x0800676c     0x8  system_stm32f1xx.o [1]
  .rodata            const    0x08006774     0x6  xlocale_c.o [3]
  .text              ro code  0x0800677a     0x4  startup_stm32f103xe.o [1]
  .text              ro code  0x0800677e     0x4  startup_stm32f103xe.o [1]
  .text              ro code  0x08006782     0x4  startup_stm32f103xe.o [1]
  .text              ro code  0x08006786     0x4  startup_stm32f103xe.o [1]
  .text              ro code  0x0800678a     0x4  startup_stm32f103xe.o [1]
  .text              ro code  0x0800678e     0x4  startup_stm32f103xe.o [1]
  .text              ro code  0x08006792     0x4  startup_stm32f103xe.o [1]
  .text              ro code  0x08006796     0x4  startup_stm32f103xe.o [1]
  .text              ro code  0x0800679a     0x4  startup_stm32f103xe.o [1]
  .text              ro code  0x0800679e     0x4  startup_stm32f103xe.o [1]
  .text              ro code  0x080067a2     0x4  startup_stm32f103xe.o [1]
  .text              ro code  0x080067a6     0x4  startup_stm32f103xe.o [1]
  .text              ro code  0x080067aa     0x4  startup_stm32f103xe.o [1]
  .text              ro code  0x080067ae     0x4  startup_stm32f103xe.o [1]
  .text              ro code  0x080067b2     0x4  startup_stm32f103xe.o [1]
  .text              ro code  0x080067b6     0x4  startup_stm32f103xe.o [1]
  .text              ro code  0x080067ba     0x4  startup_stm32f103xe.o [1]
  .text              ro code  0x080067be     0x4  startup_stm32f103xe.o [1]
  .text              ro code  0x080067c2     0x4  startup_stm32f103xe.o [1]
  .text              ro code  0x080067c6     0x4  startup_stm32f103xe.o [1]
  .text              ro code  0x080067ca     0x4  startup_stm32f103xe.o [1]
  .text              ro code  0x080067ce     0x4  startup_stm32f103xe.o [1]
  .text              ro code  0x080067d2     0x4  startup_stm32f103xe.o [1]
  .text              ro code  0x080067d6     0x4  startup_stm32f103xe.o [1]
  .text              ro code  0x080067da     0x4  startup_stm32f103xe.o [1]
  .text              ro code  0x080067de     0x4  startup_stm32f103xe.o [1]
  .text              ro code  0x080067e2     0x4  startup_stm32f103xe.o [1]
  .text              ro code  0x080067e6     0x4  startup_stm32f103xe.o [1]
  .text              ro code  0x080067ea     0x4  startup_stm32f103xe.o [1]
  .text              ro code  0x080067ee     0x4  startup_stm32f103xe.o [1]
  .text              ro code  0x080067f2     0x4  startup_stm32f103xe.o [1]
  .text              ro code  0x080067f6     0x4  startup_stm32f103xe.o [1]
  .text              ro code  0x080067fa     0x4  startup_stm32f103xe.o [1]
  .text              ro code  0x080067fe     0x4  startup_stm32f103xe.o [1]
  .text              ro code  0x08006802     0x4  startup_stm32f103xe.o [1]
  .text              ro code  0x08006806     0x4  startup_stm32f103xe.o [1]
  .text              ro code  0x0800680a     0x4  startup_stm32f103xe.o [1]
  .text              ro code  0x0800680e     0x4  startup_stm32f103xe.o [1]
  .text              ro code  0x08006812     0x4  startup_stm32f103xe.o [1]
  .text              ro code  0x08006816     0x4  startup_stm32f103xe.o [1]
  .text              ro code  0x0800681a     0x4  startup_stm32f103xe.o [1]
  .text              ro code  0x0800681e     0x4  startup_stm32f103xe.o [1]
  .text              ro code  0x08006822     0x4  startup_stm32f103xe.o [1]
  .text              ro code  0x08006826     0x4  startup_stm32f103xe.o [1]
  .text              ro code  0x0800682a     0x4  startup_stm32f103xe.o [1]
  .text              ro code  0x0800682e     0x4  startup_stm32f103xe.o [1]
  .text              ro code  0x08006832     0x4  startup_stm32f103xe.o [1]
  .text              ro code  0x08006836     0x4  startup_stm32f103xe.o [1]
  .text              ro code  0x0800683a     0x4  startup_stm32f103xe.o [1]
  .text              ro code  0x0800683e     0x4  startup_stm32f103xe.o [1]
  .text              ro code  0x08006842     0x4  startup_stm32f103xe.o [1]
  .text              ro code  0x08006846     0x4  startup_stm32f103xe.o [1]
  .text              ro code  0x0800684a     0x4  startup_stm32f103xe.o [1]
  .text              ro code  0x0800684e     0x4  startup_stm32f103xe.o [1]
  .text              ro code  0x08006852     0x4  startup_stm32f103xe.o [1]
  .rodata            const    0x08006856     0x0  zero_init3.o [5]
  .rodata            const    0x08006856     0x0  lz77_init_single.o [5]
  Initializer bytes  const    0x08006856   0x19c  <for P2-1>
                            - 0x080069f2  0x68c2

"P2", part 1 of 3:                         0x53e
  P2-1                        0x20000000   0x53e  <Init block>
    .data            inited   0x20000000    0x4c  brush_motor.o [1]
    .data            inited   0x2000004c     0x4  brush_motor.o [1]
    .data            inited   0x20000050   0x444  cmd.o [1]
    .data            inited   0x20000494     0xc  stm32f1xx_hal.o [1]
    .data            inited   0x200004a0     0x4  system_stm32f1xx.o [1]
    .data            inited   0x200004a4    0x18  utils.o [1]
    .data            inited   0x200004bc    0x38  xlocale_c.o [3]
    .data            inited   0x200004f4    0x48  xlocale_c.o [3]
    .data            inited   0x2000053c     0x2  as5047p.o [1]
                            - 0x2000053e   0x53e

"P2", part 2 of 3:                         0x5d4
  .bss               zero     0x20000540   0x190  can.o [1]
  .bss               zero     0x200006d0    0xc8  usart.o [1]
  .bss               zero     0x20000798    0xac  can.o [1]
  .bss               zero     0x20000844    0xac  usart.o [1]
  .bss               zero     0x200008f0    0x58  spi.o [1]
  .bss               zero     0x20000948    0x40  tim.o [1]
  .bss               zero     0x20000988    0x40  tim.o [1]
  .bss               zero     0x200009c8    0x40  tim.o [1]
  .bss               zero     0x20000a08    0x40  tim.o [1]
  .bss               zero     0x20000a48    0x30  cmd.o [1]
  .bss               zero     0x20000a78    0x24  flash.o [1]
  .bss               zero     0x20000a9c     0x4  board.o [1]
  .bss               zero     0x20000aa0    0x20  stm32f1xx_hal_flash.o [1]
  .bss               zero     0x20000ac0    0x10  utils.o [1]
  .bss               zero     0x20000ad0     0x8  can_func.o [1]
  .bss               zero     0x20000ad8     0x4  can.o [1]
  .bss               zero     0x20000adc     0x4  main.o [1]
  .bss               zero     0x20000ae0     0x4  utils.o [1]
  .bss               zero     0x20000ae4     0x4  utils.o [1]
  .bss               zero     0x20000ae8     0x4  utils.o [1]
  .bss               zero     0x20000aec     0x4  utils.o [1]
  .bss               zero     0x20000af0     0x4  utils.o [1]
  .bss               zero     0x20000af4     0x4  utils.o [1]
  .bss               zero     0x20000af8     0x4  utils.o [1]
  .bss               zero     0x20000afc     0x4  utils.o [1]
  .bss               zero     0x20000b00     0x4  utils.o [1]
  .bss               zero     0x20000b04     0x4  utils.o [1]
  .bss               zero     0x20000b08     0x4  xfail_s.o [3]
  .bss               zero     0x20000b0c     0x4  no_free_heap0.o [3]
  .bss               zero     0x20000b10     0x4  xgetmemchunk.o [3]
                            - 0x20000b14   0x5d4

"P2", part 3 of 3:                         0x600
  CSTACK                      0x20000b18   0x400  <Block>
    CSTACK           uninit   0x20000b18   0x400  <Block tail>
  HEAP                        0x20000f18   0x200  <Block>
    HEAP             uninit   0x20000f18   0x200  <Block tail>
                            - 0x20001118   0x600


*******************************************************************************
*** INIT TABLE
***

          Address     Size
          -------     ----
Zero (__iar_zero_init3)
    1 destination range, total size 0x5d4:
          0x20000540  0x5d4

Copy/lz77 (__iar_lz77_init_single3)
    1 source range, total size 0x19c (30% of destination):
          0x08006856  0x19c
    1 destination range, total size 0x53e:
          0x20000000  0x53e



*******************************************************************************
*** MODULE SUMMARY
***

    Module                    ro code  ro data  rw data
    ------                    -------  -------  -------
E:\folder\机器人队\Cube\Driver\EWARM\Driver\Obj: [1]
    as5047p.o                     142        1        2
    board.o                       280                 4
    brush_motor.o                 388       24       80
    can.o                         676               576
    can_func.o                     96                 8
    cmd.o                         324      335    1 140
    cmd_func.o                    812
    encoder.o                      24
    flash.o                       276                36
    gpio.o                        218
    main.o                        416                 4
    spi.o                         216                88
    startup_stm32f103xe.o         540
    stm32f1xx_hal.o               128        4       12
    stm32f1xx_hal_can.o         1 470
    stm32f1xx_hal_cortex.o        228
    stm32f1xx_hal_dma.o           272
    stm32f1xx_hal_flash.o         348                32
    stm32f1xx_hal_flash_ex.o      216
    stm32f1xx_hal_gpio.o          502
    stm32f1xx_hal_msp.o           156
    stm32f1xx_hal_rcc.o         1 250
    stm32f1xx_hal_spi.o         1 334
    stm32f1xx_hal_spi_ex.o        130
    stm32f1xx_hal_tim.o         1 096
    stm32f1xx_hal_tim_ex.o         74
    stm32f1xx_hal_uart.o        1 266
    stm32f1xx_it.o                 68
    system_stm32f1xx.o             92        9        4
    tim.o                         620               256
    usart.o                       524               372
    utils.o                       212        8       80
    ---------------------------------------------------
    Total:                     14 394      381    2 694

command line: [2]
    ---------------------------------------------------
    Total:

dl7M_tlf.a: [3]
    abort.o                         6
    exit.o                          4
    iar_Stoflt.o                  456
    iar_Stopfx.o                  290
    iar_Stoulx.o                  372
    iar_Stoxflt.o                 540
    isalpha.o                      20
    isspace.o                      20
    low_level_init.o                4
    no_free_heap0.o                68                 4
    tolower.o                      20
    vsnprint.o                     60
    xencoding_8859_1.o             30
    xfail_s.o                      64                 4
    xgetmemchunk.o                 44                 4
    xlocale_c.o                   176       45      128
    xmbcurmax.o                    10
    xprintffull.o               3 990
    xsnprout.o                     26
    ---------------------------------------------------
    Total:                      6 200       45      140

m7M_tl.a: [4]
    DblAdd.o                      376
    DblCmpGe.o                     46
    DblCmpLe.o                     46
    DblDiv.o                      582
    DblMul.o                      418
    DblSub.o                      226
    DblToFlt.o                    104
    DblToS32.o                     58
    DblToU32.o                     40
    FltAdd.o                      226
    FltCmpGe.o                     36
    FltCmpLe.o                     36
    FltDiv.o                      252
    FltMul.o                      216
    FltSub.o                      128
    FltToDbl.o                     72
    FltToS32.o                     42
    S32ToDbl.o                     34
    S32ToFlt.o                     36
    U32ToDbl.o                     26
    U32ToFlt.o                     28
    frexp.o                       112
    ldexp.o                       314
    strto64.o                   1 128
    ---------------------------------------------------
    Total:                      4 582

rt7M_tl.a: [5]
    ABImemclr.o                     6
    ABImemcpy.o                   166
    ABImemset.o                    94
    I64DivMod.o                   558
    I64DivZer.o                     2
    U64Shr.o                       30
    cexit.o                        10
    cmain.o                        30
    cstartup_M.o                   12
    data_init.o                    40
    lz77_init_single.o            122
    memchr.o                       88
    strchr.o                       22
    strcmp.o                       74
    strlen.o                       54
    zero_init3.o                   64
    ---------------------------------------------------
    Total:                      1 372

shb_l.a: [6]
    ABIassert.o                    36
    exit.o                         20
    ---------------------------------------------------
    Total:                         56

    Gaps                           60
    Linker created                          32    1 536
-------------------------------------------------------
    Grand Total:               26 664      458    4 370


*******************************************************************************
*** ENTRY LIST
***

Entry                      Address   Size  Type      Object
-----                      -------   ----  ----      ------
.iar.init_table$$Base   0x080066fc          --   Gb  - Linker created -
.iar.init_table$$Limit  0x0800671c          --   Gb  - Linker created -
?main                   0x0800671d         Code  Gb  cmain.o [5]
AHBPrescTable           0x08006630   0x10  Data  Gb  system_stm32f1xx.o [1]
APBPrescTable           0x0800676c    0x8  Data  Gb  system_stm32f1xx.o [1]
Brush_chl               0x2000004c    0x4  Data  Gb  brush_motor.o [1]
Brush_encoder_type      0x20000004    0x4  Data  Gb  brush_motor.o [1]
Brush_motor_control     0x08003471   0xae  Code  Gb  brush_motor.o [1]
Brush_motor_control_flag
                        0x20000008    0x4  Data  Gb  brush_motor.o [1]
Brush_position_with_speed_flag
                        0x20000000    0x1  Data  Gb  brush_motor.o [1]
Brush_pwm_control       0x080033d5   0x20  Code  Gb  brush_motor.o [1]
Brush_speed_control     0x080033f5   0x7c  Code  Lc  brush_motor.o [1]
BusFault_Handler        0x08006647    0x2  Code  Gb  stm32f1xx_it.o [1]
CAN_Receive_IT          0x0800238d  0x12a  Code  Lc  stm32f1xx_hal_can.o [1]
CSTACK$$Base            0x20000b18          --   Gb  - Linker created -
CSTACK$$Limit           0x20000f18          --   Gb  - Linker created -
CacheMore               0x08001181   0x24  Code  Lc  xlocale_c.o [3]
Close_Phases            0x080047b7   0x34  Code  Gb  board.o [1]
Configure_Filter        0x0800257d   0x3e  Code  Gb  can.o [1]
DebugMon_Handler        0x0800664d    0x2  Code  Gb  stm32f1xx_it.o [1]
Dtentox                 0x0800542d  0x18c  Code  Lc  strto64.o [4]
EXTI3_IRQHandler        0x0800665f    0x6  Code  Gb  stm32f1xx_it.o [1]
EXTI4_IRQHandler        0x08006665    0x6  Code  Gb  stm32f1xx_it.o [1]
EXTI9_5_IRQHandler      0x08006671    0x6  Code  Gb  stm32f1xx_it.o [1]
Encoder_read_speed      0x08004805   0x18  Code  Gb  encoder.o [1]
FLASH_MassErase         0x080064c1   0x1a  Code  Lc  stm32f1xx_hal_flash_ex.o [1]
FLASH_PageErase         0x080064e3   0x1c  Code  Gb  stm32f1xx_hal_flash_ex.o [1]
FLASH_Program_HalfWord  0x0800636b   0x16  Code  Lc  stm32f1xx_hal_flash.o [1]
FLASH_SetErrorCode      0x080063d1   0x44  Code  Lc  stm32f1xx_hal_flash.o [1]
FLASH_WaitForLastOperation
                        0x08006381   0x50  Code  Gb  stm32f1xx_hal_flash.o [1]
HAL_CAN_ConfigFilter    0x08001fe9   0xb0  Code  Gb  stm32f1xx_hal_can.o [1]
HAL_CAN_ErrorCallback   0x08002651   0x14  Code  Gb  can.o [1]
HAL_CAN_IRQHandler      0x08002187  0x1f0  Code  Gb  stm32f1xx_hal_can.o [1]
HAL_CAN_Init            0x08001f05   0xe4  Code  Gb  stm32f1xx_hal_can.o [1]
HAL_CAN_MspInit         0x08002501   0x52  Code  Gb  can.o [1]
HAL_CAN_Receive_IT      0x080020b9   0xb2  Code  Gb  stm32f1xx_hal_can.o [1]
HAL_CAN_RxCpltCallback  0x08002611   0x38  Code  Gb  can.o [1]
HAL_DMA_Abort_IT        0x08004b4d   0xdc  Code  Gb  stm32f1xx_hal_dma.o [1]
HAL_FLASHEx_Erase       0x08006431   0x90  Code  Gb  stm32f1xx_hal_flash_ex.o [1]
HAL_FLASH_Lock          0x0800635d    0x8  Code  Gb  stm32f1xx_hal_flash.o [1]
HAL_FLASH_Program       0x080062d5   0x6c  Code  Gb  stm32f1xx_hal_flash.o [1]
HAL_FLASH_Unlock        0x08006341   0x1c  Code  Gb  stm32f1xx_hal_flash.o [1]
HAL_GPIO_EXTI_IRQHandler
                        0x08002ab7   0x10  Code  Gb  stm32f1xx_hal_gpio.o [1]
HAL_GPIO_Init           0x08002915  0x196  Code  Gb  stm32f1xx_hal_gpio.o [1]
HAL_GPIO_WritePin       0x08002aab    0xc  Code  Gb  stm32f1xx_hal_gpio.o [1]
HAL_GetTick             0x08002765    0xc  Code  Wk  stm32f1xx_hal.o [1]
HAL_IncTick             0x08006685   0x10  Code  Wk  stm32f1xx_hal.o [1]
HAL_Init                0x08002d69   0x20  Code  Gb  stm32f1xx_hal.o [1]
HAL_InitTick            0x0800403d   0x40  Code  Wk  stm32f1xx_hal.o [1]
HAL_MspInit             0x0800407d   0x9c  Code  Gb  stm32f1xx_hal_msp.o [1]
HAL_NVIC_EnableIRQ      0x0800321f    0xa  Code  Gb  stm32f1xx_hal_cortex.o [1]
HAL_NVIC_SetPriority    0x080031e5   0x3a  Code  Gb  stm32f1xx_hal_cortex.o [1]
HAL_NVIC_SetPriorityGrouping
                        0x080031cb   0x1a  Code  Gb  stm32f1xx_hal_cortex.o [1]
HAL_RCC_ClockConfig     0x08003875  0x10c  Code  Gb  stm32f1xx_hal_rcc.o [1]
HAL_RCC_GetHCLKFreq     0x080039d1    0x6  Code  Gb  stm32f1xx_hal_rcc.o [1]
HAL_RCC_GetPCLK1Freq    0x080039d7   0x10  Code  Gb  stm32f1xx_hal_rcc.o [1]
HAL_RCC_GetPCLK2Freq    0x080039e7    0xe  Code  Gb  stm32f1xx_hal_rcc.o [1]
HAL_RCC_GetSysClockFreq
                        0x08003995   0x3c  Code  Gb  stm32f1xx_hal_rcc.o [1]
HAL_RCC_GetSysClockFreq::aPLLMULFactorTable
                        0x08003a28   0x10  Data  Lc  stm32f1xx_hal_rcc.o [1]
HAL_RCC_GetSysClockFreq::aPredivFactorTable
                        0x08003a38    0x2  Data  Lc  stm32f1xx_hal_rcc.o [1]
HAL_RCC_OscConfig       0x08003559  0x314  Code  Gb  stm32f1xx_hal_rcc.o [1]
HAL_SPI_Init            0x08004119   0x82  Code  Gb  stm32f1xx_hal_spi_ex.o [1]
HAL_SPI_MspInit         0x08002ead   0x52  Code  Gb  spi.o [1]
HAL_SPI_Receive         0x08004f55  0x12a  Code  Gb  stm32f1xx_hal_spi.o [1]
HAL_SPI_Transmit        0x08004de9  0x16c  Code  Gb  stm32f1xx_hal_spi.o [1]
HAL_SPI_TransmitReceive
                        0x0800507f  0x1aa  Code  Gb  stm32f1xx_hal_spi.o [1]
HAL_SYSTICK_CLKSourceConfig
                        0x0800325b   0x1a  Code  Gb  stm32f1xx_hal_cortex.o [1]
HAL_SYSTICK_Callback    0x0800289d   0x50  Code  Gb  main.o [1]
HAL_SYSTICK_Callback::time_1ms_cnt
                        0x20000adc    0x4  Data  Lc  main.o [1]
HAL_SYSTICK_Config      0x08003233   0x28  Code  Gb  stm32f1xx_hal_cortex.o [1]
HAL_SYSTICK_IRQHandler  0x0800328d    0x4  Code  Gb  stm32f1xx_hal_cortex.o [1]
HAL_TIMEx_MasterConfigSynchronization
                        0x080045e5   0x4a  Code  Gb  stm32f1xx_hal_tim_ex.o [1]
HAL_TIM_Base_Init       0x0800419d   0x1a  Code  Gb  stm32f1xx_hal_tim.o [1]
HAL_TIM_Base_MspInit    0x080030d1   0x38  Code  Gb  tim.o [1]
HAL_TIM_Encoder_Init    0x08004233   0x88  Code  Gb  stm32f1xx_hal_tim.o [1]
HAL_TIM_Encoder_MspInit
                        0x0800309f   0x32  Code  Gb  tim.o [1]
HAL_TIM_Encoder_Start   0x080042c5   0x16  Code  Gb  stm32f1xx_hal_tim.o [1]
HAL_TIM_MspPostInit     0x08003109   0x1a  Code  Gb  tim.o [1]
HAL_TIM_PWM_ConfigChannel
                        0x080042f9   0xc0  Code  Gb  stm32f1xx_hal_tim.o [1]
HAL_TIM_PWM_Init        0x080041e1   0x1a  Code  Gb  stm32f1xx_hal_tim.o [1]
HAL_TIM_PWM_MspInit     0x0800307d   0x22  Code  Gb  tim.o [1]
HAL_TIM_PWM_Start       0x080041fb   0x14  Code  Gb  stm32f1xx_hal_tim.o [1]
HAL_UART_ErrorCallback  0x08002c0b    0x2  Code  Gb  usart.o [1]
HAL_UART_IRQHandler     0x08003ca1  0x152  Code  Gb  stm32f1xx_hal_uart.o [1]
HAL_UART_Init           0x08003b11   0x1e  Code  Gb  stm32f1xx_hal_uart.o [1]
HAL_UART_MspInit        0x08002b45   0x4e  Code  Gb  usart.o [1]
HAL_UART_Receive_IT     0x08003c3b   0x54  Code  Gb  stm32f1xx_hal_uart.o [1]
HAL_UART_RxCpltCallback
                        0x08002bbd   0x4e  Code  Gb  usart.o [1]
HAL_UART_Transmit       0x08003b89   0xaa  Code  Gb  stm32f1xx_hal_uart.o [1]
HEAP$$Base              0x20000f18          --   Gb  - Linker created -
HEAP$$Limit             0x20001118          --   Gb  - Linker created -
HardFault_Handler       0x08006643    0x2  Code  Gb  stm32f1xx_it.o [1]
LoadInt                 0x0800031f   0x7a  Code  Lc  xprintffull.o [3]
MX_CAN_Init             0x080024c1   0x40  Code  Gb  can.o [1]
MX_GPIO_Init            0x08002d8d   0xb6  Code  Gb  gpio.o [1]
MX_SPI2_Init            0x08002e69   0x44  Code  Gb  spi.o [1]
MX_TIM2_Init            0x08002f41   0x7a  Code  Gb  tim.o [1]
MX_TIM4_Init            0x08002fc5   0x50  Code  Gb  tim.o [1]
MX_TIM6_Init            0x08003015   0x20  Code  Gb  tim.o [1]
MX_TIM7_Init            0x08003049   0x20  Code  Gb  tim.o [1]
MX_UART5_Init           0x08002b0d   0x38  Code  Gb  usart.o [1]
MemManage_Handler       0x08006645    0x2  Code  Gb  stm32f1xx_it.o [1]
NMI_Handler             0x08006641    0x2  Code  Gb  stm32f1xx_it.o [1]
NVIC_SetPriority        0x080031ad   0x1e  Code  Lc  stm32f1xx_hal_cortex.o [1]
PID_release             0x08003a3d   0x68  Code  Gb  utils.o [1]
PendSV_Handler          0x0800664f    0x2  Code  Gb  stm32f1xx_it.o [1]
Phase_Change            0x080046ed   0x26  Code  Gb  board.o [1]
Phase_Open_Cnt          0x20000a9c    0x4  Data  Gb  board.o [1]
Region$$Table$$Base     0x080066fc          --   Gb  - Linker created -
Region$$Table$$Limit    0x0800671c          --   Gb  - Linker created -
RxMessage               0x20000820   0x24  Data  Lc  can.o [1]
SPI_CheckFlag_BSY       0x080052fb   0x1a  Code  Lc  stm32f1xx_hal_spi.o [1]
SPI_WaitFlagStateUntilTimeout
                        0x0800526f   0x8c  Code  Lc  stm32f1xx_hal_spi.o [1]
SVC_Handler             0x0800664b    0x2  Code  Gb  stm32f1xx_it.o [1]
Set_Phase_High_Speed    0x08004737   0x7a  Code  Gb  board.o [1]
Set_Phase_Low_State     0x08004713   0x24  Code  Gb  board.o [1]
SysTick_Handler         0x08006651    0xe  Code  Gb  stm32f1xx_it.o [1]
SystemClock_Config      0x0800282b   0x72  Code  Gb  main.o [1]
SystemCoreClock         0x200004a0    0x4  Data  Gb  system_stm32f1xx.o [1]
SystemInit              0x080065e5   0x3a  Code  Gb  system_stm32f1xx.o [1]
TIM_Base_SetConfig      0x080043e9   0x74  Code  Gb  stm32f1xx_hal_tim.o [1]
TIM_CCxChannelCmd       0x080045cd   0x12  Code  Gb  stm32f1xx_hal_tim.o [1]
TIM_Mode_init           0x0800312b   0x28  Code  Gb  tim.o [1]
TIM_OC1_SetConfig       0x0800445d   0x52  Code  Lc  stm32f1xx_hal_tim.o [1]
TIM_OC2_SetConfig       0x080044af   0x60  Code  Gb  stm32f1xx_hal_tim.o [1]
TIM_OC3_SetConfig       0x0800450f   0x58  Code  Lc  stm32f1xx_hal_tim.o [1]
TIM_OC4_SetConfig       0x08004573   0x46  Code  Lc  stm32f1xx_hal_tim.o [1]
TxMessage               0x20000804   0x1c  Data  Lc  can.o [1]
UART5_IRQHandler        0x08006677    0x6  Code  Gb  stm32f1xx_it.o [1]
UART_DMAAbortOnError    0x08003e75    0xc  Code  Lc  stm32f1xx_hal_uart.o [1]
UART_EndRxTransfer      0x08003e57   0x1c  Code  Lc  stm32f1xx_hal_uart.o [1]
UART_Receive_IT         0x08003e81   0x96  Code  Lc  stm32f1xx_hal_uart.o [1]
UART_SetConfig          0x08003f17   0xde  Code  Lc  stm32f1xx_hal_uart.o [1]
UART_WaitOnFlagUntilTimeout
                        0x08003df3   0x56  Code  Lc  stm32f1xx_hal_uart.o [1]
USART_RX_BUF            0x200006d0   0xc8  Data  Gb  usart.o [1]
USART_RX_STA            0x20000846    0x2  Data  Gb  usart.o [1]
USB_LP_CAN1_RX0_IRQHandler
                        0x0800666b    0x6  Code  Gb  stm32f1xx_it.o [1]
UsageFault_Handler      0x08006649    0x2  Code  Gb  stm32f1xx_it.o [1]
_Encoding_8859_1_Mbrlen
                        0x08001219    0x2  Code  Gb  xencoding_8859_1.o [3]
_Encoding_8859_1_Wctomb
                        0x08001207   0x12  Code  Gb  xencoding_8859_1.o [3]
_Error_Handler          0x08002905    0x2  Code  Gb  main.o [1]
_GenldFull              0x08000da1  0x274  Code  Lc  xprintffull.o [3]
_LdtobFull              0x08000975  0x3fe  Code  Lc  xprintffull.o [3]
_LitobFull              0x0800081d  0x112  Code  Lc  xprintffull.o [3]
_LocaleC_isalpha        0x08001147    0xc  Code  Gb  xlocale_c.o [3]
_LocaleC_islower        0x08001141    0x4  Code  Gb  xlocale_c.o [3]
_LocaleC_isspace        0x0800115d   0x14  Code  Gb  xlocale_c.o [3]
_LocaleC_isupper        0x08001145    0x2  Code  Gb  xlocale_c.o [3]
_LocaleC_tolower        0x08001171    0xc  Code  Gb  xlocale_c.o [3]
_Locale_lconv           0x200004bc   0x38  Data  Lc  xlocale_c.o [3]
_PrintfFull             0x08000131  0x1d6  Code  Gb  xprintffull.o [3]
_PutcharsFull           0x08001015   0x2e  Code  Lc  xprintffull.o [3]
_PutfldFull             0x08000399  0x2d0  Code  Lc  xprintffull.o [3]
_PutstrFull             0x0800075f   0xbe  Code  Lc  xprintffull.o [3]
_PuttxtFull             0x08000669   0xf6  Code  Lc  xprintffull.o [3]
_SNProut                0x0800129b   0x1a  Code  Gb  xsnprout.o [3]
__aeabi_assert          0x08002d45   0x24  Code  Gb  ABIassert.o [6]
__aeabi_cdcmple         0x08001805         Code  Gb  DblCmpLe.o [4]
__aeabi_cdrcmple        0x08001835         Code  Gb  DblCmpGe.o [4]
__aeabi_cfcmple         0x08004a51         Code  Gb  FltCmpLe.o [4]
__aeabi_cfrcmple        0x080046c9         Code  Gb  FltCmpGe.o [4]
__aeabi_d2f             0x08005fe5         Code  Gb  DblToFlt.o [4]
__aeabi_d2iz            0x080019a1         Code  Gb  DblToS32.o [4]
__aeabi_d2uiz           0x08001d2d         Code  Gb  DblToU32.o [4]
__aeabi_dadd            0x08001d79         Code  Gb  DblAdd.o [4]
__aeabi_ddiv            0x08001ae5         Code  Gb  DblDiv.o [4]
__aeabi_dmul            0x080015f1         Code  Gb  DblMul.o [4]
__aeabi_dsub            0x08001a01         Code  Gb  DblSub.o [4]
__aeabi_f2d             0x08006509         Code  Gb  FltToDbl.o [4]
__aeabi_f2iz            0x08002d19         Code  Gb  FltToS32.o [4]
__aeabi_fadd            0x0800496d         Code  Gb  FltAdd.o [4]
__aeabi_fdiv            0x08004ced         Code  Gb  FltDiv.o [4]
__aeabi_fmul            0x08004a75         Code  Gb  FltMul.o [4]
__aeabi_fsub            0x080048ed         Code  Gb  FltSub.o [4]
__aeabi_i2d             0x080019dd         Code  Gb  S32ToDbl.o [4]
__aeabi_i2f             0x0800481d         Code  Gb  S32ToFlt.o [4]
__aeabi_ldiv0           0x08001d75         Code  Gb  I64DivZer.o [5]
__aeabi_llsr            0x08006565         Code  Gb  U64Shr.o [5]
__aeabi_memclr          0x08004675         Code  Gb  ABImemclr.o [5]
__aeabi_memcpy          0x08001319         Code  Gb  ABImemcpy.o [5]
__aeabi_memcpy4         0x08001339         Code  Gb  ABImemcpy.o [5]
__aeabi_memcpy8         0x08001339         Code  Gb  ABImemcpy.o [5]
__aeabi_ui2d            0x08001d55         Code  Gb  U32ToDbl.o [4]
__aeabi_ui2f            0x080048d1         Code  Gb  U32ToFlt.o [4]
__aeabi_uldivmod        0x080013c1         Code  Gb  I64DivMod.o [5]
__cmain                 0x0800671d         Code  Gb  cmain.o [5]
__data_GetMemChunk      0x08004c61   0x2c  Code  Gb  xgetmemchunk.o [3]
__data_GetMemChunk::start
                        0x20000b10    0x4  Data  Lc  xgetmemchunk.o [3]
__exit                  0x08001ef1   0x14  Code  Gb  exit.o [6]
__iar_Fail_s            0x08001225   0x1c  Code  Gb  xfail_s.o [3]
__iar_Mbcurmax          0x0800130d    0xa  Code  Gb  xmbcurmax.o [3]
__iar_Memchr            0x080012b5         Code  Gb  memchr.o [5]
__iar_Memset_word       0x08004c8d         Code  Gb  ABImemset.o [5]
__iar_Sto64             0x080055b9  0x154  Code  Gb  strto64.o [4]
__iar_Stoflt            0x080058ad  0x1c8  Code  Gb  iar_Stoflt.o [3]
__iar_Stopfx            0x08005789  0x122  Code  Gb  iar_Stopfx.o [3]
__iar_Stoulx            0x08006161  0x112  Code  Gb  iar_Stoulx.o [3]
__iar_Stoxflt           0x08005a75  0x1e6  Code  Gb  iar_Stoxflt.o [3]
__iar_Stoxflt::digits   0x08005c60   0x18  Data  Lc  iar_Stoxflt.o [3]
__iar_Stoxflt::vals     0x08005c78   0x18  Data  Lc  iar_Stoxflt.o [3]
__iar_Strchr            0x080011f1         Code  Gb  strchr.o [5]
__iar_dadd              0x08001a11         Code  Gb  DblSub.o [4]
__iar_data_init3        0x080066d5   0x28  Code  Gb  data_init.o [5]
__iar_dsub              0x08001d89         Code  Gb  DblAdd.o [4]
__iar_dsubStart         0x08001d9b         Code  Gb  DblAdd.o [4]
__iar_fadd              0x080048f9         Code  Gb  FltSub.o [4]
__iar_frexp             0x080017a1         Code  Gb  frexp.o [4]
__iar_frexp64           0x08001795         Code  Gb  frexp.o [4]
__iar_frexpl            0x080017a1         Code  Gb  frexp.o [4]
__iar_fsub              0x08004979         Code  Gb  FltAdd.o [4]
__iar_fsubStart         0x08004989         Code  Gb  FltAdd.o [4]
__iar_globLocale        0x200004f4   0x48  Data  Lc  xlocale_c.o [3]
__iar_global_Locale     0x0800117d    0x4  Code  Gb  xlocale_c.o [3]
__iar_ldexp64           0x08001865         Code  Gb  ldexp.o [4]
__iar_lz77_init_single3
                        0x080010c7   0x7a  Code  Gb  lz77_init_single.o [5]
__iar_program_start     0x08006761         Code  Gb  cstartup_M.o [5]
__iar_scalbln64         0x08001865         Code  Gb  ldexp.o [4]
__iar_scalbn64          0x08001865         Code  Gb  ldexp.o [4]
__iar_systems$$module {Abs}
                        0x00000001         Data  Gb  command line/config [2]
__iar_zero_init3        0x08006695   0x40  Code  Gb  zero_init3.o [5]
__low_level_init        0x0800673b    0x4  Code  Gb  low_level_init.o [3]
__no_free_malloc        0x08004631   0x40  Code  Gb  no_free_heap0.o [3]
__vector_table          0x08000000         Data  Gb  startup_stm32f103xe.o [1]
_call_main              0x08006729         Code  Gb  cmain.o [5]
_exit                   0x08006745         Code  Gb  cexit.o [5]
_gLocale_mblen          0x080011dd    0x4  Code  Gb  xlocale_c.o [3]
_gLocale_mblenInt       0x080011a5   0x34  Code  Gb  xlocale_c.o [3]
_gLocale_wctomb         0x080011e1    0x4  Code  Gb  xlocale_c.o [3]
_gLocale_wctombInt      0x080011d9    0x4  Code  Gb  xlocale_c.o [3]
_main                   0x08006737         Code  Gb  cmain.o [5]
aRxBuffer               0x20000844    0x1  Data  Gb  usart.o [1]
abort                   0x08001d6f    0x6  Code  Gb  abort.o [3]
as5047p_read_pos        0x08004841   0x5c  Code  Gb  as5047p.o [1]
atof                    0x08005739    0x8  Code  Gb  strto64.o [4]
atoi                    0x08006279    0x2  Code  Gb  iar_Stoulx.o [3]
brush_control_flag      0x20000ae0    0x4  Data  Gb  utils.o [1]
brush_position_PID      0x2000002c   0x20  Data  Gb  brush_motor.o [1]
brush_speed_PID         0x2000000c   0x20  Data  Gb  brush_motor.o [1]
callback                0x08006585   0x32  Code  Gb  can_func.o [1]
canList                 0x20000540  0x190  Data  Gb  can.o [1]
can_RX_data             0x20000ad0    0x8  Data  Gb  can_func.o [1]
can_add_callback        0x080025bd   0x54  Code  Gb  can.o [1]
can_add_func            0x08002673   0x66  Code  Gb  can.o [1]
can_init                0x08002555   0x28  Code  Gb  can.o [1]
canlistnum              0x20000ad8    0x4  Data  Lc  can.o [1]
cmd_argv                0x20000a48   0x30  Data  Gb  cmd.o [1]
cmd_driver_info_func    0x08005cd9   0x82  Code  Gb  cmd_func.o [1]
cmd_exec                0x0800330b   0x3c  Code  Gb  cmd.o [1]
cmd_hello_func          0x08005cb9    0x6  Code  Gb  cmd_func.o [1]
cmd_help_func           0x08003355   0x3c  Code  Gb  cmd.o [1]
cmd_info_func           0x08005cc1   0x16  Code  Gb  cmd_func.o [1]
cmd_init                0x08003291   0x18  Code  Gb  cmd.o [1]
cmd_parse               0x080032a9   0x62  Code  Gb  cmd.o [1]
cmd_position_func       0x08005dd9   0x10  Code  Gb  cmd_func.o [1]
cmd_position_pid_func   0x08005df9   0x36  Code  Gb  cmd_func.o [1]
cmd_pwm_func            0x08005d69   0x22  Code  Gb  cmd_func.o [1]
cmd_read_flash_func     0x08005e53    0x4  Code  Gb  cmd_func.o [1]
cmd_read_pwm_func       0x08005e59   0x22  Code  Gb  cmd_func.o [1]
cmd_speed_func          0x08005d8b   0x10  Code  Gb  cmd_func.o [1]
cmd_speed_pid_func      0x08005d9b   0x38  Code  Gb  cmd_func.o [1]
cmd_stop_func           0x08005d5b    0xe  Code  Gb  cmd_func.o [1]
cmd_tbl                 0x20000050  0x444  Data  Lc  cmd.o [1]
cmd_write_flash_func    0x08005e37   0x1c  Code  Gb  cmd_func.o [1]
ddiv                    0x0800539b   0x7a  Code  Lc  strto64.o [4]
digits                  0x08006284   0x28  Data  Lc  iar_Stoulx.o [3]
dmul                    0x08005321   0x7a  Code  Lc  strto64.o [4]
exit                    0x0800673f    0x4  Code  Gb  exit.o [3]
flash_data              0x20000a78   0x24  Data  Gb  flash.o [1]
frexp                   0x08001795         Code  Gb  frexp.o [4]
frexpl                  0x08001795         Code  Gb  frexp.o [4]
hcan                    0x20000798   0x44  Data  Gb  can.o [1]
hspi2                   0x200008f0   0x58  Data  Gb  spi.o [1]
htim2                   0x20000948   0x40  Data  Gb  tim.o [1]
htim4                   0x20000988   0x40  Data  Gb  tim.o [1]
htim6                   0x200009c8   0x40  Data  Gb  tim.o [1]
htim7                   0x20000a08   0x40  Data  Gb  tim.o [1]
huart5                  0x20000848   0x40  Data  Gb  usart.o [1]
isalpha                 0x08005ca5   0x14  Code  Gb  isalpha.o [3]
isspace                 0x08005c91   0x14  Code  Gb  isspace.o [3]
ldexp                   0x08001865         Code  Gb  ldexp.o [4]
ldexpl                  0x08001865         Code  Gb  ldexp.o [4]
load_prams              0x080060b1   0x4e  Code  Gb  flash.o [1]
localeconv              0x080011e5    0x4  Code  Gb  xlocale_c.o [3]
main                    0x08002775   0xb6  Code  Gb  main.o [1]
memchr                  0x080012b5         Code  Gb  memchr.o [5]
motor_type_flag         0x20000b04    0x4  Data  Gb  utils.o [1]
move_flag               0x20000ae4    0x4  Data  Gb  utils.o [1]
ndigs                   0x080062ac   0x28  Data  Lc  iar_Stoulx.o [3]
pFlash                  0x20000aa0   0x20  Data  Gb  stm32f1xx_hal_flash.o [1]
position_last           0x20000af0    0x4  Data  Gb  utils.o [1]
position_now            0x20000aec    0x4  Data  Gb  utils.o [1]
pows                    0x08005740   0x48  Data  Lc  strto64.o [4]
qs                      0x20000b0c    0x4  Data  Lc  no_free_heap0.o [3]
s                       0x200004a4   0x18  Data  Gb  utils.o [1]
sFilterConfig           0x200007dc   0x28  Data  Gb  can.o [1]
scalbln                 0x08001865         Code  Gb  ldexp.o [4]
scalblnl                0x08001865         Code  Gb  ldexp.o [4]
scalbn                  0x08001865         Code  Gb  ldexp.o [4]
scalbnl                 0x08001865         Code  Gb  ldexp.o [4]
scale                   0x0800092f   0x46  Code  Lc  xprintffull.o [3]
sec_hand                0x20000b08    0x4  Data  Lc  xfail_s.o [3]
sendBuffer              0x2000053c    0x2  Data  Gb  as5047p.o [1]
send_wave               0x08003aa5   0x52  Code  Gb  utils.o [1]
send_wave_flag          0x20000b00    0x4  Data  Gb  utils.o [1]
speed_now               0x20000ae8    0x4  Data  Gb  utils.o [1]
strchr                  0x080011f1         Code  Gb  strchr.o [5]
strcmp                  0x0800467d         Code  Gb  strcmp.o [5]
strlen                  0x08001265         Code  Gb  strlen.o [5]
target_position         0x20000afc    0x4  Data  Gb  utils.o [1]
target_pwm              0x20000af4    0x4  Data  Gb  utils.o [1]
target_speed            0x20000af8    0x4  Data  Gb  utils.o [1]
tolower                 0x08006551   0x14  Code  Gb  tolower.o [3]
uart_buffer             0x20000888   0x68  Data  Gb  usart.o [1]
uprintf                 0x08002b93   0x2a  Code  Gb  usart.o [1]
usart_exc               0x08002c1d   0x70  Code  Gb  usart.o [1]
usart_init              0x08002c0d    0x2  Code  Gb  usart.o [1]
uwTick                  0x20000498    0x4  Data  Gb  stm32f1xx_hal.o [1]
uwTickFreq              0x20000494    0x1  Data  Gb  stm32f1xx_hal.o [1]
uwTickPrio              0x2000049c    0x4  Data  Gb  stm32f1xx_hal.o [1]
vsnprintf               0x08004001   0x3c  Code  Gb  vsnprint.o [3]
wave_arg                0x20000ac0   0x10  Data  Gb  utils.o [1]
write_prams             0x0800604d   0x62  Code  Gb  flash.o [1]


[1] = E:\folder\机器人队\Cube\Driver\EWARM\Driver\Obj
[2] = command line
[3] = dl7M_tlf.a
[4] = m7M_tl.a
[5] = rt7M_tl.a
[6] = shb_l.a

  26 664 bytes of readonly  code memory
     458 bytes of readonly  data memory
   4 370 bytes of readwrite data memory

Errors: none
Warnings: none
